Resolved_Person/attributeContext/Resolved_Person/contactAt
Resolved_Person/attributeContext/Resolved_Person/contactAt/projection
Resolved_Person/attributeContext/Resolved_Person/contactAt/projection/source
Resolved_Person/attributeContext/Resolved_Person/contactAt/projection/source/ContactKinds
Resolved_Person/attributeContext/Resolved_Person/contactAt/_generatedAttributeSet
Resolved_Person/attributeContext/Resolved_Person/contactAt/_generatedAttributeSet/operation/index1/operationReplaceAsForeignKey
Resolved_Person/attributeContext/Resolved_Person/contactAt/_generatedAttributeSet/operation/index1/operationReplaceAsForeignKey/_foreignKey
output:/Resolved_Person.cdm.json/Resolved_Person/attributeContext/Resolved_Person/contactAt/_generatedAttributeSet/operation/index1/operationReplaceAsForeignKey/_foreignKey/Resolved_Person/hasAttributes/PolyFK_isPrimary/(ref)
Resolved_Person/attributeContext/Resolved_Person/contactAt/_generatedAttributeSet/operation/index2/operationReplaceAsForeignKey
Resolved_Person/attributeContext/Resolved_Person/contactAt/_generatedAttributeSet/operation/index2/operationReplaceAsForeignKey/_foreignKey
output:/Resolved_Person.cdm.json/Resolved_Person/attributeContext/Resolved_Person/contactAt/_generatedAttributeSet/operation/index2/operationReplaceAsForeignKey/_foreignKey/Resolved_Person/hasAttributes/PolyFK_userId/(ref)
output:/Resolved_Person.cdm.json/Resolved_Person/hasAttributes/PolyFK_isPrimary
is.dataFormat.character
is.dataFormat.big
is.dataFormat.array
is.dataFormat.guid
means.identity.entityId
is.linkedEntity.identifier
  [Parameter (Name / DefaultValue): entityReferences / ]
  [Argument Value: local:/Email.cdm.json/Email,isPrimary,contactAt_Email]
  [Argument Value: local:/Phone.cdm.json/Phone,isPrimary,contactAt_Phone]
  [Argument Value: local:/Social.cdm.json/Social,isPrimary,contactAt_Social]
means.forward
  [Parameter (Name / DefaultValue): test / ]
  [Argument Value: Description for the forward direction in the relationship.]
means.backward
  [Parameter (Name / DefaultValue): test / ]
  [Argument Value: Description for the backward direction in the relationship.]
is.dataFormat.guid
is.dataFormat.character
is.dataFormat.array
output:/Resolved_Person.cdm.json/Resolved_Person/hasAttributes/PolyFK_userId
is.dataFormat.character
is.dataFormat.big
is.dataFormat.array
is.dataFormat.guid
means.identity.entityId
is.linkedEntity.identifier
  [Parameter (Name / DefaultValue): entityReferences / ]
  [Argument Value: local:/Email.cdm.json/Email,userId,contactAt_Email]
  [Argument Value: local:/Phone.cdm.json/Phone,userId,contactAt_Phone]
  [Argument Value: local:/Social.cdm.json/Social,userId,contactAt_Social]
means.forward
  [Parameter (Name / DefaultValue): test / ]
  [Argument Value: Description for the forward direction in the relationship.]
means.backward
  [Parameter (Name / DefaultValue): test / ]
  [Argument Value: Description for the backward direction in the relationship.]
is.dataFormat.guid
is.dataFormat.character
is.dataFormat.array
