{
  "defaultNamespace" : "local",
  "adapters" : [
    {
      "type" : "local",
      "config" : {
        "root" : "src\\test\\java\\com\\microsoft\\commondatamodel\\objectmodel\\testdata\\samples\\TestCreateManifest\\ActualOutput",
        "locationHint" : ""
      },
      "namespace" : "local"
    },
    {
      "type" : "local",
      "config" : {
        "root" : "../../../samples/example-public-standards",
        "locationHint" : ""
      },
      "namespace" : "cdm"
    }
  ]
}