Incoming Relationships For: Person:
  Name: something_Address
  FromEntity: local:/Person.cdm.json/Person
  FromEntityAttribute: name
  ToEntity: local:/Address.cdm.json/Address
  ToEntityAttribute: name
  ExhibitsTraits:
      means.backward
            [Argument Value: Description for the backward direction in the relationship.]

      means.forward
            [Argument Value: Description for the forward direction in the relationship.]



  Name: something_Phone
  FromEntity: local:/Person.cdm.json/Person
  FromEntityAttribute: number
  ToEntity: local:/Phone.cdm.json/Phone
  ToEntityAttribute: number
  ExhibitsTraits:
      means.backward
            [Argument Value: Description for the backward direction in the relationship.]

      means.forward
            [Argument Value: Description for the forward direction in the relationship.]



