Resolved_PersonPolymorphicSource/attributeContext/Resolved_PersonPolymorphicSource/personId
output:/Resolved_PersonPolymorphicSource.cdm.json/Resolved_PersonPolymorphicSource/attributeContext/Resolved_PersonPolymorphicSource/personId/Resolved_PersonPolymorphicSource/hasAttributes/personId/(ref)
Resolved_PersonPolymorphicSource/attributeContext/Resolved_PersonPolymorphicSource/personName
output:/Resolved_PersonPolymorphicSource.cdm.json/Resolved_PersonPolymorphicSource/attributeContext/Resolved_PersonPolymorphicSource/personName/Resolved_PersonPolymorphicSource/hasAttributes/personName/(ref)
Resolved_PersonPolymorphicSource/attributeContext/Resolved_PersonPolymorphicSource/contactAt
Resolved_PersonPolymorphicSource/attributeContext/Resolved_PersonPolymorphicSource/contactAt/ContactKinds
Resolved_PersonPolymorphicSource/attributeContext/Resolved_PersonPolymorphicSource/contactAt/ContactKinds/emailKind
Resolved_PersonPolymorphicSource/attributeContext/Resolved_PersonPolymorphicSource/contactAt/ContactKinds/emailKind/Email
Resolved_PersonPolymorphicSource/attributeContext/Resolved_PersonPolymorphicSource/contactAt/ContactKinds/emailKind/Email/emailId
Resolved_PersonPolymorphicSource/attributeContext/Resolved_PersonPolymorphicSource/contactAt/ContactKinds/emailKind/Email/address
Resolved_PersonPolymorphicSource/attributeContext/Resolved_PersonPolymorphicSource/contactAt/ContactKinds/emailKind/Email/isPrimary
Resolved_PersonPolymorphicSource/attributeContext/Resolved_PersonPolymorphicSource/contactAt/ContactKinds/emailKind/Email/userId
Resolved_PersonPolymorphicSource/attributeContext/Resolved_PersonPolymorphicSource/contactAt/ContactKinds/emailKind/_generatedAttributeSet_template
Resolved_PersonPolymorphicSource/attributeContext/Resolved_PersonPolymorphicSource/contactAt/ContactKinds/emailKind/_generatedAttributeSet_template/_generatedAttributeRound0
Resolved_PersonPolymorphicSource/attributeContext/Resolved_PersonPolymorphicSource/contactAt/ContactKinds/emailKind/_generatedAttributeSet_template/_generatedAttributeRound0/emailId
Resolved_PersonPolymorphicSource/attributeContext/Resolved_PersonPolymorphicSource/contactAt/ContactKinds/emailKind/_generatedAttributeSet_template/_generatedAttributeRound0/address
Resolved_PersonPolymorphicSource/attributeContext/Resolved_PersonPolymorphicSource/contactAt/ContactKinds/emailKind/_generatedAttributeSet_template/_generatedAttributeRound0/isPrimary
Resolved_PersonPolymorphicSource/attributeContext/Resolved_PersonPolymorphicSource/contactAt/ContactKinds/emailKind/_generatedAttributeSet_template/_generatedAttributeRound0/userId
Resolved_PersonPolymorphicSource/attributeContext/Resolved_PersonPolymorphicSource/contactAt/ContactKinds/phoneKind
Resolved_PersonPolymorphicSource/attributeContext/Resolved_PersonPolymorphicSource/contactAt/ContactKinds/phoneKind/Phone
Resolved_PersonPolymorphicSource/attributeContext/Resolved_PersonPolymorphicSource/contactAt/ContactKinds/phoneKind/Phone/phoneId
Resolved_PersonPolymorphicSource/attributeContext/Resolved_PersonPolymorphicSource/contactAt/ContactKinds/phoneKind/Phone/number
Resolved_PersonPolymorphicSource/attributeContext/Resolved_PersonPolymorphicSource/contactAt/ContactKinds/phoneKind/Phone/isPrimary
Resolved_PersonPolymorphicSource/attributeContext/Resolved_PersonPolymorphicSource/contactAt/ContactKinds/phoneKind/Phone/userId
Resolved_PersonPolymorphicSource/attributeContext/Resolved_PersonPolymorphicSource/contactAt/ContactKinds/phoneKind/_generatedAttributeSet_template
Resolved_PersonPolymorphicSource/attributeContext/Resolved_PersonPolymorphicSource/contactAt/ContactKinds/phoneKind/_generatedAttributeSet_template/_generatedAttributeRound0
Resolved_PersonPolymorphicSource/attributeContext/Resolved_PersonPolymorphicSource/contactAt/ContactKinds/phoneKind/_generatedAttributeSet_template/_generatedAttributeRound0/phoneId
Resolved_PersonPolymorphicSource/attributeContext/Resolved_PersonPolymorphicSource/contactAt/ContactKinds/phoneKind/_generatedAttributeSet_template/_generatedAttributeRound0/number
Resolved_PersonPolymorphicSource/attributeContext/Resolved_PersonPolymorphicSource/contactAt/ContactKinds/phoneKind/_generatedAttributeSet_template/_generatedAttributeRound0/isPrimary
Resolved_PersonPolymorphicSource/attributeContext/Resolved_PersonPolymorphicSource/contactAt/ContactKinds/phoneKind/_generatedAttributeSet_template/_generatedAttributeRound0/userId
Resolved_PersonPolymorphicSource/attributeContext/Resolved_PersonPolymorphicSource/contactAt/ContactKinds/socialKind
Resolved_PersonPolymorphicSource/attributeContext/Resolved_PersonPolymorphicSource/contactAt/ContactKinds/socialKind/Social
Resolved_PersonPolymorphicSource/attributeContext/Resolved_PersonPolymorphicSource/contactAt/ContactKinds/socialKind/Social/socialId
Resolved_PersonPolymorphicSource/attributeContext/Resolved_PersonPolymorphicSource/contactAt/ContactKinds/socialKind/Social/account
Resolved_PersonPolymorphicSource/attributeContext/Resolved_PersonPolymorphicSource/contactAt/ContactKinds/socialKind/Social/isPrimary
Resolved_PersonPolymorphicSource/attributeContext/Resolved_PersonPolymorphicSource/contactAt/ContactKinds/socialKind/Social/userId
Resolved_PersonPolymorphicSource/attributeContext/Resolved_PersonPolymorphicSource/contactAt/ContactKinds/socialKind/_generatedAttributeSet_template
Resolved_PersonPolymorphicSource/attributeContext/Resolved_PersonPolymorphicSource/contactAt/ContactKinds/socialKind/_generatedAttributeSet_template/_generatedAttributeRound0
Resolved_PersonPolymorphicSource/attributeContext/Resolved_PersonPolymorphicSource/contactAt/ContactKinds/socialKind/_generatedAttributeSet_template/_generatedAttributeRound0/socialId
Resolved_PersonPolymorphicSource/attributeContext/Resolved_PersonPolymorphicSource/contactAt/ContactKinds/socialKind/_generatedAttributeSet_template/_generatedAttributeRound0/account
Resolved_PersonPolymorphicSource/attributeContext/Resolved_PersonPolymorphicSource/contactAt/ContactKinds/socialKind/_generatedAttributeSet_template/_generatedAttributeRound0/isPrimary
Resolved_PersonPolymorphicSource/attributeContext/Resolved_PersonPolymorphicSource/contactAt/ContactKinds/socialKind/_generatedAttributeSet_template/_generatedAttributeRound0/userId
Resolved_PersonPolymorphicSource/attributeContext/Resolved_PersonPolymorphicSource/contactAt/_generatedAttributeSet_template
Resolved_PersonPolymorphicSource/attributeContext/Resolved_PersonPolymorphicSource/contactAt/_generatedAttributeSet_template/_generatedAttributeRound0
Resolved_PersonPolymorphicSource/attributeContext/Resolved_PersonPolymorphicSource/contactAt/_generatedAttributeSet_template/_generatedAttributeRound0/emailId
output:/Resolved_PersonPolymorphicSource.cdm.json/Resolved_PersonPolymorphicSource/attributeContext/Resolved_PersonPolymorphicSource/contactAt/_generatedAttributeSet_template/_generatedAttributeRound0/emailId/Resolved_PersonPolymorphicSource/hasAttributes/emailId/(ref)
Resolved_PersonPolymorphicSource/attributeContext/Resolved_PersonPolymorphicSource/contactAt/_generatedAttributeSet_template/_generatedAttributeRound0/address
output:/Resolved_PersonPolymorphicSource.cdm.json/Resolved_PersonPolymorphicSource/attributeContext/Resolved_PersonPolymorphicSource/contactAt/_generatedAttributeSet_template/_generatedAttributeRound0/address/Resolved_PersonPolymorphicSource/hasAttributes/address/(ref)
Resolved_PersonPolymorphicSource/attributeContext/Resolved_PersonPolymorphicSource/contactAt/_generatedAttributeSet_template/_generatedAttributeRound0/isPrimary
output:/Resolved_PersonPolymorphicSource.cdm.json/Resolved_PersonPolymorphicSource/attributeContext/Resolved_PersonPolymorphicSource/contactAt/_generatedAttributeSet_template/_generatedAttributeRound0/isPrimary/Resolved_PersonPolymorphicSource/hasAttributes/isPrimary/(ref)
Resolved_PersonPolymorphicSource/attributeContext/Resolved_PersonPolymorphicSource/contactAt/_generatedAttributeSet_template/_generatedAttributeRound0/userId
output:/Resolved_PersonPolymorphicSource.cdm.json/Resolved_PersonPolymorphicSource/attributeContext/Resolved_PersonPolymorphicSource/contactAt/_generatedAttributeSet_template/_generatedAttributeRound0/userId/Resolved_PersonPolymorphicSource/hasAttributes/userId/(ref)
Resolved_PersonPolymorphicSource/attributeContext/Resolved_PersonPolymorphicSource/contactAt/_generatedAttributeSet_template/_generatedAttributeRound0/phoneId
output:/Resolved_PersonPolymorphicSource.cdm.json/Resolved_PersonPolymorphicSource/attributeContext/Resolved_PersonPolymorphicSource/contactAt/_generatedAttributeSet_template/_generatedAttributeRound0/phoneId/Resolved_PersonPolymorphicSource/hasAttributes/phoneId/(ref)
Resolved_PersonPolymorphicSource/attributeContext/Resolved_PersonPolymorphicSource/contactAt/_generatedAttributeSet_template/_generatedAttributeRound0/number
output:/Resolved_PersonPolymorphicSource.cdm.json/Resolved_PersonPolymorphicSource/attributeContext/Resolved_PersonPolymorphicSource/contactAt/_generatedAttributeSet_template/_generatedAttributeRound0/number/Resolved_PersonPolymorphicSource/hasAttributes/number/(ref)
Resolved_PersonPolymorphicSource/attributeContext/Resolved_PersonPolymorphicSource/contactAt/_generatedAttributeSet_template/_generatedAttributeRound0/socialId
output:/Resolved_PersonPolymorphicSource.cdm.json/Resolved_PersonPolymorphicSource/attributeContext/Resolved_PersonPolymorphicSource/contactAt/_generatedAttributeSet_template/_generatedAttributeRound0/socialId/Resolved_PersonPolymorphicSource/hasAttributes/socialId/(ref)
Resolved_PersonPolymorphicSource/attributeContext/Resolved_PersonPolymorphicSource/contactAt/_generatedAttributeSet_template/_generatedAttributeRound0/account
output:/Resolved_PersonPolymorphicSource.cdm.json/Resolved_PersonPolymorphicSource/attributeContext/Resolved_PersonPolymorphicSource/contactAt/_generatedAttributeSet_template/_generatedAttributeRound0/account/Resolved_PersonPolymorphicSource/hasAttributes/account/(ref)
output:/Resolved_PersonPolymorphicSource.cdm.json/Resolved_PersonPolymorphicSource/hasAttributes/personId
is.dataFormat.integer
is.identifiedBy
  [Parameter (Name / DefaultValue): attribute / this.attribute]
  [Argument Value: Resolved_PersonPolymorphicSource/(resolvedAttributes)/personId]
is.dataFormat.integer
output:/Resolved_PersonPolymorphicSource.cdm.json/Resolved_PersonPolymorphicSource/hasAttributes/personName
is.dataFormat.character
is.dataFormat.big
is.dataFormat.array
is.dataFormat.character
is.dataFormat.array
output:/Resolved_PersonPolymorphicSource.cdm.json/Resolved_PersonPolymorphicSource/hasAttributes/emailId
is.dataFormat.integer
is.identifiedBy
  [Parameter (Name / DefaultValue): attribute / this.attribute]
  [Argument Value: Resolved_PersonPolymorphicSource/(resolvedAttributes)/emailId]
is.dataFormat.integer
output:/Resolved_PersonPolymorphicSource.cdm.json/Resolved_PersonPolymorphicSource/hasAttributes/address
is.dataFormat.character
is.dataFormat.big
is.dataFormat.array
is.dataFormat.character
is.dataFormat.array
output:/Resolved_PersonPolymorphicSource.cdm.json/Resolved_PersonPolymorphicSource/hasAttributes/isPrimary
is.dataFormat.boolean
is.dataFormat.boolean
output:/Resolved_PersonPolymorphicSource.cdm.json/Resolved_PersonPolymorphicSource/hasAttributes/userId
is.dataFormat.character
is.dataFormat.big
is.dataFormat.array
is.dataFormat.character
is.dataFormat.array
output:/Resolved_PersonPolymorphicSource.cdm.json/Resolved_PersonPolymorphicSource/hasAttributes/phoneId
is.dataFormat.integer
is.identifiedBy
  [Parameter (Name / DefaultValue): attribute / this.attribute]
  [Argument Value: Resolved_PersonPolymorphicSource/(resolvedAttributes)/phoneId]
is.dataFormat.integer
output:/Resolved_PersonPolymorphicSource.cdm.json/Resolved_PersonPolymorphicSource/hasAttributes/number
is.dataFormat.character
is.dataFormat.big
is.dataFormat.array
is.dataFormat.character
is.dataFormat.array
output:/Resolved_PersonPolymorphicSource.cdm.json/Resolved_PersonPolymorphicSource/hasAttributes/socialId
is.dataFormat.integer
is.identifiedBy
  [Parameter (Name / DefaultValue): attribute / this.attribute]
  [Argument Value: Resolved_PersonPolymorphicSource/(resolvedAttributes)/socialId]
is.dataFormat.integer
output:/Resolved_PersonPolymorphicSource.cdm.json/Resolved_PersonPolymorphicSource/hasAttributes/account
is.dataFormat.character
is.dataFormat.big
is.dataFormat.array
is.dataFormat.character
is.dataFormat.array
