{
  "jsonSchemaSemanticVersion": "1.4.0",
  "imports": [
    {
      "corpusPath": "Person.cdm.json",
      "moniker": "resolvedFrom"
    }
  ],
  "definitions": [
    {
      "entityName": "array_expansion_Person",
      "exhibitsTraits": [
        {
          "traitReference": "has.entitySchemaAbstractionLevel",
          "arguments": [
            {
              "name": "level",
              "value": "resolved"
            }
          ]
        }
      ],
      "attributeContext": {
        "type": "entity",
        "name": "array_expansion_Person",
        "definition": "resolvedFrom/Person",
        "contents": [
          {
            "type": "attributeDefinition",
            "name": "name",
            "parent": "array_expansion_Person/attributeContext/array_expansion_Person",
            "definition": "resolvedFrom/Person/hasAttributes/name",
            "contents": [
              "array_expansion_Person/hasAttributes/name"
            ]
          },
          {
            "type": "attributeDefinition",
            "name": "age",
            "parent": "array_expansion_Person/attributeContext/array_expansion_Person",
            "definition": "resolvedFrom/Person/hasAttributes/age",
            "contents": [
              "array_expansion_Person/hasAttributes/age"
            ]
          },
          {
            "type": "attributeDefinition",
            "name": "address",
            "parent": "array_expansion_Person/attributeContext/array_expansion_Person",
            "definition": "resolvedFrom/Person/hasAttributes/address",
            "contents": [
              {
                "type": "projection",
                "name": "projection",
                "parent": "array_expansion_Person/attributeContext/array_expansion_Person/address",
                "definition": "resolvedFrom/Person/hasAttributes/address/entity/projection",
                "contents": [
                  {
                    "type": "source",
                    "name": "source",
                    "parent": "array_expansion_Person/attributeContext/array_expansion_Person/address/projection",
                    "contents": [
                      {
                        "type": "projection",
                        "name": "projection",
                        "parent": "array_expansion_Person/attributeContext/array_expansion_Person/address/projection/source",
                        "definition": "resolvedFrom/Person/hasAttributes/address/entity/projection",
                        "contents": [
                          {
                            "type": "source",
                            "name": "source",
                            "parent": "array_expansion_Person/attributeContext/array_expansion_Person/address/projection/source/projection",
                            "contents": [
                              {
                                "type": "entity",
                                "name": "Address",
                                "parent": "array_expansion_Person/attributeContext/array_expansion_Person/address/projection/source/projection/source",
                                "definition": "resolvedFrom/Address"
                              }
                            ]
                          }
                        ]
                      },
                      {
                        "type": "generatedSet",
                        "name": "_generatedAttributeSet",
                        "parent": "array_expansion_Person/attributeContext/array_expansion_Person/address/projection/source",
                        "contents": [
                          {
                            "type": "operationArrayExpansion",
                            "name": "operation/index1/operationArrayExpansion",
                            "parent": "array_expansion_Person/attributeContext/array_expansion_Person/address/projection/source/_generatedAttributeSet",
                            "contents": [
                              {
                                "type": "generatedRound",
                                "name": "_generatedAttributeRound0",
                                "parent": "array_expansion_Person/attributeContext/array_expansion_Person/address/projection/source/_generatedAttributeSet/operation/index1/operationArrayExpansion",
                                "contents": [
                                  {
                                    "type": "attributeDefinition",
                                    "name": "addressLine@1",
                                    "parent": "array_expansion_Person/attributeContext/array_expansion_Person/address/projection/source/_generatedAttributeSet/operation/index1/operationArrayExpansion/_generatedAttributeRound0"
                                  },
                                  {
                                    "type": "attributeDefinition",
                                    "name": "postalCode@1",
                                    "parent": "array_expansion_Person/attributeContext/array_expansion_Person/address/projection/source/_generatedAttributeSet/operation/index1/operationArrayExpansion/_generatedAttributeRound0"
                                  },
                                  {
                                    "type": "attributeDefinition",
                                    "name": "city@1",
                                    "parent": "array_expansion_Person/attributeContext/array_expansion_Person/address/projection/source/_generatedAttributeSet/operation/index1/operationArrayExpansion/_generatedAttributeRound0"
                                  },
                                  {
                                    "type": "attributeDefinition",
                                    "name": "country@1",
                                    "parent": "array_expansion_Person/attributeContext/array_expansion_Person/address/projection/source/_generatedAttributeSet/operation/index1/operationArrayExpansion/_generatedAttributeRound0"
                                  }
                                ]
                              },
                              {
                                "type": "generatedRound",
                                "name": "_generatedAttributeRound1",
                                "parent": "array_expansion_Person/attributeContext/array_expansion_Person/address/projection/source/_generatedAttributeSet/operation/index1/operationArrayExpansion",
                                "contents": [
                                  {
                                    "type": "attributeDefinition",
                                    "name": "addressLine@2",
                                    "parent": "array_expansion_Person/attributeContext/array_expansion_Person/address/projection/source/_generatedAttributeSet/operation/index1/operationArrayExpansion/_generatedAttributeRound1"
                                  },
                                  {
                                    "type": "attributeDefinition",
                                    "name": "postalCode@2",
                                    "parent": "array_expansion_Person/attributeContext/array_expansion_Person/address/projection/source/_generatedAttributeSet/operation/index1/operationArrayExpansion/_generatedAttributeRound1"
                                  },
                                  {
                                    "type": "attributeDefinition",
                                    "name": "city@2",
                                    "parent": "array_expansion_Person/attributeContext/array_expansion_Person/address/projection/source/_generatedAttributeSet/operation/index1/operationArrayExpansion/_generatedAttributeRound1"
                                  },
                                  {
                                    "type": "attributeDefinition",
                                    "name": "country@2",
                                    "parent": "array_expansion_Person/attributeContext/array_expansion_Person/address/projection/source/_generatedAttributeSet/operation/index1/operationArrayExpansion/_generatedAttributeRound1"
                                  }
                                ]
                              },
                              {
                                "type": "generatedRound",
                                "name": "_generatedAttributeRound2",
                                "parent": "array_expansion_Person/attributeContext/array_expansion_Person/address/projection/source/_generatedAttributeSet/operation/index1/operationArrayExpansion",
                                "contents": [
                                  {
                                    "type": "attributeDefinition",
                                    "name": "addressLine@3",
                                    "parent": "array_expansion_Person/attributeContext/array_expansion_Person/address/projection/source/_generatedAttributeSet/operation/index1/operationArrayExpansion/_generatedAttributeRound2"
                                  },
                                  {
                                    "type": "attributeDefinition",
                                    "name": "postalCode@3",
                                    "parent": "array_expansion_Person/attributeContext/array_expansion_Person/address/projection/source/_generatedAttributeSet/operation/index1/operationArrayExpansion/_generatedAttributeRound2"
                                  },
                                  {
                                    "type": "attributeDefinition",
                                    "name": "city@3",
                                    "parent": "array_expansion_Person/attributeContext/array_expansion_Person/address/projection/source/_generatedAttributeSet/operation/index1/operationArrayExpansion/_generatedAttributeRound2"
                                  },
                                  {
                                    "type": "attributeDefinition",
                                    "name": "country@3",
                                    "parent": "array_expansion_Person/attributeContext/array_expansion_Person/address/projection/source/_generatedAttributeSet/operation/index1/operationArrayExpansion/_generatedAttributeRound2"
                                  }
                                ]
                              }
                            ]
                          },
                          {
                            "type": "operationRenameAttributes",
                            "name": "operation/index2/operationRenameAttributes",
                            "parent": "array_expansion_Person/attributeContext/array_expansion_Person/address/projection/source/_generatedAttributeSet",
                            "contents": [
                              {
                                "type": "attributeDefinition",
                                "name": "addressLine@1",
                                "parent": "array_expansion_Person/attributeContext/array_expansion_Person/address/projection/source/_generatedAttributeSet/operation/index2/operationRenameAttributes",
                                "contents": [
                                  {
                                    "type": "attributeDefinition",
                                    "name": "addressLineAddress1",
                                    "parent": "array_expansion_Person/attributeContext/array_expansion_Person/address/projection/source/_generatedAttributeSet/operation/index2/operationRenameAttributes/addressLine@1",
                                    "contents": [
                                      "array_expansion_Person/hasAttributes/addressLineAddress1"
                                    ],
                                    "lineage": [
                                      "array_expansion_Person/attributeContext/array_expansion_Person/address/projection/source/_generatedAttributeSet/operation/index1/operationArrayExpansion/_generatedAttributeRound0/addressLine@1"
                                    ]
                                  }
                                ]
                              },
                              {
                                "type": "attributeDefinition",
                                "name": "postalCode@1",
                                "parent": "array_expansion_Person/attributeContext/array_expansion_Person/address/projection/source/_generatedAttributeSet/operation/index2/operationRenameAttributes",
                                "contents": [
                                  {
                                    "type": "attributeDefinition",
                                    "name": "postalCodeAddress1",
                                    "parent": "array_expansion_Person/attributeContext/array_expansion_Person/address/projection/source/_generatedAttributeSet/operation/index2/operationRenameAttributes/postalCode@1",
                                    "contents": [
                                      "array_expansion_Person/hasAttributes/postalCodeAddress1"
                                    ],
                                    "lineage": [
                                      "array_expansion_Person/attributeContext/array_expansion_Person/address/projection/source/_generatedAttributeSet/operation/index1/operationArrayExpansion/_generatedAttributeRound0/postalCode@1"
                                    ]
                                  }
                                ]
                              },
                              {
                                "type": "attributeDefinition",
                                "name": "city@1",
                                "parent": "array_expansion_Person/attributeContext/array_expansion_Person/address/projection/source/_generatedAttributeSet/operation/index2/operationRenameAttributes",
                                "contents": [
                                  {
                                    "type": "attributeDefinition",
                                    "name": "cityAddress1",
                                    "parent": "array_expansion_Person/attributeContext/array_expansion_Person/address/projection/source/_generatedAttributeSet/operation/index2/operationRenameAttributes/city@1",
                                    "contents": [
                                      "array_expansion_Person/hasAttributes/cityAddress1"
                                    ],
                                    "lineage": [
                                      "array_expansion_Person/attributeContext/array_expansion_Person/address/projection/source/_generatedAttributeSet/operation/index1/operationArrayExpansion/_generatedAttributeRound0/city@1"
                                    ]
                                  }
                                ]
                              },
                              {
                                "type": "attributeDefinition",
                                "name": "country@1",
                                "parent": "array_expansion_Person/attributeContext/array_expansion_Person/address/projection/source/_generatedAttributeSet/operation/index2/operationRenameAttributes",
                                "contents": [
                                  {
                                    "type": "attributeDefinition",
                                    "name": "countryAddress1",
                                    "parent": "array_expansion_Person/attributeContext/array_expansion_Person/address/projection/source/_generatedAttributeSet/operation/index2/operationRenameAttributes/country@1",
                                    "contents": [
                                      "array_expansion_Person/hasAttributes/countryAddress1"
                                    ],
                                    "lineage": [
                                      "array_expansion_Person/attributeContext/array_expansion_Person/address/projection/source/_generatedAttributeSet/operation/index1/operationArrayExpansion/_generatedAttributeRound0/country@1"
                                    ]
                                  }
                                ]
                              },
                              {
                                "type": "attributeDefinition",
                                "name": "addressLine@2",
                                "parent": "array_expansion_Person/attributeContext/array_expansion_Person/address/projection/source/_generatedAttributeSet/operation/index2/operationRenameAttributes",
                                "contents": [
                                  {
                                    "type": "attributeDefinition",
                                    "name": "addressLineAddress2",
                                    "parent": "array_expansion_Person/attributeContext/array_expansion_Person/address/projection/source/_generatedAttributeSet/operation/index2/operationRenameAttributes/addressLine@2",
                                    "contents": [
                                      "array_expansion_Person/hasAttributes/addressLineAddress2"
                                    ],
                                    "lineage": [
                                      "array_expansion_Person/attributeContext/array_expansion_Person/address/projection/source/_generatedAttributeSet/operation/index1/operationArrayExpansion/_generatedAttributeRound1/addressLine@2"
                                    ]
                                  }
                                ]
                              },
                              {
                                "type": "attributeDefinition",
                                "name": "postalCode@2",
                                "parent": "array_expansion_Person/attributeContext/array_expansion_Person/address/projection/source/_generatedAttributeSet/operation/index2/operationRenameAttributes",
                                "contents": [
                                  {
                                    "type": "attributeDefinition",
                                    "name": "postalCodeAddress2",
                                    "parent": "array_expansion_Person/attributeContext/array_expansion_Person/address/projection/source/_generatedAttributeSet/operation/index2/operationRenameAttributes/postalCode@2",
                                    "contents": [
                                      "array_expansion_Person/hasAttributes/postalCodeAddress2"
                                    ],
                                    "lineage": [
                                      "array_expansion_Person/attributeContext/array_expansion_Person/address/projection/source/_generatedAttributeSet/operation/index1/operationArrayExpansion/_generatedAttributeRound1/postalCode@2"
                                    ]
                                  }
                                ]
                              },
                              {
                                "type": "attributeDefinition",
                                "name": "city@2",
                                "parent": "array_expansion_Person/attributeContext/array_expansion_Person/address/projection/source/_generatedAttributeSet/operation/index2/operationRenameAttributes",
                                "contents": [
                                  {
                                    "type": "attributeDefinition",
                                    "name": "cityAddress2",
                                    "parent": "array_expansion_Person/attributeContext/array_expansion_Person/address/projection/source/_generatedAttributeSet/operation/index2/operationRenameAttributes/city@2",
                                    "contents": [
                                      "array_expansion_Person/hasAttributes/cityAddress2"
                                    ],
                                    "lineage": [
                                      "array_expansion_Person/attributeContext/array_expansion_Person/address/projection/source/_generatedAttributeSet/operation/index1/operationArrayExpansion/_generatedAttributeRound1/city@2"
                                    ]
                                  }
                                ]
                              },
                              {
                                "type": "attributeDefinition",
                                "name": "country@2",
                                "parent": "array_expansion_Person/attributeContext/array_expansion_Person/address/projection/source/_generatedAttributeSet/operation/index2/operationRenameAttributes",
                                "contents": [
                                  {
                                    "type": "attributeDefinition",
                                    "name": "countryAddress2",
                                    "parent": "array_expansion_Person/attributeContext/array_expansion_Person/address/projection/source/_generatedAttributeSet/operation/index2/operationRenameAttributes/country@2",
                                    "contents": [
                                      "array_expansion_Person/hasAttributes/countryAddress2"
                                    ],
                                    "lineage": [
                                      "array_expansion_Person/attributeContext/array_expansion_Person/address/projection/source/_generatedAttributeSet/operation/index1/operationArrayExpansion/_generatedAttributeRound1/country@2"
                                    ]
                                  }
                                ]
                              },
                              {
                                "type": "attributeDefinition",
                                "name": "addressLine@3",
                                "parent": "array_expansion_Person/attributeContext/array_expansion_Person/address/projection/source/_generatedAttributeSet/operation/index2/operationRenameAttributes",
                                "contents": [
                                  {
                                    "type": "attributeDefinition",
                                    "name": "addressLineAddress3",
                                    "parent": "array_expansion_Person/attributeContext/array_expansion_Person/address/projection/source/_generatedAttributeSet/operation/index2/operationRenameAttributes/addressLine@3",
                                    "contents": [
                                      "array_expansion_Person/hasAttributes/addressLineAddress3"
                                    ],
                                    "lineage": [
                                      "array_expansion_Person/attributeContext/array_expansion_Person/address/projection/source/_generatedAttributeSet/operation/index1/operationArrayExpansion/_generatedAttributeRound2/addressLine@3"
                                    ]
                                  }
                                ]
                              },
                              {
                                "type": "attributeDefinition",
                                "name": "postalCode@3",
                                "parent": "array_expansion_Person/attributeContext/array_expansion_Person/address/projection/source/_generatedAttributeSet/operation/index2/operationRenameAttributes",
                                "contents": [
                                  {
                                    "type": "attributeDefinition",
                                    "name": "postalCodeAddress3",
                                    "parent": "array_expansion_Person/attributeContext/array_expansion_Person/address/projection/source/_generatedAttributeSet/operation/index2/operationRenameAttributes/postalCode@3",
                                    "contents": [
                                      "array_expansion_Person/hasAttributes/postalCodeAddress3"
                                    ],
                                    "lineage": [
                                      "array_expansion_Person/attributeContext/array_expansion_Person/address/projection/source/_generatedAttributeSet/operation/index1/operationArrayExpansion/_generatedAttributeRound2/postalCode@3"
                                    ]
                                  }
                                ]
                              },
                              {
                                "type": "attributeDefinition",
                                "name": "city@3",
                                "parent": "array_expansion_Person/attributeContext/array_expansion_Person/address/projection/source/_generatedAttributeSet/operation/index2/operationRenameAttributes",
                                "contents": [
                                  {
                                    "type": "attributeDefinition",
                                    "name": "cityAddress3",
                                    "parent": "array_expansion_Person/attributeContext/array_expansion_Person/address/projection/source/_generatedAttributeSet/operation/index2/operationRenameAttributes/city@3",
                                    "contents": [
                                      "array_expansion_Person/hasAttributes/cityAddress3"
                                    ],
                                    "lineage": [
                                      "array_expansion_Person/attributeContext/array_expansion_Person/address/projection/source/_generatedAttributeSet/operation/index1/operationArrayExpansion/_generatedAttributeRound2/city@3"
                                    ]
                                  }
                                ]
                              },
                              {
                                "type": "attributeDefinition",
                                "name": "country@3",
                                "parent": "array_expansion_Person/attributeContext/array_expansion_Person/address/projection/source/_generatedAttributeSet/operation/index2/operationRenameAttributes",
                                "contents": [
                                  {
                                    "type": "attributeDefinition",
                                    "name": "countryAddress3",
                                    "parent": "array_expansion_Person/attributeContext/array_expansion_Person/address/projection/source/_generatedAttributeSet/operation/index2/operationRenameAttributes/country@3",
                                    "contents": [
                                      "array_expansion_Person/hasAttributes/countryAddress3"
                                    ],
                                    "lineage": [
                                      "array_expansion_Person/attributeContext/array_expansion_Person/address/projection/source/_generatedAttributeSet/operation/index1/operationArrayExpansion/_generatedAttributeRound2/country@3"
                                    ]
                                  }
                                ]
                              }
                            ]
                          },
                          {
                            "type": "operationAddCountAttribute",
                            "name": "operation/index3/operationAddCountAttribute",
                            "parent": "array_expansion_Person/attributeContext/array_expansion_Person/address/projection/source/_generatedAttributeSet",
                            "contents": [
                              {
                                "type": "addedAttributeExpansionTotal",
                                "name": "countAttribute",
                                "parent": "array_expansion_Person/attributeContext/array_expansion_Person/address/projection/source/_generatedAttributeSet/operation/index3/operationAddCountAttribute",
                                "contents": [
                                  "array_expansion_Person/hasAttributes/countAttribute"
                                ]
                              }
                            ]
                          }
                        ]
                      }
                    ]
                  }
                ]
              }
            ]
          },
          {
            "type": "attributeDefinition",
            "name": "email",
            "parent": "array_expansion_Person/attributeContext/array_expansion_Person",
            "definition": "resolvedFrom/Person/hasAttributes/email",
            "contents": [
              "array_expansion_Person/hasAttributes/email"
            ]
          }
        ]
      },
      "hasAttributes": [
        {
          "name": "name",
          "appliedTraits": [
            "is.dataFormat.character",
            "is.dataFormat.big",
            "is.dataFormat.array"
          ],
          "attributeContext": "array_expansion_Person/attributeContext/array_expansion_Person/name",
          "dataFormat": "String"
        },
        {
          "name": "age",
          "appliedTraits": [
            "is.dataFormat.character",
            "is.dataFormat.big",
            "is.dataFormat.array"
          ],
          "attributeContext": "array_expansion_Person/attributeContext/array_expansion_Person/age",
          "dataFormat": "String"
        },
        {
          "name": "addressLineAddress1",
          "appliedTraits": [
            "is.dataFormat.character",
            "is.dataFormat.big",
            "is.dataFormat.array"
          ],
          "attributeContext": "array_expansion_Person/attributeContext/array_expansion_Person/address/projection/source/_generatedAttributeSet/operation/index2/operationRenameAttributes/addressLine@1/addressLineAddress1",
          "dataFormat": "String"
        },
        {
          "name": "postalCodeAddress1",
          "appliedTraits": [
            "is.dataFormat.character",
            "is.dataFormat.big",
            "is.dataFormat.array"
          ],
          "attributeContext": "array_expansion_Person/attributeContext/array_expansion_Person/address/projection/source/_generatedAttributeSet/operation/index2/operationRenameAttributes/postalCode@1/postalCodeAddress1",
          "dataFormat": "String"
        },
        {
          "name": "cityAddress1",
          "appliedTraits": [
            "is.dataFormat.character",
            "is.dataFormat.big",
            "is.dataFormat.array"
          ],
          "attributeContext": "array_expansion_Person/attributeContext/array_expansion_Person/address/projection/source/_generatedAttributeSet/operation/index2/operationRenameAttributes/city@1/cityAddress1",
          "dataFormat": "String"
        },
        {
          "name": "countryAddress1",
          "appliedTraits": [
            "is.dataFormat.character",
            "is.dataFormat.big",
            "is.dataFormat.array"
          ],
          "attributeContext": "array_expansion_Person/attributeContext/array_expansion_Person/address/projection/source/_generatedAttributeSet/operation/index2/operationRenameAttributes/country@1/countryAddress1",
          "dataFormat": "String"
        },
        {
          "name": "addressLineAddress2",
          "appliedTraits": [
            "is.dataFormat.character",
            "is.dataFormat.big",
            "is.dataFormat.array"
          ],
          "attributeContext": "array_expansion_Person/attributeContext/array_expansion_Person/address/projection/source/_generatedAttributeSet/operation/index2/operationRenameAttributes/addressLine@2/addressLineAddress2",
          "dataFormat": "String"
        },
        {
          "name": "postalCodeAddress2",
          "appliedTraits": [
            "is.dataFormat.character",
            "is.dataFormat.big",
            "is.dataFormat.array"
          ],
          "attributeContext": "array_expansion_Person/attributeContext/array_expansion_Person/address/projection/source/_generatedAttributeSet/operation/index2/operationRenameAttributes/postalCode@2/postalCodeAddress2",
          "dataFormat": "String"
        },
        {
          "name": "cityAddress2",
          "appliedTraits": [
            "is.dataFormat.character",
            "is.dataFormat.big",
            "is.dataFormat.array"
          ],
          "attributeContext": "array_expansion_Person/attributeContext/array_expansion_Person/address/projection/source/_generatedAttributeSet/operation/index2/operationRenameAttributes/city@2/cityAddress2",
          "dataFormat": "String"
        },
        {
          "name": "countryAddress2",
          "appliedTraits": [
            "is.dataFormat.character",
            "is.dataFormat.big",
            "is.dataFormat.array"
          ],
          "attributeContext": "array_expansion_Person/attributeContext/array_expansion_Person/address/projection/source/_generatedAttributeSet/operation/index2/operationRenameAttributes/country@2/countryAddress2",
          "dataFormat": "String"
        },
        {
          "name": "addressLineAddress3",
          "appliedTraits": [
            "is.dataFormat.character",
            "is.dataFormat.big",
            "is.dataFormat.array"
          ],
          "attributeContext": "array_expansion_Person/attributeContext/array_expansion_Person/address/projection/source/_generatedAttributeSet/operation/index2/operationRenameAttributes/addressLine@3/addressLineAddress3",
          "dataFormat": "String"
        },
        {
          "name": "postalCodeAddress3",
          "appliedTraits": [
            "is.dataFormat.character",
            "is.dataFormat.big",
            "is.dataFormat.array"
          ],
          "attributeContext": "array_expansion_Person/attributeContext/array_expansion_Person/address/projection/source/_generatedAttributeSet/operation/index2/operationRenameAttributes/postalCode@3/postalCodeAddress3",
          "dataFormat": "String"
        },
        {
          "name": "cityAddress3",
          "appliedTraits": [
            "is.dataFormat.character",
            "is.dataFormat.big",
            "is.dataFormat.array"
          ],
          "attributeContext": "array_expansion_Person/attributeContext/array_expansion_Person/address/projection/source/_generatedAttributeSet/operation/index2/operationRenameAttributes/city@3/cityAddress3",
          "dataFormat": "String"
        },
        {
          "name": "countryAddress3",
          "appliedTraits": [
            "is.dataFormat.character",
            "is.dataFormat.big",
            "is.dataFormat.array"
          ],
          "attributeContext": "array_expansion_Person/attributeContext/array_expansion_Person/address/projection/source/_generatedAttributeSet/operation/index2/operationRenameAttributes/country@3/countryAddress3",
          "dataFormat": "String"
        },
        {
          "name": "countAttribute",
          "appliedTraits": [
            "is.dataFormat.integer",
            "is.linkedEntity.array.count"
          ],
          "attributeContext": "array_expansion_Person/attributeContext/array_expansion_Person/address/projection/source/_generatedAttributeSet/operation/index3/operationAddCountAttribute/countAttribute",
          "dataFormat": "Int32"
        },
        {
          "name": "email",
          "appliedTraits": [
            "is.dataFormat.character",
            "is.dataFormat.big",
            "is.dataFormat.array"
          ],
          "attributeContext": "array_expansion_Person/attributeContext/array_expansion_Person/email",
          "dataFormat": "String"
        }
      ]
    }
  ]
}