Resolved_NewPerson/attributeContext/Resolved_NewPerson/extends
Resolved_NewPerson/attributeContext/Resolved_NewPerson/extends/CdmEntity
Resolved_NewPerson/attributeContext/Resolved_NewPerson/PersonInfo
Resolved_NewPerson/attributeContext/Resolved_NewPerson/PersonInfo/_generatedAttributeSet
Resolved_NewPerson/attributeContext/Resolved_NewPerson/PersonInfo/_generatedAttributeSet/operation/index1/operationAddAttributeGroup
Resolved_NewPerson/attributeContext/Resolved_NewPerson/PersonInfo/_generatedAttributeSet/operation/index1/operationAddAttributeGroup/OuterAttributeGroup
Resolved_NewPerson/attributeContext/Resolved_NewPerson/PersonInfo/_generatedAttributeSet/operation/index1/operationAddAttributeGroup/OuterAttributeGroup/InnerAttributeGroup
Resolved_NewPerson/attributeContext/Resolved_NewPerson/PersonInfo/projection
Resolved_NewPerson/attributeContext/Resolved_NewPerson/PersonInfo/projection/source
Resolved_NewPerson/attributeContext/Resolved_NewPerson/PersonInfo/projection/source/projection
Resolved_NewPerson/attributeContext/Resolved_NewPerson/PersonInfo/projection/source/projection/source
Resolved_NewPerson/attributeContext/Resolved_NewPerson/PersonInfo/projection/source/projection/source/Person
Resolved_NewPerson/attributeContext/Resolved_NewPerson/PersonInfo/projection/source/projection/source/Person/name
Resolved_NewPerson/attributeContext/Resolved_NewPerson/PersonInfo/projection/source/projection/source/Person/age
Resolved_NewPerson/attributeContext/Resolved_NewPerson/PersonInfo/projection/source/projection/source/Person/address
Resolved_NewPerson/attributeContext/Resolved_NewPerson/PersonInfo/projection/source/projection/source/Person/phoneNumber
Resolved_NewPerson/attributeContext/Resolved_NewPerson/PersonInfo/projection/source/projection/source/Person/email
Resolved_NewPerson/attributeContext/Resolved_NewPerson/PersonInfo/projection/source/_generatedAttributeSet
Resolved_NewPerson/attributeContext/Resolved_NewPerson/PersonInfo/projection/source/_generatedAttributeSet/operation/index1/operationAddAttributeGroup
Resolved_NewPerson/attributeContext/Resolved_NewPerson/PersonInfo/projection/source/_generatedAttributeSet/operation/index1/operationAddAttributeGroup/InnerAttributeGroup
Resolved_NewPerson/attributeContext/Resolved_NewPerson/PersonInfo/projection/source/_generatedAttributeSet/operation/index1/operationAddAttributeGroup/InnerAttributeGroup/name
output:/Resolved_NewPerson.cdm.json/Resolved_NewPerson/attributeContext/Resolved_NewPerson/PersonInfo/projection/source/_generatedAttributeSet/operation/index1/operationAddAttributeGroup/InnerAttributeGroup/name/Resolved_NewPerson/hasAttributes/OuterAttributeGroup/members/InnerAttributeGroup/members/name/(ref)
Resolved_NewPerson/attributeContext/Resolved_NewPerson/PersonInfo/projection/source/_generatedAttributeSet/operation/index1/operationAddAttributeGroup/InnerAttributeGroup/age
output:/Resolved_NewPerson.cdm.json/Resolved_NewPerson/attributeContext/Resolved_NewPerson/PersonInfo/projection/source/_generatedAttributeSet/operation/index1/operationAddAttributeGroup/InnerAttributeGroup/age/Resolved_NewPerson/hasAttributes/OuterAttributeGroup/members/InnerAttributeGroup/members/age/(ref)
Resolved_NewPerson/attributeContext/Resolved_NewPerson/PersonInfo/projection/source/_generatedAttributeSet/operation/index1/operationAddAttributeGroup/InnerAttributeGroup/address
output:/Resolved_NewPerson.cdm.json/Resolved_NewPerson/attributeContext/Resolved_NewPerson/PersonInfo/projection/source/_generatedAttributeSet/operation/index1/operationAddAttributeGroup/InnerAttributeGroup/address/Resolved_NewPerson/hasAttributes/OuterAttributeGroup/members/InnerAttributeGroup/members/address/(ref)
Resolved_NewPerson/attributeContext/Resolved_NewPerson/PersonInfo/projection/source/_generatedAttributeSet/operation/index1/operationAddAttributeGroup/InnerAttributeGroup/phoneNumber
output:/Resolved_NewPerson.cdm.json/Resolved_NewPerson/attributeContext/Resolved_NewPerson/PersonInfo/projection/source/_generatedAttributeSet/operation/index1/operationAddAttributeGroup/InnerAttributeGroup/phoneNumber/Resolved_NewPerson/hasAttributes/OuterAttributeGroup/members/InnerAttributeGroup/members/phoneNumber/(ref)
Resolved_NewPerson/attributeContext/Resolved_NewPerson/PersonInfo/projection/source/_generatedAttributeSet/operation/index1/operationAddAttributeGroup/InnerAttributeGroup/email
output:/Resolved_NewPerson.cdm.json/Resolved_NewPerson/attributeContext/Resolved_NewPerson/PersonInfo/projection/source/_generatedAttributeSet/operation/index1/operationAddAttributeGroup/InnerAttributeGroup/email/Resolved_NewPerson/hasAttributes/OuterAttributeGroup/members/InnerAttributeGroup/members/email/(ref)
output:/Resolved_NewPerson.cdm.json/Resolved_NewPerson/hasAttributes/OuterAttributeGroup/(ref)
output:/Resolved_NewPerson.cdm.json/Resolved_NewPerson/hasAttributes/OuterAttributeGroup
output:/Resolved_NewPerson.cdm.json/Resolved_NewPerson/hasAttributes/OuterAttributeGroup/members/InnerAttributeGroup/(ref)
output:/Resolved_NewPerson.cdm.json/Resolved_NewPerson/hasAttributes/OuterAttributeGroup/members/InnerAttributeGroup
output:/Resolved_NewPerson.cdm.json/Resolved_NewPerson/hasAttributes/OuterAttributeGroup/members/InnerAttributeGroup/members/name
is.dataFormat.character
is.dataFormat.big
is.dataFormat.array
is.dataFormat.character
is.dataFormat.array
output:/Resolved_NewPerson.cdm.json/Resolved_NewPerson/hasAttributes/OuterAttributeGroup/members/InnerAttributeGroup/members/age
is.dataFormat.integer
is.dataFormat.integer
output:/Resolved_NewPerson.cdm.json/Resolved_NewPerson/hasAttributes/OuterAttributeGroup/members/InnerAttributeGroup/members/address
is.dataFormat.character
is.dataFormat.big
is.dataFormat.array
is.dataFormat.character
is.dataFormat.array
output:/Resolved_NewPerson.cdm.json/Resolved_NewPerson/hasAttributes/OuterAttributeGroup/members/InnerAttributeGroup/members/phoneNumber
is.dataFormat.character
is.dataFormat.big
is.dataFormat.array
is.dataFormat.character
is.dataFormat.array
output:/Resolved_NewPerson.cdm.json/Resolved_NewPerson/hasAttributes/OuterAttributeGroup/members/InnerAttributeGroup/members/email
is.dataFormat.character
is.dataFormat.big
is.dataFormat.array
is.dataFormat.character
is.dataFormat.array
