Resolved_Child_default/attributeContext/Resolved_Child_default/extends
Resolved_Child_default/attributeContext/Resolved_Child_default/extends/projection
Resolved_Child_default/attributeContext/Resolved_Child_default/extends/projection/source
Resolved_Child_default/attributeContext/Resolved_Child_default/extends/projection/source/Person
Resolved_Child_default/attributeContext/Resolved_Child_default/extends/projection/source/Person/extends
Resolved_Child_default/attributeContext/Resolved_Child_default/extends/projection/source/Person/extends/CdmEntity
Resolved_Child_default/attributeContext/Resolved_Child_default/extends/projection/source/Person/name
Resolved_Child_default/attributeContext/Resolved_Child_default/extends/projection/source/Person/age
Resolved_Child_default/attributeContext/Resolved_Child_default/extends/projection/source/Person/address
Resolved_Child_default/attributeContext/Resolved_Child_default/extends/projection/source/Person/phoneNumber
Resolved_Child_default/attributeContext/Resolved_Child_default/extends/projection/source/Person/email
Resolved_Child_default/attributeContext/Resolved_Child_default/extends/_generatedAttributeSet
Resolved_Child_default/attributeContext/Resolved_Child_default/extends/_generatedAttributeSet/operation/index1/operationRenameAttributes
Resolved_Child_default/attributeContext/Resolved_Child_default/extends/_generatedAttributeSet/operation/index1/operationRenameAttributes/name
Resolved_Child_default/attributeContext/Resolved_Child_default/extends/_generatedAttributeSet/operation/index1/operationRenameAttributes/name/..name
output:/Resolved_Child_default.cdm.json/Resolved_Child_default/attributeContext/Resolved_Child_default/extends/_generatedAttributeSet/operation/index1/operationRenameAttributes/name/..name/Resolved_Child_default/hasAttributes/..name/(ref)
Resolved_Child_default/attributeContext/Resolved_Child_default/extends/_generatedAttributeSet/operation/index1/operationRenameAttributes/age
Resolved_Child_default/attributeContext/Resolved_Child_default/extends/_generatedAttributeSet/operation/index1/operationRenameAttributes/age/..age
output:/Resolved_Child_default.cdm.json/Resolved_Child_default/attributeContext/Resolved_Child_default/extends/_generatedAttributeSet/operation/index1/operationRenameAttributes/age/..age/Resolved_Child_default/hasAttributes/..age/(ref)
Resolved_Child_default/attributeContext/Resolved_Child_default/extends/_generatedAttributeSet/operation/index1/operationRenameAttributes/address
Resolved_Child_default/attributeContext/Resolved_Child_default/extends/_generatedAttributeSet/operation/index1/operationRenameAttributes/address/..address
output:/Resolved_Child_default.cdm.json/Resolved_Child_default/attributeContext/Resolved_Child_default/extends/_generatedAttributeSet/operation/index1/operationRenameAttributes/address/..address/Resolved_Child_default/hasAttributes/..address/(ref)
Resolved_Child_default/attributeContext/Resolved_Child_default/extends/_generatedAttributeSet/operation/index1/operationRenameAttributes/phoneNumber
Resolved_Child_default/attributeContext/Resolved_Child_default/extends/_generatedAttributeSet/operation/index1/operationRenameAttributes/phoneNumber/..phoneNumber
output:/Resolved_Child_default.cdm.json/Resolved_Child_default/attributeContext/Resolved_Child_default/extends/_generatedAttributeSet/operation/index1/operationRenameAttributes/phoneNumber/..phoneNumber/Resolved_Child_default/hasAttributes/..phoneNumber/(ref)
Resolved_Child_default/attributeContext/Resolved_Child_default/extends/_generatedAttributeSet/operation/index1/operationRenameAttributes/email
Resolved_Child_default/attributeContext/Resolved_Child_default/extends/_generatedAttributeSet/operation/index1/operationRenameAttributes/email/..email
output:/Resolved_Child_default.cdm.json/Resolved_Child_default/attributeContext/Resolved_Child_default/extends/_generatedAttributeSet/operation/index1/operationRenameAttributes/email/..email/Resolved_Child_default/hasAttributes/..email/(ref)
output:/Resolved_Child_default.cdm.json/Resolved_Child_default/hasAttributes/..name
is.dataFormat.character
is.dataFormat.big
is.dataFormat.array
is.dataFormat.character
is.dataFormat.array
output:/Resolved_Child_default.cdm.json/Resolved_Child_default/hasAttributes/..age
is.dataFormat.integer
is.dataFormat.integer
output:/Resolved_Child_default.cdm.json/Resolved_Child_default/hasAttributes/..address
is.dataFormat.character
is.dataFormat.big
is.dataFormat.array
is.dataFormat.character
is.dataFormat.array
output:/Resolved_Child_default.cdm.json/Resolved_Child_default/hasAttributes/..phoneNumber
is.dataFormat.character
is.dataFormat.big
is.dataFormat.array
is.dataFormat.character
is.dataFormat.array
output:/Resolved_Child_default.cdm.json/Resolved_Child_default/hasAttributes/..email
is.dataFormat.character
is.dataFormat.big
is.dataFormat.array
is.dataFormat.character
is.dataFormat.array
