/
 =====ENTITY=====
 Address
 ================
 properties:
 traits:
  [is.CDM.entityVersion]
  --versionNumber:0.8
  [is.locatable.global]
attributes:
  [closeCity]
  -[is.dataFormat.array]
  -[is.dataFormat.big]
  -[is.dataFormat.character]
  -[means.location.address.city]
  [street1]
  -[is.dataFormat.array]
  -[is.dataFormat.big]
  -[is.dataFormat.character]
  -[means.location.address.street]
  [zip]
  -[is.dataFormat.array]
  -[is.dataFormat.big]
  -[is.dataFormat.character]
  -[means.location.address.postalCode]
relationships:
 =====ENTITY=====
 Customers
 ================
 properties:
 traits:
  [does.liveAt]
  [is.CDM.entityVersion]
  --versionNumber:0.8
  [is.identifiedBy]
  --attribute:custId
  [is.named]
  --attribute:custFullName
attributes:
  [custFullName]
  -[is.dataFormat.array]
  -[is.dataFormat.big]
  -[is.dataFormat.character]
  -[is.named]
  ---attribute:custFullName
  -[means.identity.person.fullName]
  [custId]
  -[is.dataFormat.array]
  -[is.dataFormat.big]
  -[is.dataFormat.character]
  -[is.identifiedBy]
  ---attribute:custId
  [dogPictureContent]
  -[is.dataFormat.array]
  -[is.dataFormat.byte]
  -[means.content.binary.image]
  [dogPicturePhotoId]
  -[is.dataFormat.array]
  -[is.dataFormat.big]
  -[is.dataFormat.character]
  -[is.dataFormat.guid]
  -[is.identifiedBy]
  ---attribute:photoId
  -[means.identity.entityId]
  [dogPicturePosition.x]
  -[is.dataFormat.big]
  -[is.dataFormat.floatingPoint]
  [dogPicturePosition.y]
  -[is.dataFormat.big]
  -[is.dataFormat.floatingPoint]
  [dogPicturePosition.z]
  -[is.dataFormat.big]
  -[is.dataFormat.floatingPoint]
  [dogPictureQ.w]
  -[is.dataFormat.big]
  -[is.dataFormat.floatingPoint]
  [dogPictureQ.x]
  -[is.dataFormat.big]
  -[is.dataFormat.floatingPoint]
  [dogPictureQ.y]
  -[is.dataFormat.big]
  -[is.dataFormat.floatingPoint]
  [dogPictureQ.z]
  -[is.dataFormat.big]
  -[is.dataFormat.floatingPoint]
  [home_closeCity]
  -[does.liveAt]
  -[is.dataFormat.array]
  -[is.dataFormat.big]
  -[is.dataFormat.character]
  -[means.location.address.city]
  [home_street1]
  -[does.liveAt]
  -[is.dataFormat.array]
  -[is.dataFormat.big]
  -[is.dataFormat.character]
  -[means.location.address.street]
  [home_zip]
  -[does.liveAt]
  -[is.dataFormat.array]
  -[is.dataFormat.big]
  -[is.dataFormat.character]
  -[means.location.address.postalCode]
  [mainPhotoId]
  -[is.dataFormat.array]
  -[is.dataFormat.big]
  -[is.dataFormat.character]
  -[is.dataFormat.guid]
  -[is.linkedEntity.identifier]
  ---entityReferences:[{"attributeReference":"photoId","entityReference":"local:/composites/Photo.cdm.json/Photo"}]
  -[means.identity.entityId]
  [work_closeCity]
  -[is.dataFormat.array]
  -[is.dataFormat.big]
  -[is.dataFormat.character]
  -[means.location.address.city]
  [work_street1]
  -[is.dataFormat.array]
  -[is.dataFormat.big]
  -[is.dataFormat.character]
  -[means.location.address.street]
  [work_zip]
  -[is.dataFormat.array]
  -[is.dataFormat.big]
  -[is.dataFormat.character]
  -[means.location.address.postalCode]
relationships:
  (rer[0])(referencing) ent=Customers
  (rer[0])(referencing)  atts:[mainPhotoId]
  (rer[0])(referencing)  atts:-[is.dataFormat.array]
  (rer[0])(referencing)  atts:-[is.dataFormat.big]
  (rer[0])(referencing)  atts:-[is.dataFormat.character]
  (rer[0])(referencing)  atts:-[is.dataFormat.guid]
  (rer[0])(referencing)  atts:-[is.linkedEntity.identifier]
  (rer[0])(referencing)  atts:---entityReferences:[{"attributeReference":"photoId","entityReference":"local:/composites/Photo.cdm.json/Photo"}]
  (rer[0])(referencing)  atts:-[means.identity.entityId]
  (rer[0])(referenced[0]) ent=Photo
  (rer[0])(referenced[0])  atts:[photoId]
  (rer[0])(referenced[0])  atts:-[is.dataFormat.array]
  (rer[0])(referenced[0])  atts:-[is.dataFormat.big]
  (rer[0])(referenced[0])  atts:-[is.dataFormat.character]
  (rer[0])(referenced[0])  atts:-[is.dataFormat.guid]
  (rer[0])(referenced[0])  atts:-[is.identifiedBy]
  (rer[0])(referenced[0])  atts:---attribute:photoId
  (rer[0])(referenced[0])  atts:-[means.identity.entityId]
 =====ENTITY=====
 Photo
 ================
 properties:
 traits:
  [is.CDM.entityVersion]
  --versionNumber:0.8
  [is.identifiedBy]
  --attribute:photoId
attributes:
  [content]
  -[is.dataFormat.array]
  -[is.dataFormat.byte]
  -[means.content.binary.image]
  [photoId]
  -[is.dataFormat.array]
  -[is.dataFormat.big]
  -[is.dataFormat.character]
  -[is.dataFormat.guid]
  -[is.identifiedBy]
  ---attribute:photoId
  -[means.identity.entityId]
  [position.x]
  -[is.dataFormat.big]
  -[is.dataFormat.floatingPoint]
  [position.y]
  -[is.dataFormat.big]
  -[is.dataFormat.floatingPoint]
  [position.z]
  -[is.dataFormat.big]
  -[is.dataFormat.floatingPoint]
  [q.w]
  -[is.dataFormat.big]
  -[is.dataFormat.floatingPoint]
  [q.x]
  -[is.dataFormat.big]
  -[is.dataFormat.floatingPoint]
  [q.y]
  -[is.dataFormat.big]
  -[is.dataFormat.floatingPoint]
  [q.z]
  -[is.dataFormat.big]
  -[is.dataFormat.floatingPoint]
relationships:
 =====ENTITY=====
 address
 ================
 properties:
 traits:
attributes:
  [cid]
  -[is.format.integer]
  [cityName]
  -[is.constrained.length]
  ---maxLength:255
  -[is.format.string]
  -[means.personName]
  [street]
  -[is.format.string]
relationships:
 =====ENTITY=====
 simpleCust
 ================
 properties:
 traits:
attributes:
  [foreignKey]
  -[is.dataFormat.array]
  -[is.dataFormat.big]
  -[is.dataFormat.character]
  -[is.dataFormat.guid]
  -[is.linkedEntity.identifier]
  ---entityReferences:[{"attributeReference":"cid","entityReference":"local:/composites/simpleCust.cdm.json/address"}]
  -[means.identity.entityId]
  [fullName]
  -[is.constrained.length]
  ---maxLength:130
  -[is.format.string]
  -[means.personName]
  [id]
  -[is.format.integer]
relationships:
  (rer[0])(referencing) ent=simpleCust
  (rer[0])(referencing)  atts:[foreignKey]
  (rer[0])(referencing)  atts:-[is.dataFormat.array]
  (rer[0])(referencing)  atts:-[is.dataFormat.big]
  (rer[0])(referencing)  atts:-[is.dataFormat.character]
  (rer[0])(referencing)  atts:-[is.dataFormat.guid]
  (rer[0])(referencing)  atts:-[is.linkedEntity.identifier]
  (rer[0])(referencing)  atts:---entityReferences:[{"attributeReference":"cid","entityReference":"local:/composites/simpleCust.cdm.json/address"}]
  (rer[0])(referencing)  atts:-[means.identity.entityId]
  (rer[0])(referenced[0]) ent=address
  (rer[0])(referenced[0])  atts:[cid]
  (rer[0])(referenced[0])  atts:-[is.format.integer]
