{
  "manifestName": "default.manifest.cdm.json",
  "entities": [
    {
      "type": "LocalEntity",
      "entityName": "Account",
      "entityPath": "local:/Account.cdm.json/Account",
      "dataPartitions": [
        {
          "location": "local:/Account/partition-data.csv",
          "exhibitsTraits": [
            {
              "traitReference": "is.partition.format.CSV",
              "arguments": [
                "true",
                ","
              ]
            }
          ],
          "lastFileStatusCheckTime": "2020-02-24T00:00:00.000Z",
          "lastFileModifiedTime": "2020-02-24T00:00:00.000Z"
        }
      ],
      "lastFileStatusCheckTime": "2020-02-24T00:00:00.000Z",
      "lastFileModifiedTime": "2020-02-24T00:00:00.000Z",
      "lastChildFileModifiedTime": "2020-02-24T00:00:00.000Z"
    },
    {
      "type": "LocalEntity",
      "entityName": "Address",
      "entityPath": "local:/Address.cdm.json/Address",
      "dataPartitions": [
        {
          "location": "local:/Address/partition-data.csv",
          "exhibitsTraits": [
            {
              "traitReference": "is.partition.format.CSV",
              "arguments": [
                "true",
                ","
              ]
            }
          ],
          "lastFileStatusCheckTime": "2020-02-24T00:00:00.000Z",
          "lastFileModifiedTime": "2020-02-24T00:00:00.000Z"
        }
      ],
      "lastFileStatusCheckTime": "2020-02-24T00:00:00.000Z",
      "lastFileModifiedTime": "2020-02-24T00:00:00.000Z",
      "lastChildFileModifiedTime": "2020-02-24T00:00:00.000Z"
    },
    {
      "type": "LocalEntity",
      "entityName": "CarePlan",
      "entityPath": "local:/CarePlan.cdm.json/CarePlan",
      "dataPartitions": [
        {
          "location": "local:/CarePlan/partition-data.csv",
          "exhibitsTraits": [
            {
              "traitReference": "is.partition.format.CSV",
              "arguments": [
                "true",
                ","
              ]
            }
          ],
          "lastFileStatusCheckTime": "2020-02-24T00:00:00.000Z",
          "lastFileModifiedTime": "2020-02-24T00:00:00.000Z"
        }
      ],
      "lastFileStatusCheckTime": "2020-02-24T00:00:00.000Z",
      "lastFileModifiedTime": "2020-02-24T00:00:00.000Z",
      "lastChildFileModifiedTime": "2020-02-24T00:00:00.000Z"
    },
    {
      "type": "LocalEntity",
      "entityName": "CodeableConcept",
      "entityPath": "local:/CodeableConcept.cdm.json/CodeableConcept",
      "dataPartitions": [
        {
          "location": "local:/CodeableConcept/partition-data.csv",
          "exhibitsTraits": [
            {
              "traitReference": "is.partition.format.CSV",
              "arguments": [
                "true",
                ","
              ]
            }
          ],
          "lastFileStatusCheckTime": "2020-02-24T00:00:00.000Z",
          "lastFileModifiedTime": "2020-02-24T00:00:00.000Z"
        }
      ],
      "lastFileStatusCheckTime": "2020-02-24T00:00:00.000Z",
      "lastFileModifiedTime": "2020-02-24T00:00:00.000Z",
      "lastChildFileModifiedTime": "2020-02-24T00:00:00.000Z"
    },
    {
      "type": "LocalEntity",
      "entityName": "Contact",
      "entityPath": "local:/Contact.cdm.json/Contact",
      "dataPartitions": [
        {
          "location": "local:/Contact/partition-data.csv",
          "exhibitsTraits": [
            {
              "traitReference": "is.partition.format.CSV",
              "arguments": [
                "true",
                ","
              ]
            }
          ],
          "lastFileStatusCheckTime": "2020-02-24T00:00:00.000Z",
          "lastFileModifiedTime": "2020-02-24T00:00:00.000Z"
        }
      ],
      "lastFileStatusCheckTime": "2020-02-24T00:00:00.000Z",
      "lastFileModifiedTime": "2020-02-24T00:00:00.000Z",
      "lastChildFileModifiedTime": "2020-02-24T00:00:00.000Z"
    },
    {
      "type": "LocalEntity",
      "entityName": "Device",
      "entityPath": "local:/Device.cdm.json/Device",
      "dataPartitions": [
        {
          "location": "local:/Device/partition-data.csv",
          "exhibitsTraits": [
            {
              "traitReference": "is.partition.format.CSV",
              "arguments": [
                "true",
                ","
              ]
            }
          ],
          "lastFileStatusCheckTime": "2020-02-24T00:00:00.000Z",
          "lastFileModifiedTime": "2020-02-24T00:00:00.000Z"
        }
      ],
      "lastFileStatusCheckTime": "2020-02-24T00:00:00.000Z",
      "lastFileModifiedTime": "2020-02-24T00:00:00.000Z",
      "lastChildFileModifiedTime": "2020-02-24T00:00:00.000Z"
    },
    {
      "type": "LocalEntity",
      "entityName": "EmrAppointment",
      "entityPath": "local:/EmrAppointment.cdm.json/EmrAppointment",
      "dataPartitions": [
        {
          "location": "local:/EmrAppointment/partition-data.csv",
          "exhibitsTraits": [
            {
              "traitReference": "is.partition.format.CSV",
              "arguments": [
                "true",
                ","
              ]
            }
          ],
          "lastFileStatusCheckTime": "2020-02-24T00:00:00.000Z",
          "lastFileModifiedTime": "2020-02-24T00:00:00.000Z"
        }
      ],
      "lastFileStatusCheckTime": "2020-02-24T00:00:00.000Z",
      "lastFileModifiedTime": "2020-02-24T00:00:00.000Z",
      "lastChildFileModifiedTime": "2020-02-24T00:00:00.000Z"
    },
    {
      "type": "LocalEntity",
      "entityName": "Encounter",
      "entityPath": "local:/Encounter.cdm.json/Encounter",
      "dataPartitions": [
        {
          "location": "local:/Encounter/partition-data.csv",
          "exhibitsTraits": [
            {
              "traitReference": "is.partition.format.CSV",
              "arguments": [
                "true",
                ","
              ]
            }
          ],
          "lastFileStatusCheckTime": "2020-02-24T00:00:00.000Z",
          "lastFileModifiedTime": "2020-02-24T00:00:00.000Z"
        }
      ],
      "lastFileStatusCheckTime": "2020-02-24T00:00:00.000Z",
      "lastFileModifiedTime": "2020-02-24T00:00:00.000Z",
      "lastChildFileModifiedTime": "2020-02-24T00:00:00.000Z"
    },
    {
      "type": "LocalEntity",
      "entityName": "EpisodeOfCare",
      "entityPath": "local:/EpisodeOfCare.cdm.json/EpisodeOfCare",
      "dataPartitions": [
        {
          "location": "local:/EpisodeOfCare/partition-data.csv",
          "exhibitsTraits": [
            {
              "traitReference": "is.partition.format.CSV",
              "arguments": [
                "true",
                ","
              ]
            }
          ],
          "lastFileStatusCheckTime": "2020-02-24T00:00:00.000Z",
          "lastFileModifiedTime": "2020-02-24T00:00:00.000Z"
        }
      ],
      "lastFileStatusCheckTime": "2020-02-24T00:00:00.000Z",
      "lastFileModifiedTime": "2020-02-24T00:00:00.000Z",
      "lastChildFileModifiedTime": "2020-02-24T00:00:00.000Z"
    },
    {
      "type": "LocalEntity",
      "entityName": "Location",
      "entityPath": "local:/Location.cdm.json/Location",
      "dataPartitions": [
        {
          "location": "local:/Location/partition-data.csv",
          "exhibitsTraits": [
            {
              "traitReference": "is.partition.format.CSV",
              "arguments": [
                "true",
                ","
              ]
            }
          ],
          "lastFileStatusCheckTime": "2020-02-24T00:00:00.000Z",
          "lastFileModifiedTime": "2020-02-24T00:00:00.000Z"
        }
      ],
      "lastFileStatusCheckTime": "2020-02-24T00:00:00.000Z",
      "lastFileModifiedTime": "2020-02-24T00:00:00.000Z",
      "lastChildFileModifiedTime": "2020-02-24T00:00:00.000Z"
    },
    {
      "type": "LocalEntity",
      "entityName": "LocalMobileCareTeam",
      "entityPath": "LocalMobileCareTeam.cdm.json/LocalMobileCareTeam"
    }
  ],
  "lastFileStatusCheckTime": "2020-02-24T00:00:00.000Z",
  "jsonSchemaSemanticVersion": "1.1.0",
  "imports": [
    {
      "corpusPath": "cdm:/foundations.cdm.json"
    }
  ]
}