Resolved_Customer/attributeContext/Resolved_Customer/CustomerName
output:/Resolved_Customer.cdm.json/Resolved_Customer/attributeContext/Resolved_Customer/CustomerName/Resolved_Customer/hasAttributes/CustomerName/(ref)
Resolved_Customer/attributeContext/Resolved_Customer/ContactAt
Resolved_Customer/attributeContext/Resolved_Customer/ContactAt/projection
Resolved_Customer/attributeContext/Resolved_Customer/ContactAt/projection/source
Resolved_Customer/attributeContext/Resolved_Customer/ContactAt/projection/source/ContactInfo
Resolved_Customer/attributeContext/Resolved_Customer/ContactAt/projection/source/ContactInfo/EmailInfo
Resolved_Customer/attributeContext/Resolved_Customer/ContactAt/projection/source/ContactInfo/EmailInfo/Email
Resolved_Customer/attributeContext/Resolved_Customer/ContactAt/projection/source/ContactInfo/EmailInfo/Email/EmailID
output:/Resolved_Customer.cdm.json/Resolved_Customer/attributeContext/Resolved_Customer/ContactAt/projection/source/ContactInfo/EmailInfo/Email/EmailID/Resolved_Customer/hasAttributes/EmailInfo/members/EmailID/(ref)
Resolved_Customer/attributeContext/Resolved_Customer/ContactAt/projection/source/ContactInfo/EmailInfo/Email/Address
output:/Resolved_Customer.cdm.json/Resolved_Customer/attributeContext/Resolved_Customer/ContactAt/projection/source/ContactInfo/EmailInfo/Email/Address/Resolved_Customer/hasAttributes/EmailInfo/members/Address/(ref)
Resolved_Customer/attributeContext/Resolved_Customer/ContactAt/projection/source/ContactInfo/EmailInfo/Email/IsPrimary
output:/Resolved_Customer.cdm.json/Resolved_Customer/attributeContext/Resolved_Customer/ContactAt/projection/source/ContactInfo/EmailInfo/Email/IsPrimary/Resolved_Customer/hasAttributes/EmailInfo/members/IsPrimary/(ref)
Resolved_Customer/attributeContext/Resolved_Customer/ContactAt/projection/source/ContactInfo/PhoneInfo
Resolved_Customer/attributeContext/Resolved_Customer/ContactAt/projection/source/ContactInfo/PhoneInfo/Phone
Resolved_Customer/attributeContext/Resolved_Customer/ContactAt/projection/source/ContactInfo/PhoneInfo/Phone/PhoneID
output:/Resolved_Customer.cdm.json/Resolved_Customer/attributeContext/Resolved_Customer/ContactAt/projection/source/ContactInfo/PhoneInfo/Phone/PhoneID/Resolved_Customer/hasAttributes/PhoneInfo/members/PhoneID/(ref)
Resolved_Customer/attributeContext/Resolved_Customer/ContactAt/projection/source/ContactInfo/PhoneInfo/Phone/Number
output:/Resolved_Customer.cdm.json/Resolved_Customer/attributeContext/Resolved_Customer/ContactAt/projection/source/ContactInfo/PhoneInfo/Phone/Number/Resolved_Customer/hasAttributes/PhoneInfo/members/Number/(ref)
Resolved_Customer/attributeContext/Resolved_Customer/ContactAt/projection/source/ContactInfo/PhoneInfo/Phone/IsPrimary
output:/Resolved_Customer.cdm.json/Resolved_Customer/attributeContext/Resolved_Customer/ContactAt/projection/source/ContactInfo/PhoneInfo/Phone/IsPrimary/Resolved_Customer/hasAttributes/PhoneInfo/members/IsPrimary/(ref)
Resolved_Customer/attributeContext/Resolved_Customer/ContactAt/projection/source/ContactInfo/SocialInfo
Resolved_Customer/attributeContext/Resolved_Customer/ContactAt/projection/source/ContactInfo/SocialInfo/Social
Resolved_Customer/attributeContext/Resolved_Customer/ContactAt/projection/source/ContactInfo/SocialInfo/Social/SocialID
output:/Resolved_Customer.cdm.json/Resolved_Customer/attributeContext/Resolved_Customer/ContactAt/projection/source/ContactInfo/SocialInfo/Social/SocialID/Resolved_Customer/hasAttributes/SocialInfo/members/SocialID/(ref)
Resolved_Customer/attributeContext/Resolved_Customer/ContactAt/projection/source/ContactInfo/SocialInfo/Social/Account
output:/Resolved_Customer.cdm.json/Resolved_Customer/attributeContext/Resolved_Customer/ContactAt/projection/source/ContactInfo/SocialInfo/Social/Account/Resolved_Customer/hasAttributes/SocialInfo/members/Account/(ref)
Resolved_Customer/attributeContext/Resolved_Customer/ContactAt/projection/source/ContactInfo/SocialInfo/Social/IsPrimary
output:/Resolved_Customer.cdm.json/Resolved_Customer/attributeContext/Resolved_Customer/ContactAt/projection/source/ContactInfo/SocialInfo/Social/IsPrimary/Resolved_Customer/hasAttributes/SocialInfo/members/IsPrimary/(ref)
output:/Resolved_Customer.cdm.json/Resolved_Customer/hasAttributes/CustomerName
is.dataFormat.character
is.dataFormat.big
is.dataFormat.array
is.dataFormat.character
is.dataFormat.array
output:/Resolved_Customer.cdm.json/Resolved_Customer/hasAttributes/EmailInfo/(ref)
output:/Resolved_Customer.cdm.json/Resolved_Customer/hasAttributes/EmailInfo
output:/Resolved_Customer.cdm.json/Resolved_Customer/hasAttributes/EmailInfo/members/EmailID
is.dataFormat.character
is.dataFormat.big
is.dataFormat.array
is.identifiedBy
  [Parameter (Name / DefaultValue): attribute / this.attribute]
  [Argument Value: EmailID]
is.dataFormat.character
is.dataFormat.array
output:/Resolved_Customer.cdm.json/Resolved_Customer/hasAttributes/EmailInfo/members/Address
is.dataFormat.character
is.dataFormat.big
is.dataFormat.array
is.dataFormat.character
is.dataFormat.array
output:/Resolved_Customer.cdm.json/Resolved_Customer/hasAttributes/EmailInfo/members/IsPrimary
is.dataFormat.boolean
is.dataFormat.boolean
output:/Resolved_Customer.cdm.json/Resolved_Customer/hasAttributes/PhoneInfo/(ref)
output:/Resolved_Customer.cdm.json/Resolved_Customer/hasAttributes/PhoneInfo
output:/Resolved_Customer.cdm.json/Resolved_Customer/hasAttributes/PhoneInfo/members/PhoneID
is.dataFormat.character
is.dataFormat.big
is.dataFormat.array
is.identifiedBy
  [Parameter (Name / DefaultValue): attribute / this.attribute]
  [Argument Value: PhoneID]
is.dataFormat.character
is.dataFormat.array
output:/Resolved_Customer.cdm.json/Resolved_Customer/hasAttributes/PhoneInfo/members/Number
is.dataFormat.character
is.dataFormat.big
is.dataFormat.array
is.dataFormat.character
is.dataFormat.array
output:/Resolved_Customer.cdm.json/Resolved_Customer/hasAttributes/PhoneInfo/members/IsPrimary
is.dataFormat.boolean
is.dataFormat.boolean
output:/Resolved_Customer.cdm.json/Resolved_Customer/hasAttributes/SocialInfo/(ref)
output:/Resolved_Customer.cdm.json/Resolved_Customer/hasAttributes/SocialInfo
output:/Resolved_Customer.cdm.json/Resolved_Customer/hasAttributes/SocialInfo/members/SocialID
is.dataFormat.character
is.dataFormat.big
is.dataFormat.array
is.identifiedBy
  [Parameter (Name / DefaultValue): attribute / this.attribute]
  [Argument Value: SocialID]
is.dataFormat.character
is.dataFormat.array
output:/Resolved_Customer.cdm.json/Resolved_Customer/hasAttributes/SocialInfo/members/Account
is.dataFormat.character
is.dataFormat.big
is.dataFormat.array
is.dataFormat.character
is.dataFormat.array
output:/Resolved_Customer.cdm.json/Resolved_Customer/hasAttributes/SocialInfo/members/IsPrimary
is.dataFormat.boolean
is.dataFormat.boolean
