{
  "manifestName": "default",
  "entities": [
    {
      "type": "LocalEntity",
      "entityName": "CustomPerson",
      "entityPath": "resolved/CustomPerson.cdm.json/CustomPerson"
    },
    {
      "type": "LocalEntity",
      "entityName": "CustomAccount",
      "entityPath": "resolved/CustomAccount.cdm.json/CustomAccount"
    },
    {
      "type": "LocalEntity",
      "entityName": "ExtendedStandardAccount",
      "entityPath": "resolved/ExtendedStandardAccount.cdm.json/ExtendedStandardAccount"
    }
  ],
  "relationships": [
    {
      "fromEntity": "resolved/CustomAccount.cdm.json/CustomAccount",
      "fromEntityAttribute": "accountOwnerId",
      "toEntity": "resolved/CustomPerson.cdm.json/CustomPerson",
      "toEntityAttribute": "CustomPersonId",
      "exhibitsTraits": [
        {
          "traitReference": "means.relationship.verbPhrase",
          "arguments": [
            {
              "entityReference": {
                "entityShape": "localizedTable",
                "constantValues": [
                  [
                    "en",
                    "Non-simple resolution guidance sample - Forwards"
                  ],
                  [
                    "cn",
                    "正向"
                  ]
                ]
              }
            }
          ]
        },
        {
          "traitReference": "means.relationship.inverseVerbPhrase"
        }
      ]
    },
    {
      "fromEntity": "resolved/ExtendedStandardAccount.cdm.json/ExtendedStandardAccount",
      "fromEntityAttribute": "SimpleCustomAccountId",
      "toEntity": "resolved/CustomAccount.cdm.json/CustomAccount",
      "toEntityAttribute": "CustomAccountId",
      "exhibitsTraits": [
        {
          "traitReference": "means.relationship.verbPhrase",
          "arguments": [
            {
              "entityReference": {
                "entityShape": "localizedTable",
                "constantValues": [
                  [
                    "en",
                    "Simple resolution guidance sample - Forwards"
                  ],
                  [
                    "cn",
                    "正向"
                  ]
                ]
              }
            }
          ]
        },
        {
          "traitReference": "means.relationship.inverseVerbPhrase"
        }
      ]
    }
  ],
  "jsonSchemaSemanticVersion": "1.4.0",
  "imports": [
    {
      "corpusPath": "cdm:/foundations.cdm.json"
    }
  ]
}