Resolved_TestEntityTrait/attributeContext/Resolved_TestEntityTrait/TestAttribute
output:/Resolved_TestEntityTrait.cdm.json/Resolved_TestEntityTrait/attributeContext/Resolved_TestEntityTrait/TestAttribute/Resolved_TestEntityTrait/hasAttributes/TestAttribute/(ref)
output:/Resolved_TestEntityTrait.cdm.json/Resolved_TestEntityTrait/hasAttributes/TestAttribute
is.dataFormat.character
is.dataFormat.big
is.dataFormat.array
does.haveDefault
testTrait
  [Parameter (Name / DefaultValue): testTraitParam1 / TestTrait Param 1 DefaultValue]
  [Argument Value: TestTrait Param 1 DefaultValue]
is.dataFormat.character
is.dataFormat.array
