Resolved_Color_normalized/attributeContext/Resolved_Color_normalized/RGBColor
Resolved_Color_normalized/attributeContext/Resolved_Color_normalized/RGBColor/RGB
Resolved_Color_normalized/attributeContext/Resolved_Color_normalized/RGBColor/RGB/Red
Resolved_Color_normalized/attributeContext/Resolved_Color_normalized/RGBColor/RGB/Green
Resolved_Color_normalized/attributeContext/Resolved_Color_normalized/RGBColor/RGB/Blue
Resolved_Color_normalized/attributeContext/Resolved_Color_normalized/RGBColor/RGB/IsGrayscale
Resolved_Color_normalized/attributeContext/Resolved_Color_normalized/ColorName
output:/Resolved_Color_normalized.cdm.json/Resolved_Color_normalized/attributeContext/Resolved_Color_normalized/ColorName/Resolved_Color_normalized/hasAttributes/ColorName/(ref)
output:/Resolved_Color_normalized.cdm.json/Resolved_Color_normalized/hasAttributes/ColorName
is.dataFormat.character
is.dataFormat.big
is.dataFormat.array
is.identifiedBy
  [Parameter (Name / DefaultValue): attribute / this.attribute]
  [Argument Value: Resolved_Color_normalized/(resolvedAttributes)/ColorName]
is.dataFormat.character
is.dataFormat.array
