Resolved_Person_default/attributeContext/Resolved_Person_default/extends
Resolved_Person_default/attributeContext/Resolved_Person_default/extends/CdmEntity
Resolved_Person_default/attributeContext/Resolved_Person_default/name
output:/Resolved_Person_default.cdm.json/Resolved_Person_default/attributeContext/Resolved_Person_default/name/Resolved_Person_default/hasAttributes/name/(ref)
Resolved_Person_default/attributeContext/Resolved_Person_default/age
output:/Resolved_Person_default.cdm.json/Resolved_Person_default/attributeContext/Resolved_Person_default/age/Resolved_Person_default/hasAttributes/age/(ref)
Resolved_Person_default/attributeContext/Resolved_Person_default/address
Resolved_Person_default/attributeContext/Resolved_Person_default/address/projection
Resolved_Person_default/attributeContext/Resolved_Person_default/address/projection/source
Resolved_Person_default/attributeContext/Resolved_Person_default/address/_generatedAttributeSet
Resolved_Person_default/attributeContext/Resolved_Person_default/address/_generatedAttributeSet/operation/index1/operationAddAttributeGroup
Resolved_Person_default/attributeContext/Resolved_Person_default/address/_generatedAttributeSet/operation/index1/operationAddAttributeGroup/AddressAttributeGroup
Resolved_Person_default/attributeContext/Resolved_Person_default/address/_generatedAttributeSet/operation/index1/operationAddAttributeGroup/AddressAttributeGroup/address
output:/Resolved_Person_default.cdm.json/Resolved_Person_default/attributeContext/Resolved_Person_default/address/_generatedAttributeSet/operation/index1/operationAddAttributeGroup/AddressAttributeGroup/address/Resolved_Person_default/hasAttributes/AddressAttributeGroup/members/address/(ref)
Resolved_Person_default/attributeContext/Resolved_Person_default/phoneNumber
output:/Resolved_Person_default.cdm.json/Resolved_Person_default/attributeContext/Resolved_Person_default/phoneNumber/Resolved_Person_default/hasAttributes/phoneNumber/(ref)
Resolved_Person_default/attributeContext/Resolved_Person_default/email
output:/Resolved_Person_default.cdm.json/Resolved_Person_default/attributeContext/Resolved_Person_default/email/Resolved_Person_default/hasAttributes/email/(ref)
output:/Resolved_Person_default.cdm.json/Resolved_Person_default/hasAttributes/name
is.dataFormat.character
is.dataFormat.big
is.dataFormat.array
is.dataFormat.character
is.dataFormat.array
output:/Resolved_Person_default.cdm.json/Resolved_Person_default/hasAttributes/age
is.dataFormat.integer
is.dataFormat.integer
output:/Resolved_Person_default.cdm.json/Resolved_Person_default/hasAttributes/AddressAttributeGroup/(ref)
output:/Resolved_Person_default.cdm.json/Resolved_Person_default/hasAttributes/phoneNumber
is.dataFormat.character
is.dataFormat.big
is.dataFormat.array
is.dataFormat.character
is.dataFormat.array
output:/Resolved_Person_default.cdm.json/Resolved_Person_default/hasAttributes/email
is.dataFormat.character
is.dataFormat.big
is.dataFormat.array
is.dataFormat.character
is.dataFormat.array
