Resolved_SalesCompositeKey/attributeContext/Resolved_SalesCompositeKey/extends
Resolved_SalesCompositeKey/attributeContext/Resolved_SalesCompositeKey/extends/CdmEntity
Resolved_SalesCompositeKey/attributeContext/Resolved_SalesCompositeKey/SalesCompositeKeyAmount
output:/Resolved_SalesCompositeKey.cdm.json/Resolved_SalesCompositeKey/attributeContext/Resolved_SalesCompositeKey/SalesCompositeKeyAmount/Resolved_SalesCompositeKey/hasAttributes/SalesCompositeKeyAmount/(ref)
Resolved_SalesCompositeKey/attributeContext/Resolved_SalesCompositeKey/SalesCompositeKeyProductId
Resolved_SalesCompositeKey/attributeContext/Resolved_SalesCompositeKey/SalesCompositeKeyProductId/projection
Resolved_SalesCompositeKey/attributeContext/Resolved_SalesCompositeKey/SalesCompositeKeyProductId/projection/source
Resolved_SalesCompositeKey/attributeContext/Resolved_SalesCompositeKey/SalesCompositeKeyProductId/projection/source/ProductWith2Ids
Resolved_SalesCompositeKey/attributeContext/Resolved_SalesCompositeKey/SalesCompositeKeyProductId/_generatedAttributeSet
Resolved_SalesCompositeKey/attributeContext/Resolved_SalesCompositeKey/SalesCompositeKeyProductId/_generatedAttributeSet/operation/index1/operationReplaceAsForeignKey
Resolved_SalesCompositeKey/attributeContext/Resolved_SalesCompositeKey/SalesCompositeKeyProductId/_generatedAttributeSet/operation/index1/operationReplaceAsForeignKey/_foreignKey
output:/Resolved_SalesCompositeKey.cdm.json/Resolved_SalesCompositeKey/attributeContext/Resolved_SalesCompositeKey/SalesCompositeKeyProductId/_generatedAttributeSet/operation/index1/operationReplaceAsForeignKey/_foreignKey/Resolved_SalesCompositeKey/hasAttributes/FKId1/(ref)
Resolved_SalesCompositeKey/attributeContext/Resolved_SalesCompositeKey/SalesCompositeKeyProductId/_generatedAttributeSet/operation/index2/operationReplaceAsForeignKey
Resolved_SalesCompositeKey/attributeContext/Resolved_SalesCompositeKey/SalesCompositeKeyProductId/_generatedAttributeSet/operation/index2/operationReplaceAsForeignKey/_foreignKey
output:/Resolved_SalesCompositeKey.cdm.json/Resolved_SalesCompositeKey/attributeContext/Resolved_SalesCompositeKey/SalesCompositeKeyProductId/_generatedAttributeSet/operation/index2/operationReplaceAsForeignKey/_foreignKey/Resolved_SalesCompositeKey/hasAttributes/FKId2/(ref)
output:/Resolved_SalesCompositeKey.cdm.json/Resolved_SalesCompositeKey/hasAttributes/SalesCompositeKeyAmount
is.dataFormat.numeric.shaped
is.dataFormat.numeric.shaped
output:/Resolved_SalesCompositeKey.cdm.json/Resolved_SalesCompositeKey/hasAttributes/FKId1
is.dataFormat.character
is.dataFormat.big
is.dataFormat.array
is.dataFormat.guid
means.identity.entityId
is.linkedEntity.identifier
  [Parameter (Name / DefaultValue): entityReferences / ]
  [Argument Value: local:/ProductWith2Ids.cdm.json/ProductWith2Ids,ProductId1,SalesCompositeKeyProductId_ProductWith2Ids]
is.dataFormat.guid
is.dataFormat.character
is.dataFormat.array
output:/Resolved_SalesCompositeKey.cdm.json/Resolved_SalesCompositeKey/hasAttributes/FKId2
is.dataFormat.character
is.dataFormat.big
is.dataFormat.array
is.dataFormat.guid
means.identity.entityId
is.linkedEntity.identifier
  [Parameter (Name / DefaultValue): entityReferences / ]
  [Argument Value: local:/ProductWith2Ids.cdm.json/ProductWith2Ids,ProductId2,SalesCompositeKeyProductId_ProductWith2Ids]
is.dataFormat.guid
is.dataFormat.character
is.dataFormat.array
