{
  "jsonSchemaSemanticVersion": "1.4.0",
  "imports": [
    {
      "corpusPath": "/Input/PersonContact.cdm.json",
      "moniker": "resolvedFrom"
    }
  ],
  "definitions": [
    {
      "entityName": "PersonContact_R_ro_n",
      "exhibitsTraits": [
        {
          "traitReference": "has.entitySchemaAbstractionLevel",
          "arguments": [
            {
              "name": "level",
              "value": "resolved"
            }
          ]
        }
      ],
      "attributeContext": {
        "type": "entity",
        "name": "PersonContact_R_ro_n",
        "definition": "resolvedFrom/PersonContact",
        "contents": [
          {
            "type": "entityReferenceExtends",
            "name": "extends",
            "parent": "PersonContact_R_ro_n/attributeContext/PersonContact_R_ro_n",
            "contents": [
              {
                "type": "entity",
                "name": "CdmEntity",
                "parent": "PersonContact_R_ro_n/attributeContext/PersonContact_R_ro_n/extends",
                "definition": "resolvedFrom/CdmEntity"
              }
            ]
          },
          {
            "type": "attributeDefinition",
            "name": "attributesAddedAtThisScope",
            "parent": "PersonContact_R_ro_n/attributeContext/PersonContact_R_ro_n",
            "definition": "resolvedFrom/PersonContact/hasAttributes/attributesAddedAtThisScope",
            "contents": [
              {
                "type": "attributeGroup",
                "name": "attributesAddedAtThisScope",
                "parent": "PersonContact_R_ro_n/attributeContext/PersonContact_R_ro_n/attributesAddedAtThisScope",
                "definition": "resolvedFrom/PersonContact/hasAttributes/attributesAddedAtThisScope",
                "contents": [
                  {
                    "type": "attributeDefinition",
                    "name": "PersonID",
                    "parent": "PersonContact_R_ro_n/attributeContext/PersonContact_R_ro_n/attributesAddedAtThisScope/attributesAddedAtThisScope",
                    "definition": "resolvedFrom/PersonContact/hasAttributes/attributesAddedAtThisScope/members/PersonID",
                    "contents": [
                      {
                        "type": "entity",
                        "name": "Person",
                        "parent": "PersonContact_R_ro_n/attributeContext/PersonContact_R_ro_n/attributesAddedAtThisScope/attributesAddedAtThisScope/PersonID",
                        "definition": "resolvedFrom/Person"
                      },
                      {
                        "type": "generatedSet",
                        "name": "_generatedAttributeSet",
                        "parent": "PersonContact_R_ro_n/attributeContext/PersonContact_R_ro_n/attributesAddedAtThisScope/attributesAddedAtThisScope/PersonID",
                        "contents": [
                          {
                            "type": "generatedRound",
                            "name": "_generatedAttributeRound0",
                            "parent": "PersonContact_R_ro_n/attributeContext/PersonContact_R_ro_n/attributesAddedAtThisScope/attributesAddedAtThisScope/PersonID/_generatedAttributeSet",
                            "contents": [
                              {
                                "type": "addedAttributeIdentity",
                                "name": "_foreignKey",
                                "parent": "PersonContact_R_ro_n/attributeContext/PersonContact_R_ro_n/attributesAddedAtThisScope/attributesAddedAtThisScope/PersonID/_generatedAttributeSet/_generatedAttributeRound0",
                                "definition": "resolvedFrom/PersonContact/hasAttributes/attributesAddedAtThisScope/members/PersonID/resolutionGuidance/foreignKeyAttribute/PersonID",
                                "contents": [
                                  "PersonContact_R_ro_n/hasAttributes/PersonID"
                                ]
                              }
                            ]
                          }
                        ]
                      }
                    ]
                  },
                  {
                    "type": "attributeDefinition",
                    "name": "EmailAddress",
                    "parent": "PersonContact_R_ro_n/attributeContext/PersonContact_R_ro_n/attributesAddedAtThisScope/attributesAddedAtThisScope",
                    "definition": "resolvedFrom/PersonContact/hasAttributes/attributesAddedAtThisScope/members/EmailAddress",
                    "contents": [
                      "PersonContact_R_ro_n/hasAttributes/EmailAddress"
                    ]
                  },
                  {
                    "type": "attributeDefinition",
                    "name": "PhoneNumber",
                    "parent": "PersonContact_R_ro_n/attributeContext/PersonContact_R_ro_n/attributesAddedAtThisScope/attributesAddedAtThisScope",
                    "definition": "resolvedFrom/PersonContact/hasAttributes/attributesAddedAtThisScope/members/PhoneNumber",
                    "contents": [
                      "PersonContact_R_ro_n/hasAttributes/PhoneNumber"
                    ]
                  }
                ]
              }
            ]
          }
        ]
      },
      "hasAttributes": [
        {
          "name": "PersonID",
          "appliedTraits": [
            "is.dataFormat.character",
            "is.dataFormat.big",
            "is.dataFormat.array",
            "is.dataFormat.guid",
            "means.identity.entityId",
            {
              "traitReference": "is.CDS.lookup",
              "arguments": [
                "single"
              ]
            },
            {
              "traitReference": "is.requiredAtLevel",
              "arguments": [
                "required"
              ]
            },
            {
              "traitReference": "is.linkedEntity.identifier",
              "arguments": [
                {
                  "entityReference": {
                    "entityShape": "entityGroupSet",
                    "constantValues": [
                      [
                        "/Input/Person.cdm.json/Person",
                        "ID"
                      ]
                    ]
                  }
                }
              ]
            }
          ],
          "attributeContext": "PersonContact_R_ro_n/attributeContext/PersonContact_R_ro_n/attributesAddedAtThisScope/attributesAddedAtThisScope/PersonID/_generatedAttributeSet/_generatedAttributeRound0/_foreignKey",
          "dataFormat": "Guid",
          "sourceName": "PersonID",
          "displayName": "PersonID",
          "description": ""
        },
        {
          "name": "EmailAddress",
          "appliedTraits": [
            "is.dataFormat.character",
            "is.dataFormat.big",
            "is.dataFormat.array"
          ],
          "attributeContext": "PersonContact_R_ro_n/attributeContext/PersonContact_R_ro_n/attributesAddedAtThisScope/attributesAddedAtThisScope/EmailAddress",
          "dataFormat": "String",
          "sourceName": "EmailAddress",
          "displayName": "EmailAddress"
        },
        {
          "name": "PhoneNumber",
          "appliedTraits": [
            "is.dataFormat.character",
            "is.dataFormat.big",
            "is.dataFormat.array"
          ],
          "attributeContext": "PersonContact_R_ro_n/attributeContext/PersonContact_R_ro_n/attributesAddedAtThisScope/attributesAddedAtThisScope/PhoneNumber",
          "dataFormat": "String",
          "sourceName": "PhoneNumber",
          "displayName": "PhoneNumber"
        }
      ],
      "sourceName": "PersonContact",
      "displayName": "PersonContact",
      "description": "Person contact information.",
      "version": "1.1",
      "cdmSchemas": [
        "/PersonContact.cdm.json/PersonContact/hasAttributes/attributesAddedAtThisScope"
      ]
    }
  ]
}