{
  "jsonSchemaSemanticVersion": "1.4.0",
  "imports": [
    {
      "corpusPath": "/Input/Person.cdm.json",
      "moniker": "resolvedFrom"
    }
  ],
  "definitions": [
    {
      "entityName": "Person_R_n",
      "exhibitsTraits": [
        {
          "traitReference": "has.entitySchemaAbstractionLevel",
          "arguments": [
            {
              "name": "level",
              "value": "resolved"
            }
          ]
        }
      ],
      "attributeContext": {
        "type": "entity",
        "name": "Person_R_n",
        "definition": "resolvedFrom/Person",
        "contents": [
          {
            "type": "entityReferenceExtends",
            "name": "extends",
            "parent": "Person_R_n/attributeContext/Person_R_n",
            "contents": [
              {
                "type": "entity",
                "name": "CdmEntity",
                "parent": "Person_R_n/attributeContext/Person_R_n/extends",
                "definition": "resolvedFrom/CdmEntity"
              }
            ]
          },
          {
            "type": "attributeDefinition",
            "name": "attributesAddedAtThisScope",
            "parent": "Person_R_n/attributeContext/Person_R_n",
            "definition": "resolvedFrom/Person/hasAttributes/attributesAddedAtThisScope",
            "contents": [
              {
                "type": "attributeGroup",
                "name": "attributesAddedAtThisScope",
                "parent": "Person_R_n/attributeContext/Person_R_n/attributesAddedAtThisScope",
                "definition": "resolvedFrom/Person/hasAttributes/attributesAddedAtThisScope",
                "contents": [
                  {
                    "type": "attributeDefinition",
                    "name": "ID",
                    "parent": "Person_R_n/attributeContext/Person_R_n/attributesAddedAtThisScope/attributesAddedAtThisScope",
                    "definition": "resolvedFrom/Person/hasAttributes/attributesAddedAtThisScope/members/ID",
                    "contents": [
                      "Person_R_n/hasAttributes/ID"
                    ]
                  },
                  {
                    "type": "attributeDefinition",
                    "name": "FullName",
                    "parent": "Person_R_n/attributeContext/Person_R_n/attributesAddedAtThisScope/attributesAddedAtThisScope",
                    "definition": "resolvedFrom/Person/hasAttributes/attributesAddedAtThisScope/members/FullName",
                    "contents": [
                      "Person_R_n/hasAttributes/FullName"
                    ]
                  }
                ]
              }
            ]
          }
        ]
      },
      "hasAttributes": [
        {
          "name": "ID",
          "appliedTraits": [
            "is.dataFormat.character",
            "is.dataFormat.big",
            "is.dataFormat.array",
            "is.dataFormat.guid",
            "means.identity.entityId",
            {
              "traitReference": "is.requiredAtLevel",
              "arguments": [
                "required"
              ]
            }
          ],
          "attributeContext": "Person_R_n/attributeContext/Person_R_n/attributesAddedAtThisScope/attributesAddedAtThisScope/ID",
          "isPrimaryKey": true,
          "dataFormat": "Guid",
          "sourceName": "ID",
          "displayName": "ID"
        },
        {
          "name": "FullName",
          "appliedTraits": [
            "is.dataFormat.character",
            "is.dataFormat.big",
            "is.dataFormat.array"
          ],
          "attributeContext": "Person_R_n/attributeContext/Person_R_n/attributesAddedAtThisScope/attributesAddedAtThisScope/FullName",
          "dataFormat": "String",
          "sourceName": "FullName",
          "displayName": "FullName"
        }
      ],
      "sourceName": "Person",
      "displayName": "Person",
      "description": "Person information.",
      "version": "1.1",
      "cdmSchemas": [
        "/Person.cdm.json/Person/hasAttributes/attributesAddedAtThisScope"
      ]
    }
  ]
}