{
  "jsonSchemaSemanticVersion": "1.4.0",
  "imports": [
    {
      "corpusPath": "/Input/EmployeeAddresses.cdm.json",
      "moniker": "resolvedFrom"
    }
  ],
  "definitions": [
    {
      "entityName": "EmployeeAddresses_R_d",
      "exhibitsTraits": [
        {
          "traitReference": "has.entitySchemaAbstractionLevel",
          "arguments": [
            {
              "name": "level",
              "value": "resolved"
            }
          ]
        }
      ],
      "attributeContext": {
        "type": "entity",
        "name": "EmployeeAddresses_R_d",
        "definition": "resolvedFrom/EmployeeAddresses",
        "contents": [
          {
            "type": "entityReferenceExtends",
            "name": "extends",
            "parent": "EmployeeAddresses_R_d/attributeContext/EmployeeAddresses_R_d",
            "contents": [
              {
                "type": "entity",
                "name": "CdmEntity",
                "parent": "EmployeeAddresses_R_d/attributeContext/EmployeeAddresses_R_d/extends",
                "definition": "resolvedFrom/CdmEntity"
              }
            ]
          },
          {
            "type": "attributeDefinition",
            "name": "EmployeeAddress",
            "parent": "EmployeeAddresses_R_d/attributeContext/EmployeeAddresses_R_d",
            "definition": "resolvedFrom/EmployeeAddresses/hasAttributes/EmployeeAddress",
            "contents": [
              {
                "type": "entity",
                "name": "Address",
                "parent": "EmployeeAddresses_R_d/attributeContext/EmployeeAddresses_R_d/EmployeeAddress",
                "definition": "resolvedFrom/Address",
                "contents": [
                  {
                    "type": "entityReferenceExtends",
                    "name": "extends",
                    "parent": "EmployeeAddresses_R_d/attributeContext/EmployeeAddresses_R_d/EmployeeAddress/Address",
                    "contents": [
                      {
                        "type": "entity",
                        "name": "CdmEntity",
                        "parent": "EmployeeAddresses_R_d/attributeContext/EmployeeAddresses_R_d/EmployeeAddress/Address/extends",
                        "definition": "resolvedFrom/CdmEntity"
                      }
                    ]
                  }
                ]
              },
              {
                "type": "generatedSet",
                "name": "_generatedAttributeSet",
                "parent": "EmployeeAddresses_R_d/attributeContext/EmployeeAddresses_R_d/EmployeeAddress",
                "contents": [
                  {
                    "type": "addedAttributeExpansionTotal",
                    "name": "EmployeeAddress__AddressCount",
                    "parent": "EmployeeAddresses_R_d/attributeContext/EmployeeAddresses_R_d/EmployeeAddress/_generatedAttributeSet",
                    "definition": "resolvedFrom/EmployeeAddresses/hasAttributes/EmployeeAddress/resolutionGuidance/countAttribute/AddressCount",
                    "contents": [
                      "EmployeeAddresses_R_d/hasAttributes/EmployeeAddress__AddressCount"
                    ]
                  },
                  {
                    "type": "generatedRound",
                    "name": "_generatedAttributeRound0",
                    "parent": "EmployeeAddresses_R_d/attributeContext/EmployeeAddresses_R_d/EmployeeAddress/_generatedAttributeSet",
                    "contents": [
                      {
                        "type": "attributeDefinition",
                        "name": "EmployeeAddress_2_City",
                        "parent": "EmployeeAddresses_R_d/attributeContext/EmployeeAddresses_R_d/EmployeeAddress/_generatedAttributeSet/_generatedAttributeRound0",
                        "definition": "resolvedFrom/Address/hasAttributes/City",
                        "contents": [
                          "EmployeeAddresses_R_d/hasAttributes/EmployeeAddress_2_City"
                        ]
                      },
                      {
                        "type": "attributeDefinition",
                        "name": "EmployeeAddress_2_State",
                        "parent": "EmployeeAddresses_R_d/attributeContext/EmployeeAddresses_R_d/EmployeeAddress/_generatedAttributeSet/_generatedAttributeRound0",
                        "definition": "resolvedFrom/Address/hasAttributes/State",
                        "contents": [
                          "EmployeeAddresses_R_d/hasAttributes/EmployeeAddress_2_State"
                        ]
                      }
                    ]
                  },
                  {
                    "type": "generatedRound",
                    "name": "_generatedAttributeRound1",
                    "parent": "EmployeeAddresses_R_d/attributeContext/EmployeeAddresses_R_d/EmployeeAddress/_generatedAttributeSet",
                    "contents": [
                      {
                        "type": "attributeDefinition",
                        "name": "EmployeeAddress_3_City",
                        "parent": "EmployeeAddresses_R_d/attributeContext/EmployeeAddresses_R_d/EmployeeAddress/_generatedAttributeSet/_generatedAttributeRound1",
                        "definition": "resolvedFrom/Address/hasAttributes/City",
                        "contents": [
                          "EmployeeAddresses_R_d/hasAttributes/EmployeeAddress_3_City"
                        ],
                        "lineage": [
                          "EmployeeAddresses_R_d/attributeContext/EmployeeAddresses_R_d/EmployeeAddress/_generatedAttributeSet/_generatedAttributeRound0/EmployeeAddress_2_City"
                        ]
                      },
                      {
                        "type": "attributeDefinition",
                        "name": "EmployeeAddress_3_State",
                        "parent": "EmployeeAddresses_R_d/attributeContext/EmployeeAddresses_R_d/EmployeeAddress/_generatedAttributeSet/_generatedAttributeRound1",
                        "definition": "resolvedFrom/Address/hasAttributes/State",
                        "contents": [
                          "EmployeeAddresses_R_d/hasAttributes/EmployeeAddress_3_State"
                        ],
                        "lineage": [
                          "EmployeeAddresses_R_d/attributeContext/EmployeeAddresses_R_d/EmployeeAddress/_generatedAttributeSet/_generatedAttributeRound0/EmployeeAddress_2_State"
                        ]
                      }
                    ]
                  },
                  {
                    "type": "generatedRound",
                    "name": "_generatedAttributeRound2",
                    "parent": "EmployeeAddresses_R_d/attributeContext/EmployeeAddresses_R_d/EmployeeAddress/_generatedAttributeSet",
                    "contents": [
                      {
                        "type": "attributeDefinition",
                        "name": "EmployeeAddress_4_City",
                        "parent": "EmployeeAddresses_R_d/attributeContext/EmployeeAddresses_R_d/EmployeeAddress/_generatedAttributeSet/_generatedAttributeRound2",
                        "definition": "resolvedFrom/Address/hasAttributes/City",
                        "contents": [
                          "EmployeeAddresses_R_d/hasAttributes/EmployeeAddress_4_City"
                        ],
                        "lineage": [
                          "EmployeeAddresses_R_d/attributeContext/EmployeeAddresses_R_d/EmployeeAddress/_generatedAttributeSet/_generatedAttributeRound0/EmployeeAddress_2_City"
                        ]
                      },
                      {
                        "type": "attributeDefinition",
                        "name": "EmployeeAddress_4_State",
                        "parent": "EmployeeAddresses_R_d/attributeContext/EmployeeAddresses_R_d/EmployeeAddress/_generatedAttributeSet/_generatedAttributeRound2",
                        "definition": "resolvedFrom/Address/hasAttributes/State",
                        "contents": [
                          "EmployeeAddresses_R_d/hasAttributes/EmployeeAddress_4_State"
                        ],
                        "lineage": [
                          "EmployeeAddresses_R_d/attributeContext/EmployeeAddresses_R_d/EmployeeAddress/_generatedAttributeSet/_generatedAttributeRound0/EmployeeAddress_2_State"
                        ]
                      }
                    ]
                  }
                ]
              }
            ]
          }
        ]
      },
      "hasAttributes": [
        {
          "name": "EmployeeAddress__AddressCount",
          "appliedTraits": [
            "is.dataFormat.integer",
            "is.linkedEntity.array.count"
          ],
          "attributeContext": "EmployeeAddresses_R_d/attributeContext/EmployeeAddresses_R_d/EmployeeAddress/_generatedAttributeSet/EmployeeAddress__AddressCount",
          "dataFormat": "Int32"
        },
        {
          "name": "EmployeeAddress_2_City",
          "appliedTraits": [
            "is.dataFormat.character",
            "is.dataFormat.big",
            "is.dataFormat.array"
          ],
          "attributeContext": "EmployeeAddresses_R_d/attributeContext/EmployeeAddresses_R_d/EmployeeAddress/_generatedAttributeSet/_generatedAttributeRound0/EmployeeAddress_2_City",
          "dataFormat": "String",
          "sourceName": "City"
        },
        {
          "name": "EmployeeAddress_2_State",
          "appliedTraits": [
            "is.dataFormat.character",
            "is.dataFormat.big",
            "is.dataFormat.array"
          ],
          "attributeContext": "EmployeeAddresses_R_d/attributeContext/EmployeeAddresses_R_d/EmployeeAddress/_generatedAttributeSet/_generatedAttributeRound0/EmployeeAddress_2_State",
          "dataFormat": "String",
          "sourceName": "State"
        },
        {
          "name": "EmployeeAddress_3_City",
          "appliedTraits": [
            "is.dataFormat.character",
            "is.dataFormat.big",
            "is.dataFormat.array"
          ],
          "attributeContext": "EmployeeAddresses_R_d/attributeContext/EmployeeAddresses_R_d/EmployeeAddress/_generatedAttributeSet/_generatedAttributeRound1/EmployeeAddress_3_City",
          "dataFormat": "String",
          "sourceName": "City"
        },
        {
          "name": "EmployeeAddress_3_State",
          "appliedTraits": [
            "is.dataFormat.character",
            "is.dataFormat.big",
            "is.dataFormat.array"
          ],
          "attributeContext": "EmployeeAddresses_R_d/attributeContext/EmployeeAddresses_R_d/EmployeeAddress/_generatedAttributeSet/_generatedAttributeRound1/EmployeeAddress_3_State",
          "dataFormat": "String",
          "sourceName": "State"
        },
        {
          "name": "EmployeeAddress_4_City",
          "appliedTraits": [
            "is.dataFormat.character",
            "is.dataFormat.big",
            "is.dataFormat.array"
          ],
          "attributeContext": "EmployeeAddresses_R_d/attributeContext/EmployeeAddresses_R_d/EmployeeAddress/_generatedAttributeSet/_generatedAttributeRound2/EmployeeAddress_4_City",
          "dataFormat": "String",
          "sourceName": "City"
        },
        {
          "name": "EmployeeAddress_4_State",
          "appliedTraits": [
            "is.dataFormat.character",
            "is.dataFormat.big",
            "is.dataFormat.array"
          ],
          "attributeContext": "EmployeeAddresses_R_d/attributeContext/EmployeeAddresses_R_d/EmployeeAddress/_generatedAttributeSet/_generatedAttributeRound2/EmployeeAddress_4_State",
          "dataFormat": "String",
          "sourceName": "State"
        }
      ],
      "sourceName": "EmployeeAddresses",
      "displayName": "EmployeeAddresses",
      "description": "Employee Addresses information.",
      "version": "1.1"
    }
  ]
}