Resolved_Customer/attributeContext/Resolved_Customer/ContactAt
Resolved_Customer/attributeContext/Resolved_Customer/ContactAt/ContactInfo
Resolved_Customer/attributeContext/Resolved_Customer/ContactAt/ContactInfo/emailInfo
Resolved_Customer/attributeContext/Resolved_Customer/ContactAt/ContactInfo/emailInfo/Email
Resolved_Customer/attributeContext/Resolved_Customer/ContactAt/ContactInfo/emailInfo/Email/emailId
Resolved_Customer/attributeContext/Resolved_Customer/ContactAt/ContactInfo/emailInfo/Email/address
Resolved_Customer/attributeContext/Resolved_Customer/ContactAt/ContactInfo/emailInfo/Email/isPrimary
Resolved_Customer/attributeContext/Resolved_Customer/ContactAt/ContactInfo/emailInfo/_generatedAttributeSet_template
Resolved_Customer/attributeContext/Resolved_Customer/ContactAt/ContactInfo/emailInfo/_generatedAttributeSet_template/_generatedAttributeRound0
Resolved_Customer/attributeContext/Resolved_Customer/ContactAt/ContactInfo/emailInfo/_generatedAttributeSet_template/_generatedAttributeRound0/emailId
Resolved_Customer/attributeContext/Resolved_Customer/ContactAt/ContactInfo/emailInfo/_generatedAttributeSet_template/_generatedAttributeRound0/address
Resolved_Customer/attributeContext/Resolved_Customer/ContactAt/ContactInfo/emailInfo/_generatedAttributeSet_template/_generatedAttributeRound0/isPrimary
Resolved_Customer/attributeContext/Resolved_Customer/ContactAt/ContactInfo/phoneInfo
Resolved_Customer/attributeContext/Resolved_Customer/ContactAt/ContactInfo/phoneInfo/Phone
Resolved_Customer/attributeContext/Resolved_Customer/ContactAt/ContactInfo/phoneInfo/Phone/phoneId
Resolved_Customer/attributeContext/Resolved_Customer/ContactAt/ContactInfo/phoneInfo/Phone/number
Resolved_Customer/attributeContext/Resolved_Customer/ContactAt/ContactInfo/phoneInfo/Phone/isPrimary
Resolved_Customer/attributeContext/Resolved_Customer/ContactAt/ContactInfo/phoneInfo/_generatedAttributeSet_template
Resolved_Customer/attributeContext/Resolved_Customer/ContactAt/ContactInfo/phoneInfo/_generatedAttributeSet_template/_generatedAttributeRound0
Resolved_Customer/attributeContext/Resolved_Customer/ContactAt/ContactInfo/phoneInfo/_generatedAttributeSet_template/_generatedAttributeRound0/phoneId
Resolved_Customer/attributeContext/Resolved_Customer/ContactAt/ContactInfo/phoneInfo/_generatedAttributeSet_template/_generatedAttributeRound0/number
Resolved_Customer/attributeContext/Resolved_Customer/ContactAt/ContactInfo/phoneInfo/_generatedAttributeSet_template/_generatedAttributeRound0/isPrimary
Resolved_Customer/attributeContext/Resolved_Customer/ContactAt/ContactInfo/socialInfo
Resolved_Customer/attributeContext/Resolved_Customer/ContactAt/ContactInfo/socialInfo/Social
Resolved_Customer/attributeContext/Resolved_Customer/ContactAt/ContactInfo/socialInfo/Social/socialId
Resolved_Customer/attributeContext/Resolved_Customer/ContactAt/ContactInfo/socialInfo/Social/account
Resolved_Customer/attributeContext/Resolved_Customer/ContactAt/ContactInfo/socialInfo/Social/isPrimary
Resolved_Customer/attributeContext/Resolved_Customer/ContactAt/ContactInfo/socialInfo/_generatedAttributeSet_template
Resolved_Customer/attributeContext/Resolved_Customer/ContactAt/ContactInfo/socialInfo/_generatedAttributeSet_template/_generatedAttributeRound0
Resolved_Customer/attributeContext/Resolved_Customer/ContactAt/ContactInfo/socialInfo/_generatedAttributeSet_template/_generatedAttributeRound0/socialId
Resolved_Customer/attributeContext/Resolved_Customer/ContactAt/ContactInfo/socialInfo/_generatedAttributeSet_template/_generatedAttributeRound0/account
Resolved_Customer/attributeContext/Resolved_Customer/ContactAt/ContactInfo/socialInfo/_generatedAttributeSet_template/_generatedAttributeRound0/isPrimary
Resolved_Customer/attributeContext/Resolved_Customer/ContactAt/_generatedAttributeSet_template
Resolved_Customer/attributeContext/Resolved_Customer/ContactAt/_generatedAttributeSet_template/_generatedAttributeRound0
Resolved_Customer/attributeContext/Resolved_Customer/ContactAt/_generatedAttributeSet_template/_generatedAttributeRound0/emailId
output:/Resolved_Customer.cdm.json/Resolved_Customer/attributeContext/Resolved_Customer/ContactAt/_generatedAttributeSet_template/_generatedAttributeRound0/emailId/Resolved_Customer/hasAttributes/emailId/(ref)
Resolved_Customer/attributeContext/Resolved_Customer/ContactAt/_generatedAttributeSet_template/_generatedAttributeRound0/address
output:/Resolved_Customer.cdm.json/Resolved_Customer/attributeContext/Resolved_Customer/ContactAt/_generatedAttributeSet_template/_generatedAttributeRound0/address/Resolved_Customer/hasAttributes/address/(ref)
Resolved_Customer/attributeContext/Resolved_Customer/ContactAt/_generatedAttributeSet_template/_generatedAttributeRound0/isPrimary
output:/Resolved_Customer.cdm.json/Resolved_Customer/attributeContext/Resolved_Customer/ContactAt/_generatedAttributeSet_template/_generatedAttributeRound0/isPrimary/Resolved_Customer/hasAttributes/isPrimary/(ref)
Resolved_Customer/attributeContext/Resolved_Customer/ContactAt/_generatedAttributeSet_template/_generatedAttributeRound0/phoneId
output:/Resolved_Customer.cdm.json/Resolved_Customer/attributeContext/Resolved_Customer/ContactAt/_generatedAttributeSet_template/_generatedAttributeRound0/phoneId/Resolved_Customer/hasAttributes/phoneId/(ref)
Resolved_Customer/attributeContext/Resolved_Customer/ContactAt/_generatedAttributeSet_template/_generatedAttributeRound0/number
output:/Resolved_Customer.cdm.json/Resolved_Customer/attributeContext/Resolved_Customer/ContactAt/_generatedAttributeSet_template/_generatedAttributeRound0/number/Resolved_Customer/hasAttributes/number/(ref)
Resolved_Customer/attributeContext/Resolved_Customer/ContactAt/_generatedAttributeSet_template/_generatedAttributeRound0/socialId
output:/Resolved_Customer.cdm.json/Resolved_Customer/attributeContext/Resolved_Customer/ContactAt/_generatedAttributeSet_template/_generatedAttributeRound0/socialId/Resolved_Customer/hasAttributes/socialId/(ref)
Resolved_Customer/attributeContext/Resolved_Customer/ContactAt/_generatedAttributeSet_template/_generatedAttributeRound0/account
output:/Resolved_Customer.cdm.json/Resolved_Customer/attributeContext/Resolved_Customer/ContactAt/_generatedAttributeSet_template/_generatedAttributeRound0/account/Resolved_Customer/hasAttributes/account/(ref)
Resolved_Customer/attributeContext/Resolved_Customer/ContactAt/_generatedAttributeSet
Resolved_Customer/attributeContext/Resolved_Customer/ContactAt/_generatedAttributeSet/_generatedAttributeRound0
Resolved_Customer/attributeContext/Resolved_Customer/ContactAt/_generatedAttributeSet/_generatedAttributeRound0/_selectedEntityName
output:/Resolved_Customer.cdm.json/Resolved_Customer/attributeContext/Resolved_Customer/ContactAt/_generatedAttributeSet/_generatedAttributeRound0/_selectedEntityName/Resolved_Customer/hasAttributes/someType/(ref)
output:/Resolved_Customer.cdm.json/Resolved_Customer/hasAttributes/emailId
is.dataFormat.character
is.dataFormat.big
is.dataFormat.array
is.identifiedBy
  [Parameter (Name / DefaultValue): attribute / this.attribute]
  [Argument Value: Resolved_Customer/(resolvedAttributes)/emailId]
is.dataFormat.character
is.dataFormat.array
output:/Resolved_Customer.cdm.json/Resolved_Customer/hasAttributes/address
is.dataFormat.character
is.dataFormat.big
is.dataFormat.array
is.dataFormat.character
is.dataFormat.array
output:/Resolved_Customer.cdm.json/Resolved_Customer/hasAttributes/isPrimary
is.dataFormat.boolean
is.dataFormat.boolean
output:/Resolved_Customer.cdm.json/Resolved_Customer/hasAttributes/phoneId
is.dataFormat.character
is.dataFormat.big
is.dataFormat.array
is.identifiedBy
  [Parameter (Name / DefaultValue): attribute / this.attribute]
  [Argument Value: Resolved_Customer/(resolvedAttributes)/phoneId]
is.dataFormat.character
is.dataFormat.array
output:/Resolved_Customer.cdm.json/Resolved_Customer/hasAttributes/number
is.dataFormat.character
is.dataFormat.big
is.dataFormat.array
is.dataFormat.character
is.dataFormat.array
output:/Resolved_Customer.cdm.json/Resolved_Customer/hasAttributes/socialId
is.dataFormat.character
is.dataFormat.big
is.dataFormat.array
is.identifiedBy
  [Parameter (Name / DefaultValue): attribute / this.attribute]
  [Argument Value: Resolved_Customer/(resolvedAttributes)/socialId]
is.dataFormat.character
is.dataFormat.array
output:/Resolved_Customer.cdm.json/Resolved_Customer/hasAttributes/account
is.dataFormat.character
is.dataFormat.big
is.dataFormat.array
is.dataFormat.character
is.dataFormat.array
output:/Resolved_Customer.cdm.json/Resolved_Customer/hasAttributes/someType
is.dataFormat.character
is.dataFormat.big
is.dataFormat.array
means.entityName
is.linkedEntity.name
is.dataFormat.character
is.dataFormat.array
