Resolved_NewPerson/attributeContext/Resolved_NewPerson/extends
Resolved_NewPerson/attributeContext/Resolved_NewPerson/extends/CdmEntity
Resolved_NewPerson/attributeContext/Resolved_NewPerson/PersonInfo
Resolved_NewPerson/attributeContext/Resolved_NewPerson/PersonInfo/projection
Resolved_NewPerson/attributeContext/Resolved_NewPerson/PersonInfo/projection/source
Resolved_NewPerson/attributeContext/Resolved_NewPerson/PersonInfo/projection/source/projection
Resolved_NewPerson/attributeContext/Resolved_NewPerson/PersonInfo/projection/source/projection/source
Resolved_NewPerson/attributeContext/Resolved_NewPerson/PersonInfo/projection/source/projection/source/projection
Resolved_NewPerson/attributeContext/Resolved_NewPerson/PersonInfo/projection/source/projection/source/projection/source
Resolved_NewPerson/attributeContext/Resolved_NewPerson/PersonInfo/projection/source/projection/source/projection/source/projection
Resolved_NewPerson/attributeContext/Resolved_NewPerson/PersonInfo/projection/source/projection/source/projection/source/projection/source
Resolved_NewPerson/attributeContext/Resolved_NewPerson/PersonInfo/projection/source/projection/source/projection/source/projection/source/projection
Resolved_NewPerson/attributeContext/Resolved_NewPerson/PersonInfo/projection/source/projection/source/projection/source/projection/source/projection/source
Resolved_NewPerson/attributeContext/Resolved_NewPerson/PersonInfo/projection/source/projection/source/projection/source/projection/source/projection/source/Person
Resolved_NewPerson/attributeContext/Resolved_NewPerson/PersonInfo/projection/source/projection/source/projection/source/projection/source/projection/source/Person/name
Resolved_NewPerson/attributeContext/Resolved_NewPerson/PersonInfo/projection/source/projection/source/projection/source/projection/source/projection/source/Person/age
Resolved_NewPerson/attributeContext/Resolved_NewPerson/PersonInfo/projection/source/projection/source/projection/source/projection/source/projection/source/Person/address
Resolved_NewPerson/attributeContext/Resolved_NewPerson/PersonInfo/projection/source/projection/source/projection/source/projection/source/projection/source/Person/phoneNumber
Resolved_NewPerson/attributeContext/Resolved_NewPerson/PersonInfo/projection/source/projection/source/projection/source/projection/source/projection/source/Person/email
Resolved_NewPerson/attributeContext/Resolved_NewPerson/PersonInfo/projection/source/projection/source/_generatedAttributeSet
Resolved_NewPerson/attributeContext/Resolved_NewPerson/PersonInfo/projection/source/projection/source/_generatedAttributeSet/operation/index1/operationRenameAttributes
Resolved_NewPerson/attributeContext/Resolved_NewPerson/PersonInfo/projection/source/projection/source/_generatedAttributeSet/operation/index1/operationRenameAttributes/name
Resolved_NewPerson/attributeContext/Resolved_NewPerson/PersonInfo/projection/source/projection/source/_generatedAttributeSet/operation/index1/operationRenameAttributes/name/NewName
output:/Resolved_NewPerson.cdm.json/Resolved_NewPerson/attributeContext/Resolved_NewPerson/PersonInfo/projection/source/projection/source/_generatedAttributeSet/operation/index1/operationRenameAttributes/name/NewName/Resolved_NewPerson/hasAttributes/NewName/(ref)
Resolved_NewPerson/attributeContext/Resolved_NewPerson/PersonInfo/projection/source/projection/source/_generatedAttributeSet/operation/index1/operationRenameAttributes/age
Resolved_NewPerson/attributeContext/Resolved_NewPerson/PersonInfo/projection/source/projection/source/_generatedAttributeSet/operation/index1/operationRenameAttributes/age/NewAge
output:/Resolved_NewPerson.cdm.json/Resolved_NewPerson/attributeContext/Resolved_NewPerson/PersonInfo/projection/source/projection/source/_generatedAttributeSet/operation/index1/operationRenameAttributes/age/NewAge/Resolved_NewPerson/hasAttributes/NewAge/(ref)
Resolved_NewPerson/attributeContext/Resolved_NewPerson/PersonInfo/projection/source/projection/source/_generatedAttributeSet/operation/index1/operationRenameAttributes/address
Resolved_NewPerson/attributeContext/Resolved_NewPerson/PersonInfo/projection/source/projection/source/_generatedAttributeSet/operation/index1/operationRenameAttributes/address/NewAddress
output:/Resolved_NewPerson.cdm.json/Resolved_NewPerson/attributeContext/Resolved_NewPerson/PersonInfo/projection/source/projection/source/_generatedAttributeSet/operation/index1/operationRenameAttributes/address/NewAddress/Resolved_NewPerson/hasAttributes/NewAddress/(ref)
Resolved_NewPerson/attributeContext/Resolved_NewPerson/PersonInfo/projection/source/projection/source/_generatedAttributeSet/operation/index1/operationRenameAttributes/phoneNumber
Resolved_NewPerson/attributeContext/Resolved_NewPerson/PersonInfo/projection/source/projection/source/_generatedAttributeSet/operation/index1/operationRenameAttributes/phoneNumber/NewPhoneNumber
output:/Resolved_NewPerson.cdm.json/Resolved_NewPerson/attributeContext/Resolved_NewPerson/PersonInfo/projection/source/projection/source/_generatedAttributeSet/operation/index1/operationRenameAttributes/phoneNumber/NewPhoneNumber/Resolved_NewPerson/hasAttributes/NewPhoneNumber/(ref)
Resolved_NewPerson/attributeContext/Resolved_NewPerson/PersonInfo/projection/source/projection/source/_generatedAttributeSet/operation/index1/operationRenameAttributes/email
Resolved_NewPerson/attributeContext/Resolved_NewPerson/PersonInfo/projection/source/projection/source/_generatedAttributeSet/operation/index1/operationRenameAttributes/email/NewEmail
output:/Resolved_NewPerson.cdm.json/Resolved_NewPerson/attributeContext/Resolved_NewPerson/PersonInfo/projection/source/projection/source/_generatedAttributeSet/operation/index1/operationRenameAttributes/email/NewEmail/Resolved_NewPerson/hasAttributes/NewEmail/(ref)
output:/Resolved_NewPerson.cdm.json/Resolved_NewPerson/hasAttributes/NewName
is.dataFormat.character
is.dataFormat.big
is.dataFormat.array
is.dataFormat.character
is.dataFormat.array
output:/Resolved_NewPerson.cdm.json/Resolved_NewPerson/hasAttributes/NewAge
is.dataFormat.integer
is.dataFormat.integer
output:/Resolved_NewPerson.cdm.json/Resolved_NewPerson/hasAttributes/NewAddress
is.dataFormat.character
is.dataFormat.big
is.dataFormat.array
is.dataFormat.character
is.dataFormat.array
output:/Resolved_NewPerson.cdm.json/Resolved_NewPerson/hasAttributes/NewPhoneNumber
is.dataFormat.character
is.dataFormat.big
is.dataFormat.array
is.dataFormat.character
is.dataFormat.array
output:/Resolved_NewPerson.cdm.json/Resolved_NewPerson/hasAttributes/NewEmail
is.dataFormat.character
is.dataFormat.big
is.dataFormat.array
is.dataFormat.character
is.dataFormat.array
