Resolved_Customer/attributeContext/Resolved_Customer/extends
Resolved_Customer/attributeContext/Resolved_Customer/extends/projection
Resolved_Customer/attributeContext/Resolved_Customer/extends/projection/source
Resolved_Customer/attributeContext/Resolved_Customer/extends/projection/source/ContactInfo
Resolved_Customer/attributeContext/Resolved_Customer/extends/projection/source/ContactInfo/emailInfo
Resolved_Customer/attributeContext/Resolved_Customer/extends/projection/source/ContactInfo/emailInfo/Email
Resolved_Customer/attributeContext/Resolved_Customer/extends/projection/source/ContactInfo/emailInfo/Email/emailId
output:/Resolved_Customer.cdm.json/Resolved_Customer/attributeContext/Resolved_Customer/extends/projection/source/ContactInfo/emailInfo/Email/emailId/Resolved_Customer/hasAttributes/emailInfo/members/emailId/(ref)
Resolved_Customer/attributeContext/Resolved_Customer/extends/projection/source/ContactInfo/emailInfo/Email/address
output:/Resolved_Customer.cdm.json/Resolved_Customer/attributeContext/Resolved_Customer/extends/projection/source/ContactInfo/emailInfo/Email/address/Resolved_Customer/hasAttributes/emailInfo/members/address/(ref)
Resolved_Customer/attributeContext/Resolved_Customer/extends/projection/source/ContactInfo/emailInfo/Email/isPrimary
output:/Resolved_Customer.cdm.json/Resolved_Customer/attributeContext/Resolved_Customer/extends/projection/source/ContactInfo/emailInfo/Email/isPrimary/Resolved_Customer/hasAttributes/emailInfo/members/isPrimary/(ref)
Resolved_Customer/attributeContext/Resolved_Customer/extends/projection/source/ContactInfo/phoneInfo
Resolved_Customer/attributeContext/Resolved_Customer/extends/projection/source/ContactInfo/phoneInfo/Phone
Resolved_Customer/attributeContext/Resolved_Customer/extends/projection/source/ContactInfo/phoneInfo/Phone/phoneId
output:/Resolved_Customer.cdm.json/Resolved_Customer/attributeContext/Resolved_Customer/extends/projection/source/ContactInfo/phoneInfo/Phone/phoneId/Resolved_Customer/hasAttributes/phoneInfo/members/phoneId/(ref)
Resolved_Customer/attributeContext/Resolved_Customer/extends/projection/source/ContactInfo/phoneInfo/Phone/number
output:/Resolved_Customer.cdm.json/Resolved_Customer/attributeContext/Resolved_Customer/extends/projection/source/ContactInfo/phoneInfo/Phone/number/Resolved_Customer/hasAttributes/phoneInfo/members/number/(ref)
Resolved_Customer/attributeContext/Resolved_Customer/extends/projection/source/ContactInfo/phoneInfo/Phone/isPrimary
output:/Resolved_Customer.cdm.json/Resolved_Customer/attributeContext/Resolved_Customer/extends/projection/source/ContactInfo/phoneInfo/Phone/isPrimary/Resolved_Customer/hasAttributes/phoneInfo/members/isPrimary/(ref)
Resolved_Customer/attributeContext/Resolved_Customer/extends/projection/source/ContactInfo/socialInfo
Resolved_Customer/attributeContext/Resolved_Customer/extends/projection/source/ContactInfo/socialInfo/Social
Resolved_Customer/attributeContext/Resolved_Customer/extends/projection/source/ContactInfo/socialInfo/Social/socialId
output:/Resolved_Customer.cdm.json/Resolved_Customer/attributeContext/Resolved_Customer/extends/projection/source/ContactInfo/socialInfo/Social/socialId/Resolved_Customer/hasAttributes/socialInfo/members/socialId/(ref)
Resolved_Customer/attributeContext/Resolved_Customer/extends/projection/source/ContactInfo/socialInfo/Social/account
output:/Resolved_Customer.cdm.json/Resolved_Customer/attributeContext/Resolved_Customer/extends/projection/source/ContactInfo/socialInfo/Social/account/Resolved_Customer/hasAttributes/socialInfo/members/account/(ref)
Resolved_Customer/attributeContext/Resolved_Customer/extends/projection/source/ContactInfo/socialInfo/Social/isPrimary
output:/Resolved_Customer.cdm.json/Resolved_Customer/attributeContext/Resolved_Customer/extends/projection/source/ContactInfo/socialInfo/Social/isPrimary/Resolved_Customer/hasAttributes/socialInfo/members/isPrimary/(ref)
Resolved_Customer/attributeContext/Resolved_Customer/extends/_generatedAttributeSet
Resolved_Customer/attributeContext/Resolved_Customer/extends/_generatedAttributeSet/operation/index1/operationAddTypeAttribute
Resolved_Customer/attributeContext/Resolved_Customer/extends/_generatedAttributeSet/operation/index1/operationAddTypeAttribute/_selectedEntityName
output:/Resolved_Customer.cdm.json/Resolved_Customer/attributeContext/Resolved_Customer/extends/_generatedAttributeSet/operation/index1/operationAddTypeAttribute/_selectedEntityName/Resolved_Customer/hasAttributes/someType/(ref)
output:/Resolved_Customer.cdm.json/Resolved_Customer/hasAttributes/emailInfo/(ref)
output:/Resolved_Customer.cdm.json/Resolved_Customer/hasAttributes/emailInfo
output:/Resolved_Customer.cdm.json/Resolved_Customer/hasAttributes/emailInfo/members/emailId
is.dataFormat.character
is.dataFormat.big
is.dataFormat.array
is.identifiedBy
  [Parameter (Name / DefaultValue): attribute / this.attribute]
  [Argument Value: emailId]
is.dataFormat.character
is.dataFormat.array
output:/Resolved_Customer.cdm.json/Resolved_Customer/hasAttributes/emailInfo/members/address
is.dataFormat.character
is.dataFormat.big
is.dataFormat.array
is.dataFormat.character
is.dataFormat.array
output:/Resolved_Customer.cdm.json/Resolved_Customer/hasAttributes/emailInfo/members/isPrimary
is.dataFormat.boolean
is.dataFormat.boolean
output:/Resolved_Customer.cdm.json/Resolved_Customer/hasAttributes/phoneInfo/(ref)
output:/Resolved_Customer.cdm.json/Resolved_Customer/hasAttributes/phoneInfo
output:/Resolved_Customer.cdm.json/Resolved_Customer/hasAttributes/phoneInfo/members/phoneId
is.dataFormat.character
is.dataFormat.big
is.dataFormat.array
is.identifiedBy
  [Parameter (Name / DefaultValue): attribute / this.attribute]
  [Argument Value: phoneId]
is.dataFormat.character
is.dataFormat.array
output:/Resolved_Customer.cdm.json/Resolved_Customer/hasAttributes/phoneInfo/members/number
is.dataFormat.character
is.dataFormat.big
is.dataFormat.array
is.dataFormat.character
is.dataFormat.array
output:/Resolved_Customer.cdm.json/Resolved_Customer/hasAttributes/phoneInfo/members/isPrimary
is.dataFormat.boolean
is.dataFormat.boolean
output:/Resolved_Customer.cdm.json/Resolved_Customer/hasAttributes/socialInfo/(ref)
output:/Resolved_Customer.cdm.json/Resolved_Customer/hasAttributes/socialInfo
output:/Resolved_Customer.cdm.json/Resolved_Customer/hasAttributes/socialInfo/members/socialId
is.dataFormat.character
is.dataFormat.big
is.dataFormat.array
is.identifiedBy
  [Parameter (Name / DefaultValue): attribute / this.attribute]
  [Argument Value: socialId]
is.dataFormat.character
is.dataFormat.array
output:/Resolved_Customer.cdm.json/Resolved_Customer/hasAttributes/socialInfo/members/account
is.dataFormat.character
is.dataFormat.big
is.dataFormat.array
is.dataFormat.character
is.dataFormat.array
output:/Resolved_Customer.cdm.json/Resolved_Customer/hasAttributes/socialInfo/members/isPrimary
is.dataFormat.boolean
is.dataFormat.boolean
output:/Resolved_Customer.cdm.json/Resolved_Customer/hasAttributes/someType
is.dataFormat.character
is.dataFormat.big
is.dataFormat.array
means.entityName
is.linkedEntity.name
is.dataFormat.character
is.dataFormat.array
