{
  "manifestName": "sample",
  "explanation": "sample description",
  "exhibitsTraits": [
    {
      "traitReference": "is.modelConversion.modelVersion",
      "arguments": [
        {
          "name": "version",
          "value": "1.0"
        }
      ]
    },
    {
      "traitReference": "is.modelConversion.referenceModelMap",
      "arguments": [
        {
          "name": "referenceModelMap",
          "value": [
            {
              "id": "<workspaceId>/<ModelId>",
              "location": "http://contoso.com/Account/model.json"
            },
            {
              "id": "f19bbb97-c031-441a-8bd1-61b9181c0b83/1a7ef9c8-c7e8-45f8-9d8a-b80f8ffe4612",
              "location": "http://localhost/entity.model.json"
            }
          ]
        }
      ]
    },
    {
      "traitReference": "is.extension.pbi:mashup",
      "arguments": [
        {
          "name": "fastCombine",
          "value": true
        },
        {
          "name": "document",
          "value": "sample document query"
        },
        {
          "name": "queriesMetadata",
          "value": {
            "Orders": {
              "queryId": "88bc570c-047d-460f-8eed-c0ef17649afd",
              "queryName": "Orders",
              "loadEnabled": true
            }
          }
        }
      ]
    },
    {
      "traitReference": "is.extension.pbi:timezone",
      "arguments": [
        {
          "name": "is.extension.pbi:timezone",
          "value": "Pacific Standard Time"
        }
      ]
    }
  ],
  "entities": [
    {
      "type": "ReferencedEntity",
      "entityName": "Orders",
      "explanation": "",
      "exhibitsTraits": [
        {
          "traitReference": "is.modelConversion.otherAnnotations",
          "arguments": [
            {
              "name": "annotations",
              "value": [
                {
                  "name": "pbi:EntityTypeDisplayHint",
                  "value": "LinkedEntity"
                }
              ]
            }
          ]
        },
        {
          "traitReference": "is.propertyContent.multiTrait",
          "arguments": [
            {
              "name": "modelId",
              "value": "f19bbb97-c031-441a-8bd1-61b9181c0b83/1a7ef9c8-c7e8-45f8-9d8a-b80f8ffe4612"
            }
          ]
        }
      ]
    },
    {
      "type": "LocalEntity",
      "entityName": "sampleEntity",
      "explanation": "Sample entity description",
      "entityPath": "sampleEntity.cdm.json/sampleEntity",
      "dataPartitions": [
        {
          "location": "remote:/contoso/Account/partition.csv",
          "name": "Sample Partition",
          "exhibitsTraits": [
            {
              "traitReference": "is.extension.pbi:partitionDataQuery",
              "arguments": [
                {
                  "name": "is.extension.pbi:partitionDataQuery",
                  "value": "<sample partition query>"
                }
              ]
            },
            {
              "traitReference": "is.extension.pbi:refreshBookmark",
              "arguments": [
                {
                  "name": "is.extension.pbi:refreshBookmark",
                  "value": "2018-12-19T09:05:03.2374986Z"
                }
              ]
            },
            {
              "traitReference": "is.extension.pbi:source",
              "arguments": [
                {
                  "name": "$type",
                  "value": "RangePolicyPartitionSource"
                },
                {
                  "name": "start",
                  "value": "2018-12-19T10:05:03.2374986Z"
                },
                {
                  "name": "end",
                  "value": "2018-12-19T10:05:03.2374986Z"
                }
              ]
            }
          ]
        }
      ]
    }
  ],
  "jsonSchemaSemanticVersion": "1.4.0",
  "imports": [
    {
      "corpusPath": "cdm:/foundations.cdm.json"
    },
    {
      "corpusPath": "cdm:/extensions/pbi.extension.cdm.json"
    }
  ]
}