{
  "jsonSchemaSemanticVersion": "1.4.0",
  "imports": [
    {
      "corpusPath": "/Input/Product.cdm.json",
      "moniker": "resolvedFrom"
    }
  ],
  "definitions": [
    {
      "entityName": "Product_R_d",
      "exhibitsTraits": [
        {
          "traitReference": "has.entitySchemaAbstractionLevel",
          "arguments": [
            {
              "name": "level",
              "value": "resolved"
            }
          ]
        }
      ],
      "attributeContext": {
        "type": "entity",
        "name": "Product_R_d",
        "definition": "resolvedFrom/Product",
        "contents": [
          {
            "type": "entityReferenceExtends",
            "name": "extends",
            "parent": "Product_R_d/attributeContext/Product_R_d",
            "contents": [
              {
                "type": "entity",
                "name": "CdmEntity",
                "parent": "Product_R_d/attributeContext/Product_R_d/extends",
                "definition": "resolvedFrom/CdmEntity"
              }
            ]
          },
          {
            "type": "attributeDefinition",
            "name": "ID",
            "parent": "Product_R_d/attributeContext/Product_R_d",
            "definition": "resolvedFrom/Product/hasAttributes/ID",
            "contents": [
              "Product_R_d/hasAttributes/ID"
            ]
          },
          {
            "type": "attributeDefinition",
            "name": "StateCode",
            "parent": "Product_R_d/attributeContext/Product_R_d",
            "definition": "resolvedFrom/Product/hasAttributes/StateCode",
            "contents": [
              "Product_R_d/hasAttributes/StateCode"
            ]
          },
          {
            "type": "attributeDefinition",
            "name": "StateCode_display",
            "parent": "Product_R_d/attributeContext/Product_R_d",
            "definition": "resolvedFrom/Product/hasAttributes/StateCode_display",
            "contents": [
              "Product_R_d/hasAttributes/StateCode_display"
            ]
          },
          {
            "type": "attributeDefinition",
            "name": "StatusCode",
            "parent": "Product_R_d/attributeContext/Product_R_d",
            "definition": "resolvedFrom/Product/hasAttributes/StatusCode",
            "contents": [
              "Product_R_d/hasAttributes/StatusCode"
            ]
          },
          {
            "type": "attributeDefinition",
            "name": "StatusCode_display",
            "parent": "Product_R_d/attributeContext/Product_R_d",
            "definition": "resolvedFrom/Product/hasAttributes/StatusCode_display",
            "contents": [
              "Product_R_d/hasAttributes/StatusCode_display"
            ]
          }
        ]
      },
      "hasAttributes": [
        {
          "name": "ID",
          "appliedTraits": [
            "is.dataFormat.character",
            "is.dataFormat.big",
            "is.dataFormat.array",
            "is.dataFormat.guid",
            "means.identity.entityId"
          ],
          "attributeContext": "Product_R_d/attributeContext/Product_R_d/ID",
          "isPrimaryKey": true,
          "dataFormat": "Guid",
          "sourceName": "ID"
        },
        {
          "name": "StateCode",
          "appliedTraits": [
            "is.dataFormat.integer"
          ],
          "attributeContext": "Product_R_d/attributeContext/Product_R_d/StateCode",
          "dataFormat": "Int32",
          "sourceName": "StateCode",
          "defaultValue": [
            {
              "languageTag": "en",
              "displayText": "Active",
              "attributeValue": "0",
              "displayOrder": "0"
            },
            {
              "languageTag": "en",
              "displayText": "Inactive",
              "attributeValue": "1",
              "displayOrder": "1"
            }
          ]
        },
        {
          "name": "StateCode_display",
          "appliedTraits": [
            {
              "traitReference": "is.addedInSupportOf",
              "arguments": [
                "StateCode"
              ]
            },
            "is.dataFormat.character",
            "is.dataFormat.array"
          ],
          "attributeContext": "Product_R_d/attributeContext/Product_R_d/StateCode_display",
          "dataFormat": "String"
        },
        {
          "name": "StatusCode",
          "appliedTraits": [
            "is.dataFormat.integer",
            {
              "traitReference": "is.correlatedWith",
              "arguments": [
                "StateCode"
              ]
            }
          ],
          "attributeContext": "Product_R_d/attributeContext/Product_R_d/StatusCode",
          "dataFormat": "Int32",
          "sourceName": "StatusCode",
          "defaultValue": [
            {
              "languageTag": "en",
              "displayText": "Active",
              "attributeValue": "1",
              "displayOrder": "0",
              "correlatedValue": "0"
            },
            {
              "languageTag": "en",
              "displayText": "Inactive",
              "attributeValue": "2",
              "displayOrder": "1",
              "correlatedValue": "1"
            }
          ]
        },
        {
          "name": "StatusCode_display",
          "appliedTraits": [
            {
              "traitReference": "is.addedInSupportOf",
              "arguments": [
                "StatusCode"
              ]
            },
            "is.dataFormat.character",
            "is.dataFormat.array"
          ],
          "attributeContext": "Product_R_d/attributeContext/Product_R_d/StatusCode_display",
          "dataFormat": "String"
        }
      ],
      "sourceName": "Product",
      "displayName": "Product",
      "description": "Product information.",
      "version": "1.1"
    }
  ]
}