Resolved_NewPerson/attributeContext/Resolved_NewPerson/extends
Resolved_NewPerson/attributeContext/Resolved_NewPerson/extends/projection
Resolved_NewPerson/attributeContext/Resolved_NewPerson/extends/projection/source
Resolved_NewPerson/attributeContext/Resolved_NewPerson/extends/projection/source/Person
Resolved_NewPerson/attributeContext/Resolved_NewPerson/extends/projection/source/Person/name
output:/Resolved_NewPerson.cdm.json/Resolved_NewPerson/attributeContext/Resolved_NewPerson/extends/projection/source/Person/name/Resolved_NewPerson/hasAttributes/name/(ref)
Resolved_NewPerson/attributeContext/Resolved_NewPerson/extends/projection/source/Person/age
output:/Resolved_NewPerson.cdm.json/Resolved_NewPerson/attributeContext/Resolved_NewPerson/extends/projection/source/Person/age/Resolved_NewPerson/hasAttributes/age/(ref)
Resolved_NewPerson/attributeContext/Resolved_NewPerson/extends/projection/source/Person/address
output:/Resolved_NewPerson.cdm.json/Resolved_NewPerson/attributeContext/Resolved_NewPerson/extends/projection/source/Person/address/Resolved_NewPerson/hasAttributes/address/(ref)
Resolved_NewPerson/attributeContext/Resolved_NewPerson/extends/projection/source/Person/phoneNumber
output:/Resolved_NewPerson.cdm.json/Resolved_NewPerson/attributeContext/Resolved_NewPerson/extends/projection/source/Person/phoneNumber/Resolved_NewPerson/hasAttributes/phoneNumber/(ref)
Resolved_NewPerson/attributeContext/Resolved_NewPerson/extends/projection/source/Person/email
output:/Resolved_NewPerson.cdm.json/Resolved_NewPerson/attributeContext/Resolved_NewPerson/extends/projection/source/Person/email/Resolved_NewPerson/hasAttributes/email/(ref)
Resolved_NewPerson/attributeContext/Resolved_NewPerson/extends/_generatedAttributeSet
Resolved_NewPerson/attributeContext/Resolved_NewPerson/extends/_generatedAttributeSet/operation/index1/operationAddSupportingAttribute
Resolved_NewPerson/attributeContext/Resolved_NewPerson/extends/_generatedAttributeSet/operation/index1/operationAddSupportingAttribute/PersonInfo_display
output:/Resolved_NewPerson.cdm.json/Resolved_NewPerson/attributeContext/Resolved_NewPerson/extends/_generatedAttributeSet/operation/index1/operationAddSupportingAttribute/PersonInfo_display/Resolved_NewPerson/hasAttributes/PersonInfo_display/(ref)
output:/Resolved_NewPerson.cdm.json/Resolved_NewPerson/hasAttributes/name
is.dataFormat.character
is.dataFormat.big
is.dataFormat.array
is.dataFormat.character
is.dataFormat.array
output:/Resolved_NewPerson.cdm.json/Resolved_NewPerson/hasAttributes/age
is.dataFormat.integer
is.dataFormat.integer
output:/Resolved_NewPerson.cdm.json/Resolved_NewPerson/hasAttributes/address
is.dataFormat.character
is.dataFormat.big
is.dataFormat.array
is.dataFormat.character
is.dataFormat.array
output:/Resolved_NewPerson.cdm.json/Resolved_NewPerson/hasAttributes/phoneNumber
is.dataFormat.character
is.dataFormat.big
is.dataFormat.array
is.dataFormat.character
is.dataFormat.array
output:/Resolved_NewPerson.cdm.json/Resolved_NewPerson/hasAttributes/email
is.dataFormat.character
is.dataFormat.big
is.dataFormat.array
is.dataFormat.character
is.dataFormat.array
output:/Resolved_NewPerson.cdm.json/Resolved_NewPerson/hasAttributes/PersonInfo_display
is.dataFormat.character
is.dataFormat.big
is.dataFormat.array
is.addedInSupportOf
  [Parameter (Name / DefaultValue): inSupportOf / ]
  [Argument Value: email]
is.virtual.attribute
is.dataFormat.character
is.dataFormat.array
