Resolved_FriendGroup/attributeContext/Resolved_FriendGroup/extends
Resolved_FriendGroup/attributeContext/Resolved_FriendGroup/extends/CdmEntity
Resolved_FriendGroup/attributeContext/Resolved_FriendGroup/GroupOfPeople
Resolved_FriendGroup/attributeContext/Resolved_FriendGroup/GroupOfPeople/ThreeMusketeers
Resolved_FriendGroup/attributeContext/Resolved_FriendGroup/GroupOfPeople/ThreeMusketeers/extends
Resolved_FriendGroup/attributeContext/Resolved_FriendGroup/GroupOfPeople/ThreeMusketeers/extends/CdmEntity
Resolved_FriendGroup/attributeContext/Resolved_FriendGroup/GroupOfPeople/ThreeMusketeers/ThreePeople
Resolved_FriendGroup/attributeContext/Resolved_FriendGroup/GroupOfPeople/ThreeMusketeers/ThreePeople/Person
Resolved_FriendGroup/attributeContext/Resolved_FriendGroup/GroupOfPeople/ThreeMusketeers/ThreePeople/Person/extends
Resolved_FriendGroup/attributeContext/Resolved_FriendGroup/GroupOfPeople/ThreeMusketeers/ThreePeople/Person/extends/CdmEntity
