Resolved_FriendGroup/attributeContext/Resolved_FriendGroup/extends
Resolved_FriendGroup/attributeContext/Resolved_FriendGroup/extends/CdmEntity
Resolved_FriendGroup/attributeContext/Resolved_FriendGroup/GroupOfPeople
Resolved_FriendGroup/attributeContext/Resolved_FriendGroup/GroupOfPeople/ThreeMusketeers
Resolved_FriendGroup/attributeContext/Resolved_FriendGroup/GroupOfPeople/ThreeMusketeers/extends
Resolved_FriendGroup/attributeContext/Resolved_FriendGroup/GroupOfPeople/ThreeMusketeers/extends/CdmEntity
Resolved_FriendGroup/attributeContext/Resolved_FriendGroup/GroupOfPeople/ThreeMusketeers/ThreePeople
Resolved_FriendGroup/attributeContext/Resolved_FriendGroup/GroupOfPeople/ThreeMusketeers/ThreePeople/Person
Resolved_FriendGroup/attributeContext/Resolved_FriendGroup/GroupOfPeople/ThreeMusketeers/ThreePeople/Person/extends
Resolved_FriendGroup/attributeContext/Resolved_FriendGroup/GroupOfPeople/ThreeMusketeers/ThreePeople/Person/extends/CdmEntity
Resolved_FriendGroup/attributeContext/Resolved_FriendGroup/GroupOfPeople/ThreeMusketeers/ThreePeople/_generatedAttributeSet
Resolved_FriendGroup/attributeContext/Resolved_FriendGroup/GroupOfPeople/ThreeMusketeers/ThreePeople/_generatedAttributeSet/personCount
output:/Resolved_FriendGroup.cdm.json/Resolved_FriendGroup/attributeContext/Resolved_FriendGroup/GroupOfPeople/ThreeMusketeers/ThreePeople/_generatedAttributeSet/personCount/Resolved_FriendGroup/hasAttributes/GroupOfPeople/members/personCount/(ref)
Resolved_FriendGroup/attributeContext/Resolved_FriendGroup/GroupOfPeople/ThreeMusketeers/ThreePeople/_generatedAttributeSet/_generatedAttributeRound0
Resolved_FriendGroup/attributeContext/Resolved_FriendGroup/GroupOfPeople/ThreeMusketeers/ThreePeople/_generatedAttributeSet/_generatedAttributeRound0/name1
output:/Resolved_FriendGroup.cdm.json/Resolved_FriendGroup/attributeContext/Resolved_FriendGroup/GroupOfPeople/ThreeMusketeers/ThreePeople/_generatedAttributeSet/_generatedAttributeRound0/name1/Resolved_FriendGroup/hasAttributes/GroupOfPeople/members/name1/(ref)
Resolved_FriendGroup/attributeContext/Resolved_FriendGroup/GroupOfPeople/ThreeMusketeers/ThreePeople/_generatedAttributeSet/_generatedAttributeRound0/age1
output:/Resolved_FriendGroup.cdm.json/Resolved_FriendGroup/attributeContext/Resolved_FriendGroup/GroupOfPeople/ThreeMusketeers/ThreePeople/_generatedAttributeSet/_generatedAttributeRound0/age1/Resolved_FriendGroup/hasAttributes/GroupOfPeople/members/age1/(ref)
Resolved_FriendGroup/attributeContext/Resolved_FriendGroup/GroupOfPeople/ThreeMusketeers/ThreePeople/_generatedAttributeSet/_generatedAttributeRound0/address1
output:/Resolved_FriendGroup.cdm.json/Resolved_FriendGroup/attributeContext/Resolved_FriendGroup/GroupOfPeople/ThreeMusketeers/ThreePeople/_generatedAttributeSet/_generatedAttributeRound0/address1/Resolved_FriendGroup/hasAttributes/GroupOfPeople/members/address1/(ref)
Resolved_FriendGroup/attributeContext/Resolved_FriendGroup/GroupOfPeople/ThreeMusketeers/ThreePeople/_generatedAttributeSet/_generatedAttributeRound1
Resolved_FriendGroup/attributeContext/Resolved_FriendGroup/GroupOfPeople/ThreeMusketeers/ThreePeople/_generatedAttributeSet/_generatedAttributeRound1/name2
output:/Resolved_FriendGroup.cdm.json/Resolved_FriendGroup/attributeContext/Resolved_FriendGroup/GroupOfPeople/ThreeMusketeers/ThreePeople/_generatedAttributeSet/_generatedAttributeRound1/name2/Resolved_FriendGroup/hasAttributes/GroupOfPeople/members/name2/(ref)
Resolved_FriendGroup/attributeContext/Resolved_FriendGroup/GroupOfPeople/ThreeMusketeers/ThreePeople/_generatedAttributeSet/_generatedAttributeRound1/age2
output:/Resolved_FriendGroup.cdm.json/Resolved_FriendGroup/attributeContext/Resolved_FriendGroup/GroupOfPeople/ThreeMusketeers/ThreePeople/_generatedAttributeSet/_generatedAttributeRound1/age2/Resolved_FriendGroup/hasAttributes/GroupOfPeople/members/age2/(ref)
Resolved_FriendGroup/attributeContext/Resolved_FriendGroup/GroupOfPeople/ThreeMusketeers/ThreePeople/_generatedAttributeSet/_generatedAttributeRound1/address2
output:/Resolved_FriendGroup.cdm.json/Resolved_FriendGroup/attributeContext/Resolved_FriendGroup/GroupOfPeople/ThreeMusketeers/ThreePeople/_generatedAttributeSet/_generatedAttributeRound1/address2/Resolved_FriendGroup/hasAttributes/GroupOfPeople/members/address2/(ref)
output:/Resolved_FriendGroup.cdm.json/Resolved_FriendGroup/hasAttributes/GroupOfPeople/(ref)
output:/Resolved_FriendGroup.cdm.json/Resolved_FriendGroup/hasAttributes/GroupOfPeople
is.linkedEntity.array
output:/Resolved_FriendGroup.cdm.json/Resolved_FriendGroup/hasAttributes/GroupOfPeople/members/personCount
is.dataFormat.integer
is.linkedEntity.array.count
is.dataFormat.integer
output:/Resolved_FriendGroup.cdm.json/Resolved_FriendGroup/hasAttributes/GroupOfPeople/members/name1
is.dataFormat.character
is.dataFormat.big
is.dataFormat.array
is.dataFormat.character
is.dataFormat.array
output:/Resolved_FriendGroup.cdm.json/Resolved_FriendGroup/hasAttributes/GroupOfPeople/members/age1
is.dataFormat.integer
is.dataFormat.integer
output:/Resolved_FriendGroup.cdm.json/Resolved_FriendGroup/hasAttributes/GroupOfPeople/members/address1
is.dataFormat.character
is.dataFormat.big
is.dataFormat.array
is.dataFormat.character
is.dataFormat.array
output:/Resolved_FriendGroup.cdm.json/Resolved_FriendGroup/hasAttributes/GroupOfPeople/members/name2
is.dataFormat.character
is.dataFormat.big
is.dataFormat.array
is.dataFormat.character
is.dataFormat.array
output:/Resolved_FriendGroup.cdm.json/Resolved_FriendGroup/hasAttributes/GroupOfPeople/members/age2
is.dataFormat.integer
is.dataFormat.integer
output:/Resolved_FriendGroup.cdm.json/Resolved_FriendGroup/hasAttributes/GroupOfPeople/members/address2
is.dataFormat.character
is.dataFormat.big
is.dataFormat.array
is.dataFormat.character
is.dataFormat.array
