Resolved_SalesGroupFK/attributeContext/Resolved_SalesGroupFK/extends
Resolved_SalesGroupFK/attributeContext/Resolved_SalesGroupFK/extends/CdmEntity
Resolved_SalesGroupFK/attributeContext/Resolved_SalesGroupFK/SalesForeignKeyAmount
output:/Resolved_SalesGroupFK.cdm.json/Resolved_SalesGroupFK/attributeContext/Resolved_SalesGroupFK/SalesForeignKeyAmount/Resolved_SalesGroupFK/hasAttributes/SalesForeignKeyAmount/(ref)
Resolved_SalesGroupFK/attributeContext/Resolved_SalesGroupFK/SalesForeignKeyProductId
Resolved_SalesGroupFK/attributeContext/Resolved_SalesGroupFK/SalesForeignKeyProductId/ProductGroup
Resolved_SalesGroupFK/attributeContext/Resolved_SalesGroupFK/SalesForeignKeyProductId/ProductGroup/extends
Resolved_SalesGroupFK/attributeContext/Resolved_SalesGroupFK/SalesForeignKeyProductId/ProductGroup/extends/CdmEntity
Resolved_SalesGroupFK/attributeContext/Resolved_SalesGroupFK/SalesForeignKeyProductId/ProductGroup/testGroup
Resolved_SalesGroupFK/attributeContext/Resolved_SalesGroupFK/SalesForeignKeyProductId/ProductGroup/testGroup/testGroup
Resolved_SalesGroupFK/attributeContext/Resolved_SalesGroupFK/SalesForeignKeyProductId/ProductGroup/testGroup/testGroup/ProductId
output:/Resolved_SalesGroupFK.cdm.json/Resolved_SalesGroupFK/attributeContext/Resolved_SalesGroupFK/SalesForeignKeyProductId/ProductGroup/testGroup/testGroup/ProductId/Resolved_SalesGroupFK/hasAttributes/SalesForeignKeyProductId/members/ProductId/(ref)
Resolved_SalesGroupFK/attributeContext/Resolved_SalesGroupFK/SalesForeignKeyProductId/ProductGroup/testGroup/testGroup/ProductName
output:/Resolved_SalesGroupFK.cdm.json/Resolved_SalesGroupFK/attributeContext/Resolved_SalesGroupFK/SalesForeignKeyProductId/ProductGroup/testGroup/testGroup/ProductName/Resolved_SalesGroupFK/hasAttributes/SalesForeignKeyProductId/members/ProductName/(ref)
output:/Resolved_SalesGroupFK.cdm.json/Resolved_SalesGroupFK/hasAttributes/SalesForeignKeyAmount
is.dataFormat.numeric.shaped
is.dataFormat.numeric.shaped
output:/Resolved_SalesGroupFK.cdm.json/Resolved_SalesGroupFK/hasAttributes/SalesForeignKeyProductId/(ref)
output:/Resolved_SalesGroupFK.cdm.json/Resolved_SalesGroupFK/hasAttributes/SalesForeignKeyProductId
output:/Resolved_SalesGroupFK.cdm.json/Resolved_SalesGroupFK/hasAttributes/SalesForeignKeyProductId/members/ProductId
is.dataFormat.integer
is.identifiedBy
  [Parameter (Name / DefaultValue): attribute / this.attribute]
  [Argument Value: ProductId]
is.dataFormat.integer
output:/Resolved_SalesGroupFK.cdm.json/Resolved_SalesGroupFK/hasAttributes/SalesForeignKeyProductId/members/ProductName
is.dataFormat.character
is.dataFormat.big
is.dataFormat.array
is.dataFormat.character
is.dataFormat.array
