Resolved_SalesGroupFK/attributeContext/Resolved_SalesGroupFK/extends
Resolved_SalesGroupFK/attributeContext/Resolved_SalesGroupFK/extends/CdmEntity
Resolved_SalesGroupFK/attributeContext/Resolved_SalesGroupFK/SalesForeignKeyAmount
output:/Resolved_SalesGroupFK.cdm.json/Resolved_SalesGroupFK/attributeContext/Resolved_SalesGroupFK/SalesForeignKeyAmount/Resolved_SalesGroupFK/hasAttributes/SalesForeignKeyAmount/(ref)
Resolved_SalesGroupFK/attributeContext/Resolved_SalesGroupFK/SalesForeignKeyProductId
Resolved_SalesGroupFK/attributeContext/Resolved_SalesGroupFK/SalesForeignKeyProductId/ProductGroup
Resolved_SalesGroupFK/attributeContext/Resolved_SalesGroupFK/SalesForeignKeyProductId/ProductGroup/extends
Resolved_SalesGroupFK/attributeContext/Resolved_SalesGroupFK/SalesForeignKeyProductId/ProductGroup/extends/CdmEntity
Resolved_SalesGroupFK/attributeContext/Resolved_SalesGroupFK/SalesForeignKeyProductId/ProductGroup/testGroup
Resolved_SalesGroupFK/attributeContext/Resolved_SalesGroupFK/SalesForeignKeyProductId/ProductGroup/testGroup/testGroup
Resolved_SalesGroupFK/attributeContext/Resolved_SalesGroupFK/SalesForeignKeyProductId/ProductGroup/testGroup/testGroup/ProductId
Resolved_SalesGroupFK/attributeContext/Resolved_SalesGroupFK/SalesForeignKeyProductId/ProductGroup/testGroup/testGroup/ProductName
Resolved_SalesGroupFK/attributeContext/Resolved_SalesGroupFK/SalesForeignKeyProductId/_generatedAttributeSet_template
Resolved_SalesGroupFK/attributeContext/Resolved_SalesGroupFK/SalesForeignKeyProductId/_generatedAttributeSet_template/_generatedAttributeRound0
Resolved_SalesGroupFK/attributeContext/Resolved_SalesGroupFK/SalesForeignKeyProductId/_generatedAttributeSet_template/_generatedAttributeRound0/ProductId
output:/Resolved_SalesGroupFK.cdm.json/Resolved_SalesGroupFK/attributeContext/Resolved_SalesGroupFK/SalesForeignKeyProductId/_generatedAttributeSet_template/_generatedAttributeRound0/ProductId/Resolved_SalesGroupFK/hasAttributes/SalesForeignKeyProductIdProductId/(ref)
Resolved_SalesGroupFK/attributeContext/Resolved_SalesGroupFK/SalesForeignKeyProductId/_generatedAttributeSet_template/_generatedAttributeRound0/ProductName
output:/Resolved_SalesGroupFK.cdm.json/Resolved_SalesGroupFK/attributeContext/Resolved_SalesGroupFK/SalesForeignKeyProductId/_generatedAttributeSet_template/_generatedAttributeRound0/ProductName/Resolved_SalesGroupFK/hasAttributes/SalesForeignKeyProductIdProductName/(ref)
output:/Resolved_SalesGroupFK.cdm.json/Resolved_SalesGroupFK/hasAttributes/SalesForeignKeyAmount
is.dataFormat.numeric.shaped
is.dataFormat.numeric.shaped
output:/Resolved_SalesGroupFK.cdm.json/Resolved_SalesGroupFK/hasAttributes/SalesForeignKeyProductIdProductId
is.dataFormat.integer
is.identifiedBy
  [Parameter (Name / DefaultValue): attribute / this.attribute]
  [Argument Value: Resolved_SalesGroupFK/(resolvedAttributes)/ProductId]
is.dataFormat.integer
output:/Resolved_SalesGroupFK.cdm.json/Resolved_SalesGroupFK/hasAttributes/SalesForeignKeyProductIdProductName
is.dataFormat.character
is.dataFormat.big
is.dataFormat.array
is.dataFormat.character
is.dataFormat.array
