Resolved_NewPerson/attributeContext/Resolved_NewPerson/extends
Resolved_NewPerson/attributeContext/Resolved_NewPerson/extends/CdmEntity
Resolved_NewPerson/attributeContext/Resolved_NewPerson/PersonInfo
Resolved_NewPerson/attributeContext/Resolved_NewPerson/PersonInfo/Person
Resolved_NewPerson/attributeContext/Resolved_NewPerson/PersonInfo/Person/extends
Resolved_NewPerson/attributeContext/Resolved_NewPerson/PersonInfo/Person/extends/CdmEntity
Resolved_NewPerson/attributeContext/Resolved_NewPerson/PersonInfo/Person/name
output:/Resolved_NewPerson.cdm.json/Resolved_NewPerson/attributeContext/Resolved_NewPerson/PersonInfo/Person/name/Resolved_NewPerson/hasAttributes/PersonInfo/members/name/(ref)
Resolved_NewPerson/attributeContext/Resolved_NewPerson/PersonInfo/Person/age
output:/Resolved_NewPerson.cdm.json/Resolved_NewPerson/attributeContext/Resolved_NewPerson/PersonInfo/Person/age/Resolved_NewPerson/hasAttributes/PersonInfo/members/age/(ref)
Resolved_NewPerson/attributeContext/Resolved_NewPerson/PersonInfo/Person/address
output:/Resolved_NewPerson.cdm.json/Resolved_NewPerson/attributeContext/Resolved_NewPerson/PersonInfo/Person/address/Resolved_NewPerson/hasAttributes/PersonInfo/members/address/(ref)
Resolved_NewPerson/attributeContext/Resolved_NewPerson/PersonInfo/Person/phoneNumber
output:/Resolved_NewPerson.cdm.json/Resolved_NewPerson/attributeContext/Resolved_NewPerson/PersonInfo/Person/phoneNumber/Resolved_NewPerson/hasAttributes/PersonInfo/members/phoneNumber/(ref)
Resolved_NewPerson/attributeContext/Resolved_NewPerson/PersonInfo/Person/email
output:/Resolved_NewPerson.cdm.json/Resolved_NewPerson/attributeContext/Resolved_NewPerson/PersonInfo/Person/email/Resolved_NewPerson/hasAttributes/PersonInfo/members/email/(ref)
Resolved_NewPerson/attributeContext/Resolved_NewPerson/PersonInfo/_generatedAttributeSet
Resolved_NewPerson/attributeContext/Resolved_NewPerson/PersonInfo/_generatedAttributeSet/_generatedAttributeRound0
Resolved_NewPerson/attributeContext/Resolved_NewPerson/PersonInfo/_generatedAttributeSet/_generatedAttributeRound0/supporting_name
Resolved_NewPerson/attributeContext/Resolved_NewPerson/PersonInfo/_generatedAttributeSet/_generatedAttributeRound0/supporting_age
Resolved_NewPerson/attributeContext/Resolved_NewPerson/PersonInfo/_generatedAttributeSet/_generatedAttributeRound0/supporting_address
Resolved_NewPerson/attributeContext/Resolved_NewPerson/PersonInfo/_generatedAttributeSet/_generatedAttributeRound0/supporting_phoneNumber
Resolved_NewPerson/attributeContext/Resolved_NewPerson/PersonInfo/_generatedAttributeSet/_generatedAttributeRound0/supporting_email
output:/Resolved_NewPerson.cdm.json/Resolved_NewPerson/attributeContext/Resolved_NewPerson/PersonInfo/_generatedAttributeSet/_generatedAttributeRound0/supporting_email/Resolved_NewPerson/hasAttributes/PersonInfo/members/PersonInfo_display/(ref)
output:/Resolved_NewPerson.cdm.json/Resolved_NewPerson/hasAttributes/PersonInfo/(ref)
output:/Resolved_NewPerson.cdm.json/Resolved_NewPerson/hasAttributes/PersonInfo
output:/Resolved_NewPerson.cdm.json/Resolved_NewPerson/hasAttributes/PersonInfo/members/name
is.dataFormat.character
is.dataFormat.big
is.dataFormat.array
is.dataFormat.character
is.dataFormat.array
output:/Resolved_NewPerson.cdm.json/Resolved_NewPerson/hasAttributes/PersonInfo/members/age
is.dataFormat.integer
is.dataFormat.integer
output:/Resolved_NewPerson.cdm.json/Resolved_NewPerson/hasAttributes/PersonInfo/members/address
is.dataFormat.character
is.dataFormat.big
is.dataFormat.array
is.dataFormat.character
is.dataFormat.array
output:/Resolved_NewPerson.cdm.json/Resolved_NewPerson/hasAttributes/PersonInfo/members/phoneNumber
is.dataFormat.character
is.dataFormat.big
is.dataFormat.array
is.dataFormat.character
is.dataFormat.array
output:/Resolved_NewPerson.cdm.json/Resolved_NewPerson/hasAttributes/PersonInfo/members/email
is.dataFormat.character
is.dataFormat.big
is.dataFormat.array
is.dataFormat.character
is.dataFormat.array
output:/Resolved_NewPerson.cdm.json/Resolved_NewPerson/hasAttributes/PersonInfo/members/PersonInfo_display
is.dataFormat.character
is.dataFormat.big
is.dataFormat.array
means.reference.displayText
is.addedInSupportOf
  [Parameter (Name / DefaultValue): inSupportOf / ]
  [Argument Value: email]
is.dataFormat.character
is.dataFormat.array
