something_NonPoly|local:/Person.cdm.json/Person/hasAttributes/something/entity/projection/source/NonPoly|name|local:/Person.cdm.json/Person|name
something_NonPoly|local:/Person.cdm.json/Person/hasAttributes/something/entity/projection/source/NonPoly|number|local:/Person.cdm.json/Person|number
