Resolved_Customer/attributeContext/Resolved_Customer/CustomerName
output:/Resolved_Customer.cdm.json/Resolved_Customer/attributeContext/Resolved_Customer/CustomerName/Resolved_Customer/hasAttributes/CustomerName/(ref)
Resolved_Customer/attributeContext/Resolved_Customer/ContactAt
Resolved_Customer/attributeContext/Resolved_Customer/ContactAt/ContactInfo
Resolved_Customer/attributeContext/Resolved_Customer/ContactAt/ContactInfo/EmailInfo
Resolved_Customer/attributeContext/Resolved_Customer/ContactAt/ContactInfo/EmailInfo/Email
Resolved_Customer/attributeContext/Resolved_Customer/ContactAt/ContactInfo/PhoneInfo
Resolved_Customer/attributeContext/Resolved_Customer/ContactAt/ContactInfo/PhoneInfo/Phone
Resolved_Customer/attributeContext/Resolved_Customer/ContactAt/ContactInfo/SocialInfo
Resolved_Customer/attributeContext/Resolved_Customer/ContactAt/ContactInfo/SocialInfo/Social
Resolved_Customer/attributeContext/Resolved_Customer/ContactAt/_generatedAttributeSet
Resolved_Customer/attributeContext/Resolved_Customer/ContactAt/_generatedAttributeSet/_generatedAttributeRound0
Resolved_Customer/attributeContext/Resolved_Customer/ContactAt/_generatedAttributeSet/_generatedAttributeRound0/_foreignKey
output:/Resolved_Customer.cdm.json/Resolved_Customer/attributeContext/Resolved_Customer/ContactAt/_generatedAttributeSet/_generatedAttributeRound0/_foreignKey/Resolved_Customer/hasAttributes/ContactAt/members/ContactID/(ref)
output:/Resolved_Customer.cdm.json/Resolved_Customer/hasAttributes/CustomerName
is.dataFormat.character
is.dataFormat.big
is.dataFormat.array
is.dataFormat.character
is.dataFormat.array
output:/Resolved_Customer.cdm.json/Resolved_Customer/hasAttributes/ContactAt/(ref)
