Resolved_ExtendsTrait/attributeContext/Resolved_ExtendsTrait/TestExtendsTraitAttribute
output:/Resolved_ExtendsTrait.cdm.json/Resolved_ExtendsTrait/attributeContext/Resolved_ExtendsTrait/TestExtendsTraitAttribute/Resolved_ExtendsTrait/hasAttributes/TestExtendsTraitAttribute/(ref)
output:/Resolved_ExtendsTrait.cdm.json/Resolved_ExtendsTrait/hasAttributes/TestExtendsTraitAttribute
is.dataFormat.character
is.dataFormat.big
is.dataFormat.array
does.haveDefault
testTraitDerived
  [Parameter (Name / DefaultValue): testTraitParam1 / TestTrait Param 1 DefaultValue]
  [Argument Value: TestTrait Param 1 DefaultValue]
is.dataFormat.character
is.dataFormat.array
