{
  "jsonSchemaSemanticVersion": "1.4.0",
  "imports": [
    {
      "corpusPath": "/Input/Product.cdm.json",
      "moniker": "resolvedFrom"
    }
  ],
  "definitions": [
    {
      "entityName": "Product_R_n",
      "exhibitsTraits": [
        {
          "traitReference": "has.entitySchemaAbstractionLevel",
          "arguments": [
            {
              "name": "level",
              "value": "resolved"
            }
          ]
        }
      ],
      "attributeContext": {
        "type": "entity",
        "name": "Product_R_n",
        "definition": "resolvedFrom/Product",
        "contents": [
          {
            "type": "entityReferenceExtends",
            "name": "extends",
            "parent": "Product_R_n/attributeContext/Product_R_n",
            "contents": [
              {
                "type": "entity",
                "name": "CdmEntity",
                "parent": "Product_R_n/attributeContext/Product_R_n/extends",
                "definition": "resolvedFrom/CdmEntity"
              }
            ]
          },
          {
            "type": "attributeDefinition",
            "name": "attributesAddedAtThisScope",
            "parent": "Product_R_n/attributeContext/Product_R_n",
            "definition": "resolvedFrom/Product/hasAttributes/attributesAddedAtThisScope",
            "contents": [
              {
                "type": "attributeGroup",
                "name": "attributesAddedAtThisScope",
                "parent": "Product_R_n/attributeContext/Product_R_n/attributesAddedAtThisScope",
                "definition": "resolvedFrom/Product/hasAttributes/attributesAddedAtThisScope",
                "contents": [
                  {
                    "type": "attributeDefinition",
                    "name": "ID",
                    "parent": "Product_R_n/attributeContext/Product_R_n/attributesAddedAtThisScope/attributesAddedAtThisScope",
                    "definition": "resolvedFrom/Product/hasAttributes/attributesAddedAtThisScope/members/ID",
                    "contents": [
                      "Product_R_n/hasAttributes/ID"
                    ]
                  },
                  {
                    "type": "attributeDefinition",
                    "name": "StatusCode",
                    "parent": "Product_R_n/attributeContext/Product_R_n/attributesAddedAtThisScope/attributesAddedAtThisScope",
                    "definition": "resolvedFrom/Product/hasAttributes/attributesAddedAtThisScope/members/StatusCode",
                    "contents": [
                      "Product_R_n/hasAttributes/StatusCode"
                    ]
                  },
                  {
                    "type": "attributeDefinition",
                    "name": "StatusCode_display",
                    "parent": "Product_R_n/attributeContext/Product_R_n/attributesAddedAtThisScope/attributesAddedAtThisScope",
                    "definition": "resolvedFrom/Product/hasAttributes/attributesAddedAtThisScope/members/StatusCode_display",
                    "contents": [
                      "Product_R_n/hasAttributes/StatusCode_display"
                    ]
                  }
                ]
              }
            ]
          }
        ]
      },
      "hasAttributes": [
        {
          "name": "ID",
          "appliedTraits": [
            "is.dataFormat.character",
            "is.dataFormat.big",
            "is.dataFormat.array",
            "is.dataFormat.guid",
            "means.identity.entityId"
          ],
          "attributeContext": "Product_R_n/attributeContext/Product_R_n/attributesAddedAtThisScope/attributesAddedAtThisScope/ID",
          "isPrimaryKey": true,
          "dataFormat": "Guid",
          "sourceName": "ID"
        },
        {
          "name": "StatusCode",
          "appliedTraits": [
            "is.dataFormat.integer"
          ],
          "attributeContext": "Product_R_n/attributeContext/Product_R_n/attributesAddedAtThisScope/attributesAddedAtThisScope/StatusCode",
          "dataFormat": "Int32",
          "sourceName": "StatusCode",
          "defaultValue": [
            {
              "languageTag": "en",
              "displayText": "Active",
              "attributeValue": "1",
              "displayOrder": "0"
            },
            {
              "languageTag": "en",
              "displayText": "Inactive",
              "attributeValue": "2",
              "displayOrder": "1"
            }
          ]
        },
        {
          "name": "StatusCode_display",
          "appliedTraits": [
            {
              "traitReference": "is.addedInSupportOf",
              "arguments": [
                "StatusCode"
              ]
            },
            "is.dataFormat.character",
            "is.dataFormat.array"
          ],
          "attributeContext": "Product_R_n/attributeContext/Product_R_n/attributesAddedAtThisScope/attributesAddedAtThisScope/StatusCode_display",
          "dataFormat": "String"
        }
      ],
      "sourceName": "Product",
      "displayName": "Product",
      "description": "Product information.",
      "version": "1.1",
      "cdmSchemas": [
        "/Product.cdm.json/Product/hasAttributes/attributesAddedAtThisScope"
      ]
    }
  ]
}