Resolved_TestEntStrRef/attributeContext/Resolved_TestEntStrRef/extends
Resolved_TestEntStrRef/attributeContext/Resolved_TestEntStrRef/extends/TestSource
Resolved_TestEntStrRef/attributeContext/Resolved_TestEntStrRef/extends/TestSource/extends
Resolved_TestEntStrRef/attributeContext/Resolved_TestEntStrRef/extends/TestSource/extends/CdmEntity
Resolved_TestEntStrRef/attributeContext/Resolved_TestEntStrRef/extends/TestSource/TestAttribute
output:/Resolved_TestEntStrRef.cdm.json/Resolved_TestEntStrRef/attributeContext/Resolved_TestEntStrRef/extends/TestSource/TestAttribute/Resolved_TestEntStrRef/hasAttributes/TestAttribute/(ref)
output:/Resolved_TestEntStrRef.cdm.json/Resolved_TestEntStrRef/hasAttributes/TestAttribute
is.dataFormat.character
is.dataFormat.big
is.dataFormat.array
is.localized.displayedAs
  [Parameter (Name / DefaultValue): localizedDisplayText / ]
  [Argument Value: en,TestAttribute]
is.dataFormat.character
is.dataFormat.array
