Resolved_NewPerson_referenceOnly_normalized_structured_virtual/attributeContext/Resolved_NewPerson_referenceOnly_normalized_structured_virtual/extends
Resolved_NewPerson_referenceOnly_normalized_structured_virtual/attributeContext/Resolved_NewPerson_referenceOnly_normalized_structured_virtual/extends/CdmEntity
Resolved_NewPerson_referenceOnly_normalized_structured_virtual/attributeContext/Resolved_NewPerson_referenceOnly_normalized_structured_virtual/PersonInfo
output:/Resolved_NewPerson_referenceOnly_normalized_structured_virtual.cdm.json/Resolved_NewPerson_referenceOnly_normalized_structured_virtual/attributeContext/Resolved_NewPerson_referenceOnly_normalized_structured_virtual/PersonInfo/Resolved_NewPerson_referenceOnly_normalized_structured_virtual/hasAttributes/PersonInfo/(ref)
Resolved_NewPerson_referenceOnly_normalized_structured_virtual/attributeContext/Resolved_NewPerson_referenceOnly_normalized_structured_virtual/PersonInfo/_generatedAttributeSet
Resolved_NewPerson_referenceOnly_normalized_structured_virtual/attributeContext/Resolved_NewPerson_referenceOnly_normalized_structured_virtual/PersonInfo/_generatedAttributeSet/_generatedAttributeRound0
Resolved_NewPerson_referenceOnly_normalized_structured_virtual/attributeContext/Resolved_NewPerson_referenceOnly_normalized_structured_virtual/PersonInfo/_generatedAttributeSet/_generatedAttributeRound0/supporting_PersonInfo
output:/Resolved_NewPerson_referenceOnly_normalized_structured_virtual.cdm.json/Resolved_NewPerson_referenceOnly_normalized_structured_virtual/attributeContext/Resolved_NewPerson_referenceOnly_normalized_structured_virtual/PersonInfo/_generatedAttributeSet/_generatedAttributeRound0/supporting_PersonInfo/Resolved_NewPerson_referenceOnly_normalized_structured_virtual/hasAttributes/PersonInfo_display/(ref)
output:/Resolved_NewPerson_referenceOnly_normalized_structured_virtual.cdm.json/Resolved_NewPerson_referenceOnly_normalized_structured_virtual/hasAttributes/PersonInfo
output:/Resolved_NewPerson_referenceOnly_normalized_structured_virtual.cdm.json/Resolved_NewPerson_referenceOnly_normalized_structured_virtual/hasAttributes/PersonInfo_display
is.dataFormat.character
is.dataFormat.big
is.dataFormat.array
means.reference.displayText
is.addedInSupportOf
  [Parameter (Name / DefaultValue): inSupportOf / ]
  [Argument Value: PersonInfo]
is.dataFormat.character
is.dataFormat.array
