Resolved_ThreeMusketeers/attributeContext/Resolved_ThreeMusketeers/extends
Resolved_ThreeMusketeers/attributeContext/Resolved_ThreeMusketeers/extends/CdmEntity
Resolved_ThreeMusketeers/attributeContext/Resolved_ThreeMusketeers/extends/_generatedAttributeSet
Resolved_ThreeMusketeers/attributeContext/Resolved_ThreeMusketeers/extends/_generatedAttributeSet/count
output:/Resolved_ThreeMusketeers.cdm.json/Resolved_ThreeMusketeers/attributeContext/Resolved_ThreeMusketeers/extends/_generatedAttributeSet/count/Resolved_ThreeMusketeers/hasAttributes/count/(ref)
output:/Resolved_ThreeMusketeers.cdm.json/Resolved_ThreeMusketeers/hasAttributes/count
is.dataFormat.integer
is.linkedEntity.array.count
is.dataFormat.integer
