Resolved_Product/attributeContext/Resolved_Product/ProductColor
Resolved_Product/attributeContext/Resolved_Product/ProductColor/projection
Resolved_Product/attributeContext/Resolved_Product/ProductColor/projection/source
Resolved_Product/attributeContext/Resolved_Product/ProductColor/projection/source/Color
Resolved_Product/attributeContext/Resolved_Product/ProductColor/projection/source/Color/ColorName
Resolved_Product/attributeContext/Resolved_Product/ProductColor/projection/source/Color/RGBColor
Resolved_Product/attributeContext/Resolved_Product/ProductColor/projection/source/Color/RGBColor/RGB
Resolved_Product/attributeContext/Resolved_Product/ProductColor/projection/source/Color/RGBColor/RGB/Red
Resolved_Product/attributeContext/Resolved_Product/ProductColor/projection/source/Color/RGBColor/RGB/Green
Resolved_Product/attributeContext/Resolved_Product/ProductColor/projection/source/Color/RGBColor/RGB/Blue
Resolved_Product/attributeContext/Resolved_Product/ProductColor/projection/source/Color/RGBColor/RGB/IsGrayscale
Resolved_Product/attributeContext/Resolved_Product/ProductColor/projection/source/Color/RGBColor/_generatedAttributeSet_template
Resolved_Product/attributeContext/Resolved_Product/ProductColor/projection/source/Color/RGBColor/_generatedAttributeSet_template/_generatedAttributeRound0
Resolved_Product/attributeContext/Resolved_Product/ProductColor/projection/source/Color/RGBColor/_generatedAttributeSet_template/_generatedAttributeRound0/Red
Resolved_Product/attributeContext/Resolved_Product/ProductColor/projection/source/Color/RGBColor/_generatedAttributeSet_template/_generatedAttributeRound0/Green
Resolved_Product/attributeContext/Resolved_Product/ProductColor/projection/source/Color/RGBColor/_generatedAttributeSet_template/_generatedAttributeRound0/Blue
Resolved_Product/attributeContext/Resolved_Product/ProductColor/projection/source/Color/RGBColor/_generatedAttributeSet_template/_generatedAttributeRound0/IsGrayscale
Resolved_Product/attributeContext/Resolved_Product/ProductColor/_generatedAttributeSet
Resolved_Product/attributeContext/Resolved_Product/ProductColor/_generatedAttributeSet/operation/index1/operationIncludeAttributes
Resolved_Product/attributeContext/Resolved_Product/ProductColor/_generatedAttributeSet/operation/index1/operationIncludeAttributes/ColorName
Resolved_Product/attributeContext/Resolved_Product/ProductColor/_generatedAttributeSet/operation/index1/operationIncludeAttributes/RGBColorGreen
Resolved_Product/attributeContext/Resolved_Product/ProductColor/_generatedAttributeSet/operation/index1/operationIncludeAttributes/RGBColorIsGrayscale
Resolved_Product/attributeContext/Resolved_Product/ProductColor/_generatedAttributeSet/operation/index1/operationIncludeAttributes/RGBColorRed
output:/Resolved_Product.cdm.json/Resolved_Product/attributeContext/Resolved_Product/ProductColor/_generatedAttributeSet/operation/index1/operationIncludeAttributes/RGBColorRed/Resolved_Product/hasAttributes/RGBColorRed/(ref)
Resolved_Product/attributeContext/Resolved_Product/ProductColor/_generatedAttributeSet/operation/index1/operationIncludeAttributes/RGBColorBlue
output:/Resolved_Product.cdm.json/Resolved_Product/attributeContext/Resolved_Product/ProductColor/_generatedAttributeSet/operation/index1/operationIncludeAttributes/RGBColorBlue/Resolved_Product/hasAttributes/RGBColorBlue/(ref)
Resolved_Product/attributeContext/Resolved_Product/ProductWeight
output:/Resolved_Product.cdm.json/Resolved_Product/attributeContext/Resolved_Product/ProductWeight/Resolved_Product/hasAttributes/ProductWeight/(ref)
output:/Resolved_Product.cdm.json/Resolved_Product/hasAttributes/RGBColorRed
is.dataFormat.character
is.dataFormat.big
is.dataFormat.array
is.dataFormat.character
is.dataFormat.array
output:/Resolved_Product.cdm.json/Resolved_Product/hasAttributes/RGBColorBlue
is.dataFormat.character
is.dataFormat.big
is.dataFormat.array
is.dataFormat.character
is.dataFormat.array
output:/Resolved_Product.cdm.json/Resolved_Product/hasAttributes/ProductWeight
is.dataFormat.floatingPoint
is.dataFormat.big
means.measurement.dimension.mass
  [Parameter (Name / DefaultValue): dimension / ]
  [Argument Value: mass]
means.measurement.units.si.gram
  [Parameter (Name / DefaultValue): unit / ]
  [Argument Value: gram]
  [Parameter (Name / DefaultValue): dimension / ]
  [Argument Value: mass]
  [Parameter (Name / DefaultValue): symbol / ]
  [Argument Value: g]
has.measurement.fundamentalComponent.kilogram
  [Parameter (Name / DefaultValue): fundamentalUnit / ]
  [Argument Value: kilogram]
  [Parameter (Name / DefaultValue): symbol / ]
  [Argument Value: kg]
  [Parameter (Name / DefaultValue): dimension / ]
  [Argument Value: mass]
  [Parameter (Name / DefaultValue): fundamentalExponent / 1]
  [Argument Value: 1]
  [Parameter (Name / DefaultValue): fundamentalScale / 1]
  [Argument Value: .001]
  [Parameter (Name / DefaultValue): fundamentalOffset / 0]
  [Argument Value: 0]
is.localized.describedAs
  [Parameter (Name / DefaultValue): localizedDisplayText / ]
  [Argument Value: en,Weight in Grams]
is.dataFormat.floatingPoint
is.dataFormat.big
