Resolved_SalesForeignKeyAlways/attributeContext/Resolved_SalesForeignKeyAlways/extends
Resolved_SalesForeignKeyAlways/attributeContext/Resolved_SalesForeignKeyAlways/extends/CdmEntity
Resolved_SalesForeignKeyAlways/attributeContext/Resolved_SalesForeignKeyAlways/SalesForeignKeyAmount
output:/Resolved_SalesForeignKeyAlways.cdm.json/Resolved_SalesForeignKeyAlways/attributeContext/Resolved_SalesForeignKeyAlways/SalesForeignKeyAmount/Resolved_SalesForeignKeyAlways/hasAttributes/SalesForeignKeyAmount/(ref)
Resolved_SalesForeignKeyAlways/attributeContext/Resolved_SalesForeignKeyAlways/SalesForeignKeyProductId
Resolved_SalesForeignKeyAlways/attributeContext/Resolved_SalesForeignKeyAlways/SalesForeignKeyProductId/Product
Resolved_SalesForeignKeyAlways/attributeContext/Resolved_SalesForeignKeyAlways/SalesForeignKeyProductId/Product/extends
Resolved_SalesForeignKeyAlways/attributeContext/Resolved_SalesForeignKeyAlways/SalesForeignKeyProductId/Product/extends/CdmEntity
Resolved_SalesForeignKeyAlways/attributeContext/Resolved_SalesForeignKeyAlways/SalesForeignKeyProductId/Product/ProductId
output:/Resolved_SalesForeignKeyAlways.cdm.json/Resolved_SalesForeignKeyAlways/attributeContext/Resolved_SalesForeignKeyAlways/SalesForeignKeyProductId/Product/ProductId/Resolved_SalesForeignKeyAlways/hasAttributes/SalesForeignKeyProductId/members/ProductId/(ref)
Resolved_SalesForeignKeyAlways/attributeContext/Resolved_SalesForeignKeyAlways/SalesForeignKeyProductId/Product/ProductName
output:/Resolved_SalesForeignKeyAlways.cdm.json/Resolved_SalesForeignKeyAlways/attributeContext/Resolved_SalesForeignKeyAlways/SalesForeignKeyProductId/Product/ProductName/Resolved_SalesForeignKeyAlways/hasAttributes/SalesForeignKeyProductId/members/ProductName/(ref)
Resolved_SalesForeignKeyAlways/attributeContext/Resolved_SalesForeignKeyAlways/SalesForeignKeyProductId/_generatedAttributeSet
Resolved_SalesForeignKeyAlways/attributeContext/Resolved_SalesForeignKeyAlways/SalesForeignKeyProductId/_generatedAttributeSet/_generatedAttributeRound0
Resolved_SalesForeignKeyAlways/attributeContext/Resolved_SalesForeignKeyAlways/SalesForeignKeyProductId/_generatedAttributeSet/_generatedAttributeRound0/_foreignKey
output:/Resolved_SalesForeignKeyAlways.cdm.json/Resolved_SalesForeignKeyAlways/attributeContext/Resolved_SalesForeignKeyAlways/SalesForeignKeyProductId/_generatedAttributeSet/_generatedAttributeRound0/_foreignKey/Resolved_SalesForeignKeyAlways/hasAttributes/SalesForeignKeyProductId/members/FKId/(ref)
output:/Resolved_SalesForeignKeyAlways.cdm.json/Resolved_SalesForeignKeyAlways/hasAttributes/SalesForeignKeyAmount
is.dataFormat.numeric.shaped
is.dataFormat.numeric.shaped
output:/Resolved_SalesForeignKeyAlways.cdm.json/Resolved_SalesForeignKeyAlways/hasAttributes/SalesForeignKeyProductId/(ref)
output:/Resolved_SalesForeignKeyAlways.cdm.json/Resolved_SalesForeignKeyAlways/hasAttributes/SalesForeignKeyProductId
output:/Resolved_SalesForeignKeyAlways.cdm.json/Resolved_SalesForeignKeyAlways/hasAttributes/SalesForeignKeyProductId/members/ProductId
is.dataFormat.integer
is.identifiedBy
  [Parameter (Name / DefaultValue): attribute / this.attribute]
  [Argument Value: ProductId]
is.dataFormat.integer
output:/Resolved_SalesForeignKeyAlways.cdm.json/Resolved_SalesForeignKeyAlways/hasAttributes/SalesForeignKeyProductId/members/ProductName
is.dataFormat.character
is.dataFormat.big
is.dataFormat.array
is.dataFormat.character
is.dataFormat.array
output:/Resolved_SalesForeignKeyAlways.cdm.json/Resolved_SalesForeignKeyAlways/hasAttributes/SalesForeignKeyProductId/members/FKId
is.dataFormat.character
is.dataFormat.big
is.dataFormat.array
is.dataFormat.guid
means.identity.entityId
is.linkedEntity.identifier
is.dataFormat.guid
is.dataFormat.character
is.dataFormat.array
