Resolved_Person/attributeContext/Resolved_Person/extends
Resolved_Person/attributeContext/Resolved_Person/extends/CdmEntity
Resolved_Person/attributeContext/Resolved_Person/FavoriteTerms
Resolved_Person/attributeContext/Resolved_Person/FavoriteTerms/projection
Resolved_Person/attributeContext/Resolved_Person/FavoriteTerms/projection/source
Resolved_Person/attributeContext/Resolved_Person/FavoriteTerms/_generatedAttributeSet
Resolved_Person/attributeContext/Resolved_Person/FavoriteTerms/_generatedAttributeSet/operation/index10/operationAlterTraits
Resolved_Person/attributeContext/Resolved_Person/FavoriteTerms/_generatedAttributeSet/operation/index10/operationAlterTraits/Term key_1_key
output:/Resolved_Person.cdm.json/Resolved_Person/attributeContext/Resolved_Person/FavoriteTerms/_generatedAttributeSet/operation/index10/operationAlterTraits/Term key_1_key/Resolved_Person/hasAttributes/Term key_1_key/(ref)
Resolved_Person/attributeContext/Resolved_Person/FavoriteTerms/_generatedAttributeSet/operation/index10/operationAlterTraits/Term key_2_key
output:/Resolved_Person.cdm.json/Resolved_Person/attributeContext/Resolved_Person/FavoriteTerms/_generatedAttributeSet/operation/index10/operationAlterTraits/Term key_2_key/Resolved_Person/hasAttributes/Term key_2_key/(ref)
Resolved_Person/attributeContext/Resolved_Person/FavoriteTerms/_generatedAttributeSet/operation/index9/operationAlterTraits
Resolved_Person/attributeContext/Resolved_Person/FavoriteTerms/_generatedAttributeSet/operation/index9/operationAlterTraits/FavoriteTerms_1_value
output:/Resolved_Person.cdm.json/Resolved_Person/attributeContext/Resolved_Person/FavoriteTerms/_generatedAttributeSet/operation/index9/operationAlterTraits/FavoriteTerms_1_value/Resolved_Person/hasAttributes/FavoriteTerms_1_value/(ref)
Resolved_Person/attributeContext/Resolved_Person/FavoriteTerms/_generatedAttributeSet/operation/index9/operationAlterTraits/FavoriteTerms_2_value
output:/Resolved_Person.cdm.json/Resolved_Person/attributeContext/Resolved_Person/FavoriteTerms/_generatedAttributeSet/operation/index9/operationAlterTraits/FavoriteTerms_2_value/Resolved_Person/hasAttributes/FavoriteTerms_2_value/(ref)
Resolved_Person/attributeContext/Resolved_Person/FavoriteTerms/_generatedAttributeSet/operation/index12/operationAlterTraits
Resolved_Person/attributeContext/Resolved_Person/FavoriteTerms/_generatedAttributeSet/operation/index12/operationAlterTraits/number of favorite terms
output:/Resolved_Person.cdm.json/Resolved_Person/attributeContext/Resolved_Person/FavoriteTerms/_generatedAttributeSet/operation/index12/operationAlterTraits/number of favorite terms/Resolved_Person/hasAttributes/number of favorite terms/(ref)
output:/Resolved_Person.cdm.json/Resolved_Person/hasAttributes/Term key_1_key
is.dataFormat.character
is.dataFormat.big
is.dataFormat.array
indicates.expansionInfo.mapKey
  [Parameter (Name / DefaultValue): expansionName / ]
  [Argument Value: FavoriteTerms]
  [Parameter (Name / DefaultValue): ordinal / ]
  [Argument Value: 1]
is.dataFormat.character
is.dataFormat.array
output:/Resolved_Person.cdm.json/Resolved_Person/hasAttributes/FavoriteTerms_1_value
is.dataFormat.character
is.dataFormat.big
is.dataFormat.array
is.localized.describedAs
  [Parameter (Name / DefaultValue): localizedDisplayText / ]
  [Argument Value: en,I can construct a list on a Type Attribute.]
has.expansionInfo.mapValue
  [Parameter (Name / DefaultValue): expansionName / ]
  [Argument Value: FavoriteTerms]
  [Parameter (Name / DefaultValue): ordinal / ]
  [Argument Value: 1]
is.dataFormat.character
is.dataFormat.array
output:/Resolved_Person.cdm.json/Resolved_Person/hasAttributes/Term key_2_key
is.dataFormat.character
is.dataFormat.big
is.dataFormat.array
indicates.expansionInfo.mapKey
  [Parameter (Name / DefaultValue): expansionName / ]
  [Argument Value: FavoriteTerms]
  [Parameter (Name / DefaultValue): ordinal / ]
  [Argument Value: 2]
is.dataFormat.character
is.dataFormat.array
output:/Resolved_Person.cdm.json/Resolved_Person/hasAttributes/FavoriteTerms_2_value
is.dataFormat.character
is.dataFormat.big
is.dataFormat.array
is.localized.describedAs
  [Parameter (Name / DefaultValue): localizedDisplayText / ]
  [Argument Value: en,I can construct a list on a Type Attribute.]
has.expansionInfo.mapValue
  [Parameter (Name / DefaultValue): expansionName / ]
  [Argument Value: FavoriteTerms]
  [Parameter (Name / DefaultValue): ordinal / ]
  [Argument Value: 2]
is.dataFormat.character
is.dataFormat.array
output:/Resolved_Person.cdm.json/Resolved_Person/hasAttributes/number of favorite terms
is.dataFormat.integer
indicates.expansionInfo.count
  [Parameter (Name / DefaultValue): expansionName / ]
  [Argument Value: FavoriteTerms]
is.dataFormat.integer
