{
  "defaultNamespace": "localInput",
  "adapters": [
    {
      "type": "local",
      "config": {
        "root": "../../../../../../schemaDocuments"
      },
      "namespace": "cdm"
    },
    {
      "type": "local",
      "config": {
        "root": "../../../TestData\\Cdm\\ResolutionGuidance\\TestByPrimaryKey\\Input"
      },
      "namespace": "localInput"
    },
    {
      "type": "local",
      "config": {
        "root": "../../../TestData\\Cdm\\ResolutionGuidance\\TestByPrimaryKey\\ExpectedOutput"
      },
      "namespace": "localExpectedOutput"
    },
    {
      "type": "local",
      "config": {
        "root": "../../../TestData\\Cdm\\ResolutionGuidance\\TestByPrimaryKey\\ActualOutput"
      },
      "namespace": "localActualOutput"
    }
  ]
}