{
  "defaultNamespace": "local",
  "adapters": [
    {
      "type": "local",
      "config": {
        "root": "../../../TestData\\Samples\\TestSearchPartitionPattern\\ActualOutput"
      },
      "namespace": "local"
    },
    {
      "type": "local",
      "config": {
        "root": "../../../../../../samples/example-public-standards"
      },
      "namespace": "cdm"
    }
  ]
}