Resolved_NewPerson/attributeContext/Resolved_NewPerson/extends
Resolved_NewPerson/attributeContext/Resolved_NewPerson/extends/CdmEntity
Resolved_NewPerson/attributeContext/Resolved_NewPerson/PersonInfo
Resolved_NewPerson/attributeContext/Resolved_NewPerson/PersonInfo/projection
Resolved_NewPerson/attributeContext/Resolved_NewPerson/PersonInfo/projection/source
Resolved_NewPerson/attributeContext/Resolved_NewPerson/PersonInfo/projection/source/projection
Resolved_NewPerson/attributeContext/Resolved_NewPerson/PersonInfo/projection/source/projection/source
Resolved_NewPerson/attributeContext/Resolved_NewPerson/PersonInfo/projection/source/projection/source/Person
Resolved_NewPerson/attributeContext/Resolved_NewPerson/PersonInfo/projection/source/projection/source/Person/name
Resolved_NewPerson/attributeContext/Resolved_NewPerson/PersonInfo/projection/source/projection/source/Person/age
Resolved_NewPerson/attributeContext/Resolved_NewPerson/PersonInfo/projection/source/projection/source/Person/address
Resolved_NewPerson/attributeContext/Resolved_NewPerson/PersonInfo/projection/source/projection/source/Person/phoneNumber
Resolved_NewPerson/attributeContext/Resolved_NewPerson/PersonInfo/projection/source/projection/source/Person/email
Resolved_NewPerson/attributeContext/Resolved_NewPerson/PersonInfo/projection/source/_generatedAttributeSet
Resolved_NewPerson/attributeContext/Resolved_NewPerson/PersonInfo/projection/source/_generatedAttributeSet/operation/index1/operationExcludeAttributes
Resolved_NewPerson/attributeContext/Resolved_NewPerson/PersonInfo/projection/source/_generatedAttributeSet/operation/index1/operationExcludeAttributes/name
Resolved_NewPerson/attributeContext/Resolved_NewPerson/PersonInfo/projection/source/_generatedAttributeSet/operation/index1/operationExcludeAttributes/age
Resolved_NewPerson/attributeContext/Resolved_NewPerson/PersonInfo/projection/source/_generatedAttributeSet/operation/index1/operationExcludeAttributes/address
Resolved_NewPerson/attributeContext/Resolved_NewPerson/PersonInfo/projection/source/_generatedAttributeSet/operation/index1/operationExcludeAttributes/phoneNumber
Resolved_NewPerson/attributeContext/Resolved_NewPerson/PersonInfo/projection/source/_generatedAttributeSet/operation/index1/operationExcludeAttributes/email
Resolved_NewPerson/attributeContext/Resolved_NewPerson/PersonInfo/_generatedAttributeSet
Resolved_NewPerson/attributeContext/Resolved_NewPerson/PersonInfo/_generatedAttributeSet/operation/index1/operationAddAttributeGroup
Resolved_NewPerson/attributeContext/Resolved_NewPerson/PersonInfo/_generatedAttributeSet/operation/index1/operationAddAttributeGroup/PersonAttributeGroup
Resolved_NewPerson/attributeContext/Resolved_NewPerson/PersonInfo/_generatedAttributeSet/operation/index1/operationAddAttributeGroup/PersonAttributeGroup/name
output:/Resolved_NewPerson.cdm.json/Resolved_NewPerson/attributeContext/Resolved_NewPerson/PersonInfo/_generatedAttributeSet/operation/index1/operationAddAttributeGroup/PersonAttributeGroup/name/Resolved_NewPerson/hasAttributes/PersonAttributeGroup/members/name/(ref)
Resolved_NewPerson/attributeContext/Resolved_NewPerson/PersonInfo/_generatedAttributeSet/operation/index1/operationAddAttributeGroup/PersonAttributeGroup/address
output:/Resolved_NewPerson.cdm.json/Resolved_NewPerson/attributeContext/Resolved_NewPerson/PersonInfo/_generatedAttributeSet/operation/index1/operationAddAttributeGroup/PersonAttributeGroup/address/Resolved_NewPerson/hasAttributes/PersonAttributeGroup/members/address/(ref)
Resolved_NewPerson/attributeContext/Resolved_NewPerson/PersonInfo/_generatedAttributeSet/operation/index1/operationAddAttributeGroup/PersonAttributeGroup/email
output:/Resolved_NewPerson.cdm.json/Resolved_NewPerson/attributeContext/Resolved_NewPerson/PersonInfo/_generatedAttributeSet/operation/index1/operationAddAttributeGroup/PersonAttributeGroup/email/Resolved_NewPerson/hasAttributes/PersonAttributeGroup/members/email/(ref)
output:/Resolved_NewPerson.cdm.json/Resolved_NewPerson/hasAttributes/PersonAttributeGroup/(ref)
output:/Resolved_NewPerson.cdm.json/Resolved_NewPerson/hasAttributes/PersonAttributeGroup
output:/Resolved_NewPerson.cdm.json/Resolved_NewPerson/hasAttributes/PersonAttributeGroup/members/name
is.dataFormat.character
is.dataFormat.big
is.dataFormat.array
is.dataFormat.character
is.dataFormat.array
output:/Resolved_NewPerson.cdm.json/Resolved_NewPerson/hasAttributes/PersonAttributeGroup/members/address
is.dataFormat.character
is.dataFormat.big
is.dataFormat.array
is.dataFormat.character
is.dataFormat.array
output:/Resolved_NewPerson.cdm.json/Resolved_NewPerson/hasAttributes/PersonAttributeGroup/members/email
is.dataFormat.character
is.dataFormat.big
is.dataFormat.array
is.dataFormat.character
is.dataFormat.array
