Resolved_NewPerson/attributeContext/Resolved_NewPerson/extends
Resolved_NewPerson/attributeContext/Resolved_NewPerson/extends/CdmEntity
Resolved_NewPerson/attributeContext/Resolved_NewPerson/PersonInfo
Resolved_NewPerson/attributeContext/Resolved_NewPerson/PersonInfo/projection
Resolved_NewPerson/attributeContext/Resolved_NewPerson/PersonInfo/projection/source
Resolved_NewPerson/attributeContext/Resolved_NewPerson/PersonInfo/projection/source/projection
Resolved_NewPerson/attributeContext/Resolved_NewPerson/PersonInfo/projection/source/projection/source
Resolved_NewPerson/attributeContext/Resolved_NewPerson/PersonInfo/projection/source/_generatedAttributeSet
Resolved_NewPerson/attributeContext/Resolved_NewPerson/PersonInfo/projection/source/_generatedAttributeSet/operation/index1/operationRenameAttributes
Resolved_NewPerson/attributeContext/Resolved_NewPerson/PersonInfo/projection/source/_generatedAttributeSet/operation/index1/operationRenameAttributes/PersonInfo
Resolved_NewPerson/attributeContext/Resolved_NewPerson/PersonInfo/projection/source/_generatedAttributeSet/operation/index1/operationRenameAttributes/PersonInfo/name
output:/Resolved_NewPerson.cdm.json/Resolved_NewPerson/attributeContext/Resolved_NewPerson/PersonInfo/projection/source/_generatedAttributeSet/operation/index1/operationRenameAttributes/PersonInfo/name/Resolved_NewPerson/hasAttributes/name/(ref)
Resolved_NewPerson/attributeContext/Resolved_NewPerson/PersonInfo/_generatedAttributeSet
Resolved_NewPerson/attributeContext/Resolved_NewPerson/PersonInfo/_generatedAttributeSet/operation/index1/operationAddSupportingAttribute
Resolved_NewPerson/attributeContext/Resolved_NewPerson/PersonInfo/_generatedAttributeSet/operation/index1/operationAddSupportingAttribute/name_display
output:/Resolved_NewPerson.cdm.json/Resolved_NewPerson/attributeContext/Resolved_NewPerson/PersonInfo/_generatedAttributeSet/operation/index1/operationAddSupportingAttribute/name_display/Resolved_NewPerson/hasAttributes/name_display/(ref)
output:/Resolved_NewPerson.cdm.json/Resolved_NewPerson/hasAttributes/name
is.dataFormat.character
is.dataFormat.big
is.dataFormat.array
is.dataFormat.character
is.dataFormat.array
output:/Resolved_NewPerson.cdm.json/Resolved_NewPerson/hasAttributes/name_display
is.dataFormat.character
is.dataFormat.big
is.dataFormat.array
means.reference.displayText
is.addedInSupportOf
  [Parameter (Name / DefaultValue): inSupportOf / ]
  [Argument Value: name]
is.virtual.attribute
is.dataFormat.character
is.dataFormat.array
